Archive member included to satisfy reference by file (symbol)

C:/devkitPro/libnx/lib\libnx.a(applet.o)
                              main.o (appletMainLoop)
C:/devkitPro/libnx/lib\libnx.a(hosversion.o)
                              C:/devkitPro/libnx/lib\libnx.a(applet.o) (hosversionGet)
C:/devkitPro/libnx/lib\libnx.a(env.o)
                              C:/devkitPro/libnx/lib\libnx.a(applet.o) (envIsNso)
C:/devkitPro/libnx/lib\libnx.a(pad.o)
                              main.o (padConfigureInput)
C:/devkitPro/libnx/lib\libnx.a(diag.o)
                              C:/devkitPro/libnx/lib\libnx.a(applet.o) (diagAbortWithResult)
C:/devkitPro/libnx/lib\libnx.a(console.o)
                              main.o (consoleGetDefault)
C:/devkitPro/libnx/lib\libnx.a(console_sw.o)
                              C:/devkitPro/libnx/lib\libnx.a(console.o) (getDefaultConsoleRenderer)
C:/devkitPro/libnx/lib\libnx.a(fs_dev.o)
                              main.o (fsdevMountSdmc)
C:/devkitPro/libnx/lib\libnx.a(decode_utf8.o)
                              C:/devkitPro/libnx/lib\libnx.a(fs_dev.o) (decode_utf8)
C:/devkitPro/libnx/lib\libnx.a(svc.o)
                              C:/devkitPro/libnx/lib\libnx.a(applet.o) (svcExitProcess)
C:/devkitPro/libnx/lib\libnx.a(readtp.o)
                              C:/devkitPro/libnx/lib\libnx.a(fs_dev.o) (__aarch64_read_tp)
C:/devkitPro/libnx/lib\libnx.a(switch_crt0.o)
                              (_start)
C:/devkitPro/libnx/lib\libnx.a(default_font.bin.o)
                              C:/devkitPro/libnx/lib\libnx.a(console.o) (default_font_bin)
C:/devkitPro/libnx/lib\libnx.a(wait.o)
                              C:/devkitPro/libnx/lib\libnx.a(applet.o) (waitObjects)
C:/devkitPro/libnx/lib\libnx.a(tmem.o)
                              C:/devkitPro/libnx/lib\libnx.a(applet.o) (tmemCreate)
C:/devkitPro/libnx/lib\libnx.a(mutex.o)
                              C:/devkitPro/libnx/lib\libnx.a(applet.o) (mutexLock)
C:/devkitPro/libnx/lib\libnx.a(virtmem.o)
                              C:/devkitPro/libnx/lib\libnx.a(tmem.o) (virtmemLock)
C:/devkitPro/libnx/lib\libnx.a(event.o)
                              C:/devkitPro/libnx/lib\libnx.a(applet.o) (eventLoadRemote)
C:/devkitPro/libnx/lib\libnx.a(random.o)
                              C:/devkitPro/libnx/lib\libnx.a(virtmem.o) (randomGet64)
C:/devkitPro/libnx/lib\libnx.a(apm.o)
                              C:/devkitPro/libnx/lib\libnx.a(applet.o) (apmInitialize)
C:/devkitPro/libnx/lib\libnx.a(fs.o)
                              C:/devkitPro/libnx/lib\libnx.a(fs_dev.o) (fsOpenSdCardFileSystem)
C:/devkitPro/libnx/lib\libnx.a(sm.o)
                              C:/devkitPro/libnx/lib\libnx.a(env.o) (smAddOverrideHandle)
C:/devkitPro/libnx/lib\libnx.a(time.o)
                              C:/devkitPro/libnx/lib\libnx.a(fs_dev.o) (timeToPosixTimeWithMyRule)
C:/devkitPro/libnx/lib\libnx.a(hid.o)
                              C:/devkitPro/libnx/lib\libnx.a(pad.o) (hidGetNpadStyleSet)
C:/devkitPro/libnx/lib\libnx.a(framebuffer.o)
                              C:/devkitPro/libnx/lib\libnx.a(console_sw.o) (framebufferMakeLinear)
C:/devkitPro/libnx/lib\libnx.a(default_window.o)
                              C:/devkitPro/libnx/lib\libnx.a(console_sw.o) (nwindowGetDefault)
C:/devkitPro/libnx/lib\libnx.a(native_window.o)
                              C:/devkitPro/libnx/lib\libnx.a(framebuffer.o) (nwindowIsValid)
C:/devkitPro/libnx/lib\libnx.a(dynamic.o)
                              C:/devkitPro/libnx/lib\libnx.a(switch_crt0.o) (__nx_dynamic)
C:/devkitPro/libnx/lib\libnx.a(init.o)
                              C:/devkitPro/libnx/lib\libnx.a(switch_crt0.o) (__libnx_init)
C:/devkitPro/libnx/lib\libnx.a(alloc.o)
                              C:/devkitPro/libnx/lib\libnx.a(fs_dev.o) (__libnx_alloc)
C:/devkitPro/libnx/lib\libnx.a(newlib.o)
                              C:/devkitPro/libnx/lib\libnx.a(init.o) (__libnx_init_time)
C:/devkitPro/libnx/lib\libnx.a(argv.o)
                              C:/devkitPro/libnx/lib\libnx.a(init.o) (argvSetup)
C:/devkitPro/libnx/lib\libnx.a(path_buf.o)
                              C:/devkitPro/libnx/lib\libnx.a(fs_dev.o) (__nx_dev_path_buf)
C:/devkitPro/libnx/lib\libnx.a(cache.o)
                              C:/devkitPro/libnx/lib\libnx.a(framebuffer.o) (armDCacheFlush)
C:/devkitPro/libnx/lib\libnx.a(exception.o)
                              C:/devkitPro/libnx/lib\libnx.a(switch_crt0.o) (__libnx_exception_entry)
C:/devkitPro/libnx/lib\libnx.a(shmem.o)
                              C:/devkitPro/libnx/lib\libnx.a(time.o) (shmemLoadRemote)
C:/devkitPro/libnx/lib\libnx.a(condvar.o)
                              C:/devkitPro/libnx/lib\libnx.a(newlib.o) (condvarWaitTimeout)
C:/devkitPro/libnx/lib\libnx.a(thread.o)
                              C:/devkitPro/libnx/lib\libnx.a(init.o) (__libnx_init_thread)
C:/devkitPro/libnx/lib\libnx.a(sessionmgr.o)
[...]
Memory Configuration

Name             Origin             Length             Attributes
*default*        0x0000000000000000 0xffffffffffffffff

Linker script and memory map

                0x0000000000000000                PROVIDE (__start__ = 0x0)
                0x0000000000000000                . = __start__
                [!provide]                        PROVIDE (__code_start = .)

.text           0x0000000000000000    0x30348
 *(.crt0)
 .crt0          0x0000000000000000      0x130 C:/devkitPro/libnx/lib\libnx.a(switch_crt0.o)
                0x0000000000000000                _start
                0x00000000000000e0                __nx_exit
                0x00000000000000f0                __nx_mod0
 *(.text.unlikely .text.*_unlikely .text.unlikely.*)
 *(.text.exit .text.exit.*)
 *fill*         0x0000000000000130       0x10 
 .text.exit     0x0000000000000140       0x34 C:/devkitPro/devkitA64/bin/../lib/gcc/aarch64-none-elf/15.1.0/../../../../aarch64-none-elf/lib/pic\libg.a(libc_a-exit.o)
                0x0000000000000140                exit
 *(.text.startup .text.startup.*)
 *fill*         0x0000000000000174        0xc 
 .text.startup.main
                0x0000000000000180     0x2bbc main.o
                0x0000000000000180                main
 *(.text.hot .text.hot.*)
 *(.text .stub .text.* .gnu.linkonce.t.*)
 *fill*         0x0000000000002d3c        0x4 
 .text.__do_global_dtors_aux
                0x0000000000002d40       0x50 C:/devkitPro/devkitA64/bin/../lib/gcc/aarch64-none-elf/15.1.0/pic/crtbegin.o
 *fill*         0x0000000000002d90       0x10 
 .text.frame_dummy
                0x0000000000002da0       0x24 C:/devkitPro/devkitA64/bin/../lib/gcc/aarch64-none-elf/15.1.0/pic/crtbegin.o
 *fill*         0x0000000000002dc4        0xc 
 .text.logLine  0x0000000000002dd0       0xf0 main.o
 .text._appletInfiniteSleepLoop
                0x0000000000002ec0       0x18 C:/devkitPro/libnx/lib\libnx.a(applet.o)
 *fill*         0x0000000000002ed8        0x8 
 .text._appletCmdGetSession
                0x0000000000002ee0      0x108 C:/devkitPro/libnx/lib\libnx.a(applet.o)
 *fill*         0x0000000000002fe8        0x8 
 .text._appletCmdInU8NoOut
                0x0000000000002ff0       0xcc C:/devkitPro/libnx/lib\libnx.a(applet.o)
 *fill*         0x00000000000030bc        0x4 
 .text._appletCmdInU32NoOut
                0x00000000000030c0       0xcc C:/devkitPro/libnx/lib\libnx.a(applet.o)
 *fill*         0x000000000000318c        0x4 
 .text._appletGetSessionProxy.constprop.0
                0x0000000000003190      0x12c C:/devkitPro/libnx/lib\libnx.a(applet.o)
 *fill*         0x00000000000032bc        0x4 
 .text._appletOpenLibraryAppletProxy.constprop.0
                0x00000000000032c0      0x148 C:/devkitPro/libnx/lib\libnx.a(applet.o)
 *fill*         0x0000000000003408        0x8 
 .text._appletCmdGetEvent
                0x0000000000003410       0xf8 C:/devkitPro/libnx/lib\libnx.a(applet.o)
 *fill*         0x0000000000003508        0x8 
 .text._appletCmdNoInOutU8.isra.0
                0x0000000000003510       0xd4 C:/devkitPro/libnx/lib\libnx.a(applet.o)
 *fill*         0x00000000000035e4        0xc 
 .text._appletCmdNoInOutU32.isra.0
                0x00000000000035f0       0xd4 C:/devkitPro/libnx/lib\libnx.a(applet.o)
 *fill*         0x00000000000036c4        0xc 
 .text._appletCmdNoInOutU64.isra.0
                0x00000000000036d0       0xd4 C:/devkitPro/libnx/lib\libnx.a(applet.o)
 *fill*         0x00000000000037a4        0xc 
 .text._appletCmdNoIO.isra.0
                0x00000000000037b0       0xc0 C:/devkitPro/libnx/lib\libnx.a(applet.o)
 .text.appletGetAppletType
                0x0000000000003870       0x10 C:/devkitPro/libnx/lib\libnx.a(applet.o)
                0x0000000000003870                appletGetAppletType
 .text.appletSetFocusHandlingMode
                0x0000000000003880      0x1b8 C:/devkitPro/libnx/lib\libnx.a(applet.o)
                0x0000000000003880                appletSetFocusHandlingMode
 *fill*         0x0000000000003a38        0x8 
 .text.appletSetCpuBoostMode
                0x0000000000003a40       0x5c C:/devkitPro/libnx/lib\libnx.a(applet.o)
                0x0000000000003a40                appletSetCpuBoostMode
 *fill*         0x0000000000003a9c        0x4 
 .text.appletCreateManagedDisplayLayer
                0x0000000000003aa0       0x2c C:/devkitPro/libnx/lib\libnx.a(applet.o)
                0x0000000000003aa0                appletCreateManagedDisplayLayer
 *fill*         0x0000000000003acc        0x4 
 .text.appletGetAppletResourceUserId
                0x0000000000003ad0        0xc C:/devkitPro/libnx/lib\libnx.a(applet.o)
                0x0000000000003ad0                appletGetAppletResourceUserId
 *fill*         0x0000000000003adc        0x4 
 .text._appletHolderCreateState
                0x0000000000003ae0      0x138 C:/devkitPro/libnx/lib\libnx.a(applet.o)
 *fill*         0x0000000000003c18        0x8 
 .text.appletHolderClose
                0x0000000000003c20       0xb0 C:/devkitPro/libnx/lib\libnx.a(applet.o)
                0x0000000000003c20                appletHolderClose
 .text.appletHolderGetLibraryAppletInfo
                0x0000000000003cd0       0x24 C:/devkitPro/libnx/lib\libnx.a(applet.o)
                0x0000000000003cd0                appletHolderGetLibraryAppletInfo
 *fill*         0x0000000000003cf4        0xc 
 .text.appletNotifyRunning
                0x0000000000003d00       0x90 C:/devkitPro/libnx/lib\libnx.a(applet.o)
                0x0000000000003d00                appletNotifyRunning
 .text.appletSetGamePlayRecordingState
                0x0000000000003d90       0x78 C:/devkitPro/libnx/lib\libnx.a(applet.o)
                0x0000000000003d90                appletSetGamePlayRecordingState
 *fill*         0x0000000000003e08        0x8 
 .text._appletCleanup
                0x0000000000003e10      0xad4 C:/devkitPro/libnx/lib\libnx.a(applet.o)
 *fill*         0x00000000000048e4        0xc 
 .text.appletExit
                0x00000000000048f0       0x48 C:/devkitPro/libnx/lib\libnx.a(applet.o)
                0x00000000000048f0                appletExit
 *fill*         0x0000000000004938        0x8 
 .text.appletGetLibraryAppletInfo
                0x0000000000004940       0x40 C:/devkitPro/libnx/lib\libnx.a(applet.o)
                0x0000000000004940                appletGetLibraryAppletInfo
 .text.appletInitialize
                0x0000000000004980      0xc14 C:/devkitPro/libnx/lib\libnx.a(applet.o)
                0x0000000000004980                appletInitialize
 *fill*         0x0000000000005594        0xc 
 .text._appletExitProcess
                0x00000000000055a0       0x24 C:/devkitPro/libnx/lib\libnx.a(applet.o)
 *fill*         0x00000000000055c4        0xc 
 .text.appletGetMessage
                0x00000000000055d0       0x74 C:/devkitPro/libnx/lib\libnx.a(applet.o)
                0x00000000000055d0                appletGetMessage
 *fill*         0x0000000000005644        0xc 
 .text.appletProcessMessage
                0x0000000000005650      0x264 C:/devkitPro/libnx/lib\libnx.a(applet.o)
                0x0000000000005650                appletProcessMessage
 *fill*         0x00000000000058b4        0xc 
 .text.appletMainLoop
                0x00000000000058c0       0x34 C:/devkitPro/libnx/lib\libnx.a(applet.o)
                0x00000000000058c0                appletMainLoop
 *fill*         0x00000000000058f4        0xc 
 .text.hosversionGet
                0x0000000000005900       0x14 C:/devkitPro/libnx/lib\libnx.a(hosversion.o)
                0x0000000000005900                hosversionGet
 *fill*         0x0000000000005914        0xc 
 .text.hosversionSet
                0x0000000000005920       0x10 C:/devkitPro/libnx/lib\libnx.a(hosversion.o)
                0x0000000000005920                hosversionSet
 .text.envSetup
                0x0000000000005930      0x208 C:/devkitPro/libnx/lib\libnx.a(env.o)
                0x0000000000005930                envSetup
 *fill*         0x0000000000005b38        0x8 
 .text.envGetMainThreadHandle
                0x0000000000005b40       0x20 C:/devkitPro/libnx/lib\libnx.a(env.o)
                0x0000000000005b40                envGetMainThreadHandle
 .text.envIsNso
                0x0000000000005b60        0xc C:/devkitPro/libnx/lib\libnx.a(env.o)
                0x0000000000005b60                envIsNso
 *fill*         0x0000000000005b6c        0x4 
 .text.envHasHeapOverride
                0x0000000000005b70       0x14 C:/devkitPro/libnx/lib\libnx.a(env.o)
                0x0000000000005b70                envHasHeapOverride
 *fill*         0x0000000000005b84        0xc 
 .text.envGetHeapOverrideAddr
                0x0000000000005b90        0xc C:/devkitPro/libnx/lib\libnx.a(env.o)
                0x0000000000005b90                envGetHeapOverrideAddr
 *fill*         0x0000000000005b9c        0x4 
 .text.envGetHeapOverrideSize
                0x0000000000005ba0        0xc C:/devkitPro/libnx/lib\libnx.a(env.o)
                0x0000000000005ba0                envGetHeapOverrideSize
 *fill*         0x0000000000005bac        0x4 
 .text.envHasArgv
                0x0000000000005bb0       0x14 C:/devkitPro/libnx/lib\libnx.a(env.o)
                0x0000000000005bb0                envHasArgv
 *fill*         0x0000000000005bc4        0xc 
 .text.envGetArgv
                0x0000000000005bd0        0xc C:/devkitPro/libnx/lib\libnx.a(env.o)
                0x0000000000005bd0                envGetArgv
 *fill*         0x0000000000005bdc        0x4 
 .text.envGetExitFuncPtr
                0x0000000000005be0        0xc C:/devkitPro/libnx/lib\libnx.a(env.o)
                0x0000000000005be0                envGetExitFuncPtr
 *fill*         0x0000000000005bec        0x4 
 .text.envSetExitFuncPtr
                0x0000000000005bf0        0xc C:/devkitPro/libnx/lib\libnx.a(env.o)
                0x0000000000005bf0                envSetExitFuncPtr
 *fill*         0x0000000000005bfc        0x4 
 .text.envHasRandomSeed
                0x0000000000005c00        0xc C:/devkitPro/libnx/lib\libnx.a(env.o)
                0x0000000000005c00                envHasRandomSeed
 *fill*         0x0000000000005c0c        0x4 
 .text.envGetRandomSeed
                0x0000000000005c10       0x10 C:/devkitPro/libnx/lib\libnx.a(env.o)
                0x0000000000005c10                envGetRandomSeed
 .text.padConfigureInput
                0x0000000000005c20       0x9c C:/devkitPro/libnx/lib\libnx.a(pad.o)
                0x0000000000005c20                padConfigureInput
 *fill*         0x0000000000005cbc        0x4 
 .text.padInitializeWithMask
                0x0000000000005cc0       0x24 C:/devkitPro/libnx/lib\libnx.a(pad.o)
                0x0000000000005cc0                padInitializeWithMask
 *fill*         0x0000000000005ce4        0xc 
 .text.padUpdate
                0x0000000000005cf0      0x294 C:/devkitPro/libnx/lib\libnx.a(pad.o)
                0x0000000000005cf0                padUpdate
 *fill*         0x0000000000005f84        0xc 
 .text.diagAbortWithResult
                0x0000000000005f90       0x1c C:/devkitPro/libnx/lib\libnx.a(diag.o)
                0x0000000000005f90                diagAbortWithResult
 *fill*         0x0000000000005fac        0x4 
 .text.consoleDrawChar
                0x0000000000005fb0       0x50 C:/devkitPro/libnx/lib\libnx.a(console.o)
 .text.consoleNewRow
                0x0000000000006000       0xb8 C:/devkitPro/libnx/lib\libnx.a(console.o)
 *fill*         0x00000000000060b8        0x8 
 .text.consolePrintChar.part.0
                0x00000000000060c0      0x194 C:/devkitPro/libnx/lib\libnx.a(console.o)
 *fill*         0x0000000000006254        0xc 
 .text.con_write
                0x0000000000006260      0xdf8 C:/devkitPro/libnx/lib\libnx.a(console.o)
 *fill*         0x0000000000007058        0x8 
 .text.consoleGetDefault
                0x0000000000007060        0xc C:/devkitPro/libnx/lib\libnx.a(console.o)
                0x0000000000007060                consoleGetDefault
 *fill*         0x000000000000706c        0x4 
 .text.consoleInit
                0x0000000000007070       0xe4 C:/devkitPro/libnx/lib\libnx.a(console.o)
                0x0000000000007070                consoleInit
 *fill*         0x0000000000007154        0xc 
 .text.consoleExit
                0x0000000000007160       0x44 C:/devkitPro/libnx/lib\libnx.a(console.o)
                0x0000000000007160                consoleExit
 *fill*         0x00000000000071a4        0xc 
 .text.consoleUpdate
                0x00000000000071b0       0x2c C:/devkitPro/libnx/lib\libnx.a(console.o)
                0x00000000000071b0                consoleUpdate
 *fill*         0x00000000000071dc        0x4 
 .text.consoleClear
                0x00000000000071e0        0x4 C:/devkitPro/libnx/lib\libnx.a(console.o)
                0x00000000000071e0                consoleClear
 *fill*         0x00000000000071e4        0xc 
 .text.ConsoleSwRenderer_drawChar
                0x00000000000071f0      0x1bc C:/devkitPro/libnx/lib\libnx.a(console_sw.o)
 *fill*         0x00000000000073ac        0x4 
 .text.ConsoleSwRenderer_init
                0x00000000000073b0       0xe8 C:/devkitPro/libnx/lib\libnx.a(console_sw.o)
 *fill*         0x0000000000007498        0x8 
 .text.ConsoleSwRenderer_flushAndSwap
                0x00000000000074a0       0x78 C:/devkitPro/libnx/lib\libnx.a(console_sw.o)
 *fill*         0x0000000000007518        0x8 
 .text.ConsoleSwRenderer_scrollWindow
                0x0000000000007520       0xec C:/devkitPro/libnx/lib\libnx.a(console_sw.o)
 *fill*         0x000000000000760c        0x4 
 .text.ConsoleSwRenderer_deinit
                0x0000000000007610       0x50 C:/devkitPro/libnx/lib\libnx.a(console_sw.o)
 .text.getDefaultConsoleRenderer
                0x0000000000007660        0xc C:/devkitPro/libnx/lib\libnx.a(console_sw.o)
                0x0000000000007660                getDefaultConsoleRenderer
 *fill*         0x000000000000766c        0x4 
 .text.fsdev_link
                0x0000000000007670       0x10 C:/devkitPro/libnx/lib\libnx.a(fs_dev.o)
 .text.fsdev_dirreset
                0x0000000000007680       0x10 C:/devkitPro/libnx/lib\libnx.a(fs_dev.o)
 .text.fsdev_chmod
                0x0000000000007690       0x10 C:/devkitPro/libnx/lib\libnx.a(fs_dev.o)
 .text.error_cmp
                0x00000000000076a0       0x18 C:/devkitPro/libnx/lib\libnx.a(fs_dev.o)
 *fill*         0x00000000000076b8        0x8 
 .text.fsdev_dirclose
                0x00000000000076c0       0x20 C:/devkitPro/libnx/lib\libnx.a(fs_dev.o)
 .text.fsdev_close
                0x00000000000076e0       0x1c C:/devkitPro/libnx/lib\libnx.a(fs_dev.o)
 *fill*         0x00000000000076fc        0x4 
 .text.fsdev_converttimetoutc
                0x0000000000007700       0x74 C:/devkitPro/libnx/lib\libnx.a(fs_dev.o)
 *fill*         0x0000000000007774        0xc 
 .text.fsdevFindDevice.part.0
                0x0000000000007780       0xd4 C:/devkitPro/libnx/lib\libnx.a(fs_dev.o)
 *fill*         0x0000000000007854        0xc 
 .text.fsdev_fixpath
                0x0000000000007860      0x1cc C:/devkitPro/libnx/lib\libnx.a(fs_dev.o)
 *fill*         0x0000000000007a2c        0x4 
 .text._fsdevUnmountDeviceStruct.part.0
                0x0000000000007a30       0x9c C:/devkitPro/libnx/lib\libnx.a(fs_dev.o)
 *fill*         0x0000000000007acc        0x4 
 .text.fsdev_fchmod
                0x0000000000007ad0       0x10 C:/devkitPro/libnx/lib\libnx.a(fs_dev.o)
 .text.fsdev_diropen
                0x0000000000007ae0      0x100 C:/devkitPro/libnx/lib\libnx.a(fs_dev.o)
 .text.fsdev_statvfs
                0x0000000000007be0       0xf8 C:/devkitPro/libnx/lib\libnx.a(fs_dev.o)
 *fill*         0x0000000000007cd8        0x8 
 .text.fsdev_fsync
                0x0000000000007ce0       0x7c C:/devkitPro/libnx/lib\libnx.a(fs_dev.o)
 *fill*         0x0000000000007d5c        0x4 
 .text.fsdev_fstat
                0x0000000000007d60       0xec C:/devkitPro/libnx/lib\libnx.a(fs_dev.o)
 *fill*         0x0000000000007e4c        0x4 
 .text.fsdev_ftruncate
                0x0000000000007e50       0x94 C:/devkitPro/libnx/lib\libnx.a(fs_dev.o)
 *fill*         0x0000000000007ee4        0xc 
 .text.fsdev_stat
                0x0000000000007ef0      0x1d8 C:/devkitPro/libnx/lib\libnx.a(fs_dev.o)
 *fill*         0x00000000000080c8        0x8 
 .text.fsdev_rename
                0x00000000000080d0      0x14c C:/devkitPro/libnx/lib\libnx.a(fs_dev.o)
 *fill*         0x000000000000821c        0x4 
 .text.fsdev_chdir
                0x0000000000008220      0x13c C:/devkitPro/libnx/lib\libnx.a(fs_dev.o)
 *fill*         0x000000000000835c        0x4 
 .text.fsdev_rmdir
                0x0000000000008360       0xa4 C:/devkitPro/libnx/lib\libnx.a(fs_dev.o)
 *fill*         0x0000000000008404        0xc 
 .text.fsdev_mkdir
                0x0000000000008410       0xa4 C:/devkitPro/libnx/lib\libnx.a(fs_dev.o)
 *fill*         0x00000000000084b4        0xc 
 .text.fsdev_unlink
                0x00000000000084c0       0xa4 C:/devkitPro/libnx/lib\libnx.a(fs_dev.o)
 *fill*         0x0000000000008564        0xc 
 .text.fsdev_write_safe
                0x0000000000008570      0x13c C:/devkitPro/libnx/lib\libnx.a(fs_dev.o)
 *fill*         0x00000000000086ac        0x4 
 .text.fsdev_read_safe
                0x00000000000086b0      0x134 C:/devkitPro/libnx/lib\libnx.a(fs_dev.o)
 *fill*         0x00000000000087e4        0xc 
 .text.fsdev_read
                0x00000000000087f0      0x100 C:/devkitPro/libnx/lib\libnx.a(fs_dev.o)
 .text.fsdev_dirnext
                0x00000000000088f0      0x1d4 C:/devkitPro/libnx/lib\libnx.a(fs_dev.o)
 *fill*         0x0000000000008ac4        0xc 
 .text.fsdev_write
                0x0000000000008ad0      0x124 C:/devkitPro/libnx/lib\libnx.a(fs_dev.o)
 *fill*         0x0000000000008bf4        0xc 
 .text.fsdev_seek
                0x0000000000008c00      0x110 C:/devkitPro/libnx/lib\libnx.a(fs_dev.o)
 .text.fsdev_open
                0x0000000000008d10      0x230 C:/devkitPro/libnx/lib\libnx.a(fs_dev.o)
 .text.fsdevMountDevice
                0x0000000000008f40      0x324 C:/devkitPro/libnx/lib\libnx.a(fs_dev.o)
                0x0000000000008f40                fsdevMountDevice
 *fill*         0x0000000000009264        0xc 
 .text.fsdevMountSdmc
                0x0000000000009270       0x40 C:/devkitPro/libnx/lib\libnx.a(fs_dev.o)
                0x0000000000009270                fsdevMountSdmc
 .text.__libnx_init_cwd
                0x00000000000092b0       0xbc C:/devkitPro/libnx/lib\libnx.a(fs_dev.o)
                0x00000000000092b0                __libnx_init_cwd
 *fill*         0x000000000000936c        0x4 
 .text.fsdevUnmountAll
                0x0000000000009370       0x64 C:/devkitPro/libnx/lib\libnx.a(fs_dev.o)
                0x0000000000009370                fsdevUnmountAll
 *fill*         0x00000000000093d4        0xc 
 .text.decode_utf8
                0x00000000000093e0      0x128 C:/devkitPro/libnx/lib\libnx.a(decode_utf8.o)
                0x00000000000093e0                decode_utf8
 .text.svcSetHeapSize
                0x0000000000009508       0x14 C:/devkitPro/libnx/lib\libnx.a(svc.o)
                0x0000000000009508                svcSetHeapSize
 .text.svcSetMemoryPermission
                0x000000000000951c        0x8 C:/devkitPro/libnx/lib\libnx.a(svc.o)
                0x000000000000951c                svcSetMemoryPermission
 .text.svcSetMemoryAttribute
                0x0000000000009524        0x8 C:/devkitPro/libnx/lib\libnx.a(svc.o)
                0x0000000000009524                svcSetMemoryAttribute
 .text.svcUnmapMemory
                0x000000000000952c        0x8 C:/devkitPro/libnx/lib\libnx.a(svc.o)
                0x000000000000952c                svcUnmapMemory
 .text.svcQueryMemory
                0x0000000000009534       0x14 C:/devkitPro/libnx/lib\libnx.a(svc.o)
                0x0000000000009534                svcQueryMemory
 .text.svcExitProcess
                0x0000000000009548        0x8 C:/devkitPro/libnx/lib\libnx.a(svc.o)
                0x0000000000009548                svcExitProcess
 .text.svcSleepThread
                0x0000000000009550        0x8 C:/devkitPro/libnx/lib\libnx.a(svc.o)
                0x0000000000009550                svcSleepThread
 .text.svcMapSharedMemory
                0x0000000000009558        0x8 C:/devkitPro/libnx/lib\libnx.a(svc.o)
                0x0000000000009558                svcMapSharedMemory
 .text.svcUnmapSharedMemory
                0x0000000000009560        0x8 C:/devkitPro/libnx/lib\libnx.a(svc.o)
                0x0000000000009560                svcUnmapSharedMemory
 .text.svcCreateTransferMemory
                0x0000000000009568       0x14 C:/devkitPro/libnx/lib\libnx.a(svc.o)
                0x0000000000009568                svcCreateTransferMemory
 .text.svcCloseHandle
                0x000000000000957c        0x8 C:/devkitPro/libnx/lib\libnx.a(svc.o)
                0x000000000000957c                svcCloseHandle
 .text.svcResetSignal
                0x0000000000009584        0x8 C:/devkitPro/libnx/lib\libnx.a(svc.o)
                0x0000000000009584                svcResetSignal
 .text.svcWaitSynchronization
                0x000000000000958c       0x14 C:/devkitPro/libnx/lib\libnx.a(svc.o)
                0x000000000000958c                svcWaitSynchronization
 .text.svcArbitrateLock
                0x00000000000095a0        0x8 C:/devkitPro/libnx/lib\libnx.a(svc.o)
                0x00000000000095a0                svcArbitrateLock
 .text.svcArbitrateUnlock
                0x00000000000095a8        0x8 C:/devkitPro/libnx/lib\libnx.a(svc.o)
                0x00000000000095a8                svcArbitrateUnlock
 .text.svcWaitProcessWideKeyAtomic
                0x00000000000095b0        0x8 C:/devkitPro/libnx/lib\libnx.a(svc.o)
                0x00000000000095b0                svcWaitProcessWideKeyAtomic
 .text.svcSignalProcessWideKey
                0x00000000000095b8        0x8 C:/devkitPro/libnx/lib\libnx.a(svc.o)
                0x00000000000095b8                svcSignalProcessWideKey
 .text.svcConnectToNamedPort
                0x00000000000095c0       0x14 C:/devkitPro/libnx/lib\libnx.a(svc.o)
                0x00000000000095c0                svcConnectToNamedPort
 .text.svcSendSyncRequest
                0x00000000000095d4        0x8 C:/devkitPro/libnx/lib\libnx.a(svc.o)
                0x00000000000095d4                svcSendSyncRequest
 .text.svcBreak
                0x00000000000095dc        0x8 C:/devkitPro/libnx/lib\libnx.a(svc.o)
                0x00000000000095dc                svcBreak
 .text.svcReturnFromException
                0x00000000000095e4        0x8 C:/devkitPro/libnx/lib\libnx.a(svc.o)
                0x00000000000095e4                svcReturnFromException
 .text.svcGetInfo
                0x00000000000095ec       0x14 C:/devkitPro/libnx/lib\libnx.a(svc.o)
                0x00000000000095ec                svcGetInfo
 .text.svcUnmapTransferMemory
                0x0000000000009600        0x8 C:/devkitPro/libnx/lib\libnx.a(svc.o)
                0x0000000000009600                svcUnmapTransferMemory
 .text.__aarch64_read_tp
                0x0000000000009608        0xc C:/devkitPro/libnx/lib\libnx.a(readtp.o)
                0x0000000000009608                __aarch64_read_tp
 *fill*         0x0000000000009614        0xc 
 .text.waitObjects
                0x0000000000009620      0x57c C:/devkitPro/libnx/lib\libnx.a(wait.o)
                0x0000000000009620                waitObjects
 *fill*         0x0000000000009b9c        0x4 
 .text.tmemCreate
                0x0000000000009ba0       0xa8 C:/devkitPro/libnx/lib\libnx.a(tmem.o)
                0x0000000000009ba0                tmemCreate
 *fill*         0x0000000000009c48        0x8 
 .text.tmemUnmap
                0x0000000000009c50       0x34 C:/devkitPro/libnx/lib\libnx.a(tmem.o)
                0x0000000000009c50                tmemUnmap
 *fill*         0x0000000000009c84        0xc 
 .text.tmemCloseHandle
                0x0000000000009c90       0x30 C:/devkitPro/libnx/lib\libnx.a(tmem.o)
                0x0000000000009c90                tmemCloseHandle
 .text.tmemWaitForPermission
                0x0000000000009cc0       0x9c C:/devkitPro/libnx/lib\libnx.a(tmem.o)
                0x0000000000009cc0                tmemWaitForPermission
 *fill*         0x0000000000009d5c        0x4 
 .text.tmemClose
                0x0000000000009d60       0x50 C:/devkitPro/libnx/lib\libnx.a(tmem.o)
                0x0000000000009d60                tmemClose
 .text.mutexLock
                0x0000000000009db0       0xc8 C:/devkitPro/libnx/lib\libnx.a(mutex.o)
                0x0000000000009db0                mutexLock
 *fill*         0x0000000000009e78        0x8 
 .text.mutexUnlock
                0x0000000000009e80       0x68 C:/devkitPro/libnx/lib\libnx.a(mutex.o)
                0x0000000000009e80                mutexUnlock
 *fill*         0x0000000000009ee8        0x8 
 .text.mutexIsLockedByCurrentThread
                0x0000000000009ef0       0x1c C:/devkitPro/libnx/lib\libnx.a(mutex.o)
                0x0000000000009ef0                mutexIsLockedByCurrentThread
 *fill*         0x0000000000009f0c        0x4 
 .text.rmutexLock
                0x0000000000009f10       0x58 C:/devkitPro/libnx/lib\libnx.a(mutex.o)
                0x0000000000009f10                rmutexLock
 *fill*         0x0000000000009f68        0x8 
 .text.rmutexUnlock
                0x0000000000009f70       0x1c C:/devkitPro/libnx/lib\libnx.a(mutex.o)
                0x0000000000009f70                rmutexUnlock
 *fill*         0x0000000000009f8c        0x4 
 .text._memregionInitWithInfo
                0x0000000000009f90       0x64 C:/devkitPro/libnx/lib\libnx.a(virtmem.o)
 *fill*         0x0000000000009ff4        0xc 
 .text.__libnx_virtmem_rng
                0x000000000000a000        0x4 C:/devkitPro/libnx/lib\libnx.a(virtmem.o)
                0x000000000000a000                __libnx_virtmem_rng
 *fill*         0x000000000000a004        0xc 
 .text._memregionFindRandom
                0x000000000000a010      0x164 C:/devkitPro/libnx/lib\libnx.a(virtmem.o)
 *fill*         0x000000000000a174        0xc 
 .text.virtmemSetup
                0x000000000000a180      0x140 C:/devkitPro/libnx/lib\libnx.a(virtmem.o)
                0x000000000000a180                virtmemSetup
 .text.virtmemLock
                0x000000000000a2c0        0xc C:/devkitPro/libnx/lib\libnx.a(virtmem.o)
                0x000000000000a2c0                virtmemLock
 *fill*         0x000000000000a2cc        0x4 
 .text.virtmemUnlock
                0x000000000000a2d0        0xc C:/devkitPro/libnx/lib\libnx.a(virtmem.o)
                0x000000000000a2d0                virtmemUnlock
 *fill*         0x000000000000a2dc        0x4 
 .text.virtmemFindAslr
                0x000000000000a2e0       0x50 C:/devkitPro/libnx/lib\libnx.a(virtmem.o)
                0x000000000000a2e0                virtmemFindAslr
 .text.eventLoadRemote
                0x000000000000a330        0xc C:/devkitPro/libnx/lib\libnx.a(event.o)
                0x000000000000a330                eventLoadRemote
 *fill*         0x000000000000a33c        0x4 
 .text.eventWait
                0x000000000000a340       0x34 C:/devkitPro/libnx/lib\libnx.a(event.o)
                0x000000000000a340                eventWait
 *fill*         0x000000000000a374        0xc 
 .text.eventClose
                0x000000000000a380       0x54 C:/devkitPro/libnx/lib\libnx.a(event.o)
                0x000000000000a380                eventClose
 *fill*         0x000000000000a3d4        0xc 
 .text.randomGet
                0x000000000000a3e0      0x410 C:/devkitPro/libnx/lib\libnx.a(random.o)
                0x000000000000a3e0                randomGet
 .text.randomGet64
                0x000000000000a7f0       0x20 C:/devkitPro/libnx/lib\libnx.a(random.o)
                0x000000000000a7f0                randomGet64
 .text._apmCleanup
                0x000000000000a810       0xd4 C:/devkitPro/libnx/lib\libnx.a(apm.o)
 *fill*         0x000000000000a8e4        0xc 
 .text.apmInitialize
                0x000000000000a8f0      0x194 C:/devkitPro/libnx/lib\libnx.a(apm.o)
                0x000000000000a8f0                apmInitialize
 *fill*         0x000000000000aa84        0xc 
 .text.apmExit  0x000000000000aa90       0x48 C:/devkitPro/libnx/lib\libnx.a(apm.o)
                0x000000000000aa90                apmExit
 *fill*         0x000000000000aad8        0x8 
 .text.apmSetPerformanceConfiguration
                0x000000000000aae0       0xc8 C:/devkitPro/libnx/lib\libnx.a(apm.o)
                0x000000000000aae0                apmSetPerformanceConfiguration
 *fill*         0x000000000000aba8        0x8 
 .text._fsCleanup
                0x000000000000abb0       0xb4 C:/devkitPro/libnx/lib\libnx.a(fs.o)
 *fill*         0x000000000000ac64        0xc 
 .text._fsCmdNoIO
                0x000000000000ac70      0x1c0 C:/devkitPro/libnx/lib\libnx.a(fs.o)
 .text._fsFsCmdWithInPath
                0x000000000000ae30      0x1e0 C:/devkitPro/libnx/lib\libnx.a(fs.o)
 .text._fsFsCmdWithTwoInPaths
                0x000000000000b010      0x1f8 C:/devkitPro/libnx/lib\libnx.a(fs.o)
 *fill*         0x000000000000b208        0x8 
 .text._fsFsOpenCommon
                0x000000000000b210      0x28c C:/devkitPro/libnx/lib\libnx.a(fs.o)
 *fill*         0x000000000000b49c        0x4 
 .text._fsFsCmdWithInPathAndOutU64
                0x000000000000b4a0      0x1fc C:/devkitPro/libnx/lib\libnx.a(fs.o)
 *fill*         0x000000000000b69c        0x4 
 .text._fsObjectClose
                0x000000000000b6a0       0xf8 C:/devkitPro/libnx/lib\libnx.a(fs.o)
 *fill*         0x000000000000b798        0x8 
 .text._fsCmdGetSession.constprop.0
                0x000000000000b7a0      0x17c C:/devkitPro/libnx/lib\libnx.a(fs.o)
 *fill*         0x000000000000b91c        0x4 
 .text.fsInitialize
                0x000000000000b920      0x2f8 C:/devkitPro/libnx/lib\libnx.a(fs.o)
                0x000000000000b920                fsInitialize
 *fill*         0x000000000000bc18        0x8 
 .text.fsExit   0x000000000000bc20       0x48 C:/devkitPro/libnx/lib\libnx.a(fs.o)
                0x000000000000bc20                fsExit
 *fill*         0x000000000000bc68        0x8 
 .text.fsOpenSdCardFileSystem
                0x000000000000bc70        0x8 C:/devkitPro/libnx/lib\libnx.a(fs.o)
                0x000000000000bc70                fsOpenSdCardFileSystem
 *fill*         0x000000000000bc78        0x8 
 .text.fsFsCreateFile
                0x000000000000bc80      0x1ec C:/devkitPro/libnx/lib\libnx.a(fs.o)
                0x000000000000bc80                fsFsCreateFile
 *fill*         0x000000000000be6c        0x4 
 .text.fsFsDeleteFile
                0x000000000000be70        0x8 C:/devkitPro/libnx/lib\libnx.a(fs.o)
                0x000000000000be70                fsFsDeleteFile
 *fill*         0x000000000000be78        0x8 
 .text.fsFsCreateDirectory
                0x000000000000be80        0x8 C:/devkitPro/libnx/lib\libnx.a(fs.o)
                0x000000000000be80                fsFsCreateDirectory
 *fill*         0x000000000000be88        0x8 
 .text.fsFsDeleteDirectory
                0x000000000000be90        0x8 C:/devkitPro/libnx/lib\libnx.a(fs.o)
                0x000000000000be90                fsFsDeleteDirectory
 *fill*         0x000000000000be98        0x8 
 .text.fsFsRenameFile
                0x000000000000bea0        0x8 C:/devkitPro/libnx/lib\libnx.a(fs.o)
                0x000000000000bea0                fsFsRenameFile
 *fill*         0x000000000000bea8        0x8 
 .text.fsFsRenameDirectory
                0x000000000000beb0        0x8 C:/devkitPro/libnx/lib\libnx.a(fs.o)
                0x000000000000beb0                fsFsRenameDirectory
 *fill*         0x000000000000beb8        0x8 
 .text.fsFsGetEntryType
                0x000000000000bec0      0x1f0 C:/devkitPro/libnx/lib\libnx.a(fs.o)
                0x000000000000bec0                fsFsGetEntryType
 .text.fsFsOpenFile
                0x000000000000c0b0        0x8 C:/devkitPro/libnx/lib\libnx.a(fs.o)
                0x000000000000c0b0                fsFsOpenFile
 *fill*         0x000000000000c0b8        0x8 
 .text.fsFsOpenDirectory
                0x000000000000c0c0        0x8 C:/devkitPro/libnx/lib\libnx.a(fs.o)
                0x000000000000c0c0                fsFsOpenDirectory
 *fill*         0x000000000000c0c8        0x8 
 .text.fsFsGetFreeSpace
                0x000000000000c0d0        0x8 C:/devkitPro/libnx/lib\libnx.a(fs.o)
                0x000000000000c0d0                fsFsGetFreeSpace
 *fill*         0x000000000000c0d8        0x8 
 .text.fsFsGetTotalSpace
                0x000000000000c0e0        0x8 C:/devkitPro/libnx/lib\libnx.a(fs.o)
                0x000000000000c0e0                fsFsGetTotalSpace
 *fill*         0x000000000000c0e8        0x8 
 .text.fsFsGetFileTimeStampRaw
                0x000000000000c0f0      0x230 C:/devkitPro/libnx/lib\libnx.a(fs.o)
                0x000000000000c0f0                fsFsGetFileTimeStampRaw
 .text.fsFsClose
                0x000000000000c320        0x4 C:/devkitPro/libnx/lib\libnx.a(fs.o)
                0x000000000000c320                fsFsClose
 *fill*         0x000000000000c324        0xc 
 .text.fsFileRead
                0x000000000000c330      0x214 C:/devkitPro/libnx/lib\libnx.a(fs.o)
                0x000000000000c330                fsFileRead
 *fill*         0x000000000000c544        0xc 
 .text.fsFileWrite
                0x000000000000c550      0x1f8 C:/devkitPro/libnx/lib\libnx.a(fs.o)
                0x000000000000c550                fsFileWrite
 *fill*         0x000000000000c748        0x8 
 .text.fsFileFlush
                0x000000000000c750        0x8 C:/devkitPro/libnx/lib\libnx.a(fs.o)
                0x000000000000c750                fsFileFlush
 *fill*         0x000000000000c758        0x8 
 .text.fsFileSetSize
                0x000000000000c760      0x1c0 C:/devkitPro/libnx/lib\libnx.a(fs.o)
                0x000000000000c760                fsFileSetSize
 .text.fsFileGetSize
                0x000000000000c920      0x1d4 C:/devkitPro/libnx/lib\libnx.a(fs.o)
                0x000000000000c920                fsFileGetSize
 *fill*         0x000000000000caf4        0xc 
 .text.fsFileClose
                0x000000000000cb00        0x4 C:/devkitPro/libnx/lib\libnx.a(fs.o)
                0x000000000000cb00                fsFileClose
 *fill*         0x000000000000cb04        0xc 
 .text.fsDirClose
                0x000000000000cb10        0x4 C:/devkitPro/libnx/lib\libnx.a(fs.o)
                0x000000000000cb10                fsDirClose
 *fill*         0x000000000000cb14        0xc 
 .text.fsDirRead
                0x000000000000cb20      0x204 C:/devkitPro/libnx/lib\libnx.a(fs.o)
                0x000000000000cb20                fsDirRead
 *fill*         0x000000000000cd24        0xc 
 .text._smCmifCmdInPid
                0x000000000000cd30       0xcc C:/devkitPro/libnx/lib\libnx.a(sm.o)
 *fill*         0x000000000000cdfc        0x4 
 .text._smCleanup
                0x000000000000ce00       0x78 C:/devkitPro/libnx/lib\libnx.a(sm.o)
 *fill*         0x000000000000ce78        0x8 
 .text.smAddOverrideHandle
                0x000000000000ce80       0x48 C:/devkitPro/libnx/lib\libnx.a(sm.o)
                0x000000000000ce80                smAddOverrideHandle
 *fill*         0x000000000000cec8        0x8 
 .text.smGetServiceOverride
                0x000000000000ced0       0x54 C:/devkitPro/libnx/lib\libnx.a(sm.o)
                0x000000000000ced0                smGetServiceOverride
 *fill*         0x000000000000cf24        0xc 
 .text.smInitialize
                0x000000000000cf30      0x1ac C:/devkitPro/libnx/lib\libnx.a(sm.o)
                0x000000000000cf30                smInitialize
 *fill*         0x000000000000d0dc        0x4 
 .text.smExit   0x000000000000d0e0       0x48 C:/devkitPro/libnx/lib\libnx.a(sm.o)
                0x000000000000d0e0                smExit
 *fill*         0x000000000000d128        0x8 
 .text.smGetServiceOriginal
                0x000000000000d130       0xd0 C:/devkitPro/libnx/lib\libnx.a(sm.o)
                0x000000000000d130                smGetServiceOriginal
 .text.smGetServiceWrapper
                0x000000000000d200      0x120 C:/devkitPro/libnx/lib\libnx.a(sm.o)
                0x000000000000d200                smGetServiceWrapper
 .text._timeCleanup
                0x000000000000d320      0x27c C:/devkitPro/libnx/lib\libnx.a(time.o)
 *fill*         0x000000000000d59c        0x4 
 .text._timeCmdGetSession.constprop.0
                0x000000000000d5a0      0x100 C:/devkitPro/libnx/lib\libnx.a(time.o)
 .text._timeReadClockFromSharedMem
                0x000000000000d6a0      0x104 C:/devkitPro/libnx/lib\libnx.a(time.o)
 *fill*         0x000000000000d7a4        0xc 
 .text.timeInitialize
                0x000000000000d7b0      0x300 C:/devkitPro/libnx/lib\libnx.a(time.o)
                0x000000000000d7b0                timeInitialize
 .text.timeExit
                0x000000000000dab0       0x48 C:/devkitPro/libnx/lib\libnx.a(time.o)
                0x000000000000dab0                timeExit
 *fill*         0x000000000000daf8        0x8 
 .text.timeGetServiceSession_SystemClock
                0x000000000000db00       0x38 C:/devkitPro/libnx/lib\libnx.a(time.o)
                0x000000000000db00                timeGetServiceSession_SystemClock
 *fill*         0x000000000000db38        0x8 
 .text.timeGetCurrentTime
                0x000000000000db40       0xfc C:/devkitPro/libnx/lib\libnx.a(time.o)
                0x000000000000db40                timeGetCurrentTime
 *fill*         0x000000000000dc3c        0x4 
 .text.timeToCalendarTimeWithMyRule
                0x000000000000dc40      0x108 C:/devkitPro/libnx/lib\libnx.a(time.o)
                0x000000000000dc40                timeToCalendarTimeWithMyRule
 *fill*         0x000000000000dd48        0x8 
 .text.timeToPosixTimeWithMyRule
                0x000000000000dd50      0x114 C:/devkitPro/libnx/lib\libnx.a(time.o)
                0x000000000000dd50                timeToPosixTimeWithMyRule
 *fill*         0x000000000000de64        0xc 
 .text._hidCleanup
                0x000000000000de70      0x12c C:/devkitPro/libnx/lib\libnx.a(hid.o)
 *fill*         0x000000000000df9c        0x4 
 .text._hidCmdInAruidNoOut
                0x000000000000dfa0       0xd4 C:/devkitPro/libnx/lib\libnx.a(hid.o)
 *fill*         0x000000000000e074        0xc 
 .text._hidCmdInU32AruidNoOut
                0x000000000000e080       0xe0 C:/devkitPro/libnx/lib\libnx.a(hid.o)
 .text._hidGetStates
                0x000000000000e160      0x194 C:/devkitPro/libnx/lib\libnx.a(hid.o)
 *fill*         0x000000000000e2f4        0xc 
 .text.hidInitialize
                0x000000000000e300      0x26c C:/devkitPro/libnx/lib\libnx.a(hid.o)
                0x000000000000e300                hidInitialize
 *fill*         0x000000000000e56c        0x4 
 .text.hidExit  0x000000000000e570       0x48 C:/devkitPro/libnx/lib\libnx.a(hid.o)
                0x000000000000e570                hidExit
 *fill*         0x000000000000e5b8        0x8 
 .text.hidGetSharedmemAddr
                0x000000000000e5c0        0xc C:/devkitPro/libnx/lib\libnx.a(hid.o)
                0x000000000000e5c0                hidGetSharedmemAddr
 *fill*         0x000000000000e5cc        0x4 
 .text.hidGetNpadStyleSet
                0x000000000000e5d0       0x90 C:/devkitPro/libnx/lib\libnx.a(hid.o)
                0x000000000000e5d0                hidGetNpadStyleSet
 .text.hidInitializeNpad
                0x000000000000e660       0x84 C:/devkitPro/libnx/lib\libnx.a(hid.o)
                0x000000000000e660                hidInitializeNpad
 *fill*         0x000000000000e6e4        0xc 
 .text.hidGetNpadStatesFullKey
                0x000000000000e6f0       0xa4 C:/devkitPro/libnx/lib\libnx.a(hid.o)
                0x000000000000e6f0                hidGetNpadStatesFullKey
 *fill*         0x000000000000e794        0xc 
 .text.hidGetNpadStatesHandheld
                0x000000000000e7a0       0xa4 C:/devkitPro/libnx/lib\libnx.a(hid.o)
                0x000000000000e7a0                hidGetNpadStatesHandheld
 *fill*         0x000000000000e844        0xc 
 .text.hidGetNpadStatesJoyDual
                0x000000000000e850       0xa4 C:/devkitPro/libnx/lib\libnx.a(hid.o)
                0x000000000000e850                hidGetNpadStatesJoyDual
 *fill*         0x000000000000e8f4        0xc 
 .text.hidGetNpadStatesJoyLeft
                0x000000000000e900       0xa4 C:/devkitPro/libnx/lib\libnx.a(hid.o)
                0x000000000000e900                hidGetNpadStatesJoyLeft
 *fill*         0x000000000000e9a4        0xc 
 .text.hidGetNpadStatesJoyRight
                0x000000000000e9b0       0xa4 C:/devkitPro/libnx/lib\libnx.a(hid.o)
                0x000000000000e9b0                hidGetNpadStatesJoyRight
 *fill*         0x000000000000ea54        0xc 
 .text.hidGetNpadStatesGc
                0x000000000000ea60      0x144 C:/devkitPro/libnx/lib\libnx.a(hid.o)
                0x000000000000ea60                hidGetNpadStatesGc
 *fill*         0x000000000000eba4        0xc 
 .text.hidGetNpadStatesSystemExt
                0x000000000000ebb0       0xa8 C:/devkitPro/libnx/lib\libnx.a(hid.o)
                0x000000000000ebb0                hidGetNpadStatesSystemExt
 *fill*         0x000000000000ec58        0x8 
 .text.hidSetSupportedNpadStyleSet
                0x000000000000ec60        0x8 C:/devkitPro/libnx/lib\libnx.a(hid.o)
                0x000000000000ec60                hidSetSupportedNpadStyleSet
 *fill*         0x000000000000ec68        0x8 
 .text.hidSetSupportedNpadIdType
                0x000000000000ec70      0x100 C:/devkitPro/libnx/lib\libnx.a(hid.o)
                0x000000000000ec70                hidSetSupportedNpadIdType
 .text.framebufferMakeLinear
                0x000000000000ed70       0x8c C:/devkitPro/libnx/lib\libnx.a(framebuffer.o)
                0x000000000000ed70                framebufferMakeLinear
 *fill*         0x000000000000edfc        0x4 
 .text.framebufferClose
                0x000000000000ee00       0x84 C:/devkitPro/libnx/lib\libnx.a(framebuffer.o)
                0x000000000000ee00                framebufferClose
 *fill*         0x000000000000ee84        0xc 
 .text.framebufferCreate
                0x000000000000ee90      0x290 C:/devkitPro/libnx/lib\libnx.a(framebuffer.o)
                0x000000000000ee90                framebufferCreate
 .text.framebufferBegin
                0x000000000000f120       0x7c C:/devkitPro/libnx/lib\libnx.a(framebuffer.o)
                0x000000000000f120                framebufferBegin
 *fill*         0x000000000000f19c        0x4 
 .text.framebufferEnd
                0x000000000000f1a0      0x190 C:/devkitPro/libnx/lib\libnx.a(framebuffer.o)
                0x000000000000f1a0                framebufferEnd
 .text.nwindowGetDefault
                0x000000000000f330        0xc C:/devkitPro/libnx/lib\libnx.a(default_window.o)
                0x000000000000f330                nwindowGetDefault
 *fill*         0x000000000000f33c        0x4 
 .text.__nx_win_init
                0x000000000000f340       0xa4 C:/devkitPro/libnx/lib\libnx.a(default_window.o)
                0x000000000000f340                __nx_win_init
 *fill*         0x000000000000f3e4        0xc 
 .text.__nx_win_exit
                0x000000000000f3f0       0x34 C:/devkitPro/libnx/lib\libnx.a(default_window.o)
                0x000000000000f3f0                __nx_win_exit
 *fill*         0x000000000000f424        0xc 
 .text.nwindowIsValid
                0x000000000000f430       0x24 C:/devkitPro/libnx/lib\libnx.a(native_window.o)
                0x000000000000f430                nwindowIsValid
 *fill*         0x000000000000f454        0xc 
 .text.nwindowClose
                0x000000000000f460       0x7c C:/devkitPro/libnx/lib\libnx.a(native_window.o)
                0x000000000000f460                nwindowClose
 *fill*         0x000000000000f4dc        0x4 
 .text.nwindowCreate
                0x000000000000f4e0       0xf8 C:/devkitPro/libnx/lib\libnx.a(native_window.o)
                0x000000000000f4e0                nwindowCreate
 *fill*         0x000000000000f5d8        0x8 
 .text.nwindowCreateFromLayer
                0x000000000000f5e0       0x38 C:/devkitPro/libnx/lib\libnx.a(native_window.o)
                0x000000000000f5e0                nwindowCreateFromLayer
 *fill*         0x000000000000f618        0x8 
 .text.nwindowSetDimensions
                0x000000000000f620       0x84 C:/devkitPro/libnx/lib\libnx.a(native_window.o)
                0x000000000000f620                nwindowSetDimensions
 *fill*         0x000000000000f6a4        0xc 
 .text.nwindowConfigureBuffer
                0x000000000000f6b0      0x180 C:/devkitPro/libnx/lib\libnx.a(native_window.o)
                0x000000000000f6b0                nwindowConfigureBuffer
 .text.nwindowDequeueBuffer
                0x000000000000f830      0x1cc C:/devkitPro/libnx/lib\libnx.a(native_window.o)
                0x000000000000f830                nwindowDequeueBuffer
 *fill*         0x000000000000f9fc        0x4 
 .text.nwindowQueueBuffer
                0x000000000000fa00      0x12c C:/devkitPro/libnx/lib\libnx.a(native_window.o)
                0x000000000000fa00                nwindowQueueBuffer
 *fill*         0x000000000000fb2c        0x4 
 .text.nwindowReleaseBuffers
                0x000000000000fb30       0xbc C:/devkitPro/libnx/lib\libnx.a(native_window.o)
                0x000000000000fb30                nwindowReleaseBuffers
 *fill*         0x000000000000fbec        0x4 
 .text.__nx_dynamic
                0x000000000000fbf0      0x1fc C:/devkitPro/libnx/lib\libnx.a(dynamic.o)
                0x000000000000fbf0                __nx_dynamic
 *fill*         0x000000000000fdec        0x4 
 .text.__libnx_initheap
                0x000000000000fdf0       0xd0 C:/devkitPro/libnx/lib\libnx.a(init.o)
                0x000000000000fdf0                __libnx_initheap
 .text.__appInit
                0x000000000000fec0       0xec C:/devkitPro/libnx/lib\libnx.a(init.o)
                0x000000000000fec0                __appInit
 *fill*         0x000000000000ffac        0x4 
 .text.__appExit
                0x000000000000ffb0       0x44 C:/devkitPro/libnx/lib\libnx.a(init.o)
                0x000000000000ffb0                __appExit
 *fill*         0x000000000000fff4        0xc 
 .text.__libnx_init
                0x0000000000010000       0x2c C:/devkitPro/libnx/lib\libnx.a(init.o)
                0x0000000000010000                __libnx_init
 *fill*         0x000000000001002c        0x4 
 .text.__libnx_exit
                0x0000000000010030       0x1c C:/devkitPro/libnx/lib\libnx.a(init.o)
                0x0000000000010030                __libnx_exit
 *fill*         0x000000000001004c        0x4 
 .text.__libnx_alloc
                0x0000000000010050        0x4 C:/devkitPro/libnx/lib\libnx.a(alloc.o)
                0x0000000000010050                __libnx_alloc
 *fill*         0x0000000000010054        0xc 
 .text.__libnx_aligned_alloc
                0x0000000000010060       0x14 C:/devkitPro/libnx/lib\libnx.a(alloc.o)
                0x0000000000010060                __libnx_aligned_alloc
 *fill*         0x0000000000010074        0xc 
 .text.__libnx_free
                0x0000000000010080        0x4 C:/devkitPro/libnx/lib\libnx.a(alloc.o)
                0x0000000000010080                __libnx_free
 *fill*         0x0000000000010084        0xc 
 .text.__syscall_exit
                0x0000000000010090       0x1c C:/devkitPro/libnx/lib\libnx.a(newlib.o)
                0x0000000000010090                __syscall_exit
 *fill*         0x00000000000100ac        0x4 
 .text.__syscall_getreent
                0x00000000000100b0       0x34 C:/devkitPro/libnx/lib\libnx.a(newlib.o)
                0x00000000000100b0                __syscall_getreent
 *fill*         0x00000000000100e4        0xc 
 .text.__syscall_lock_acquire
                0x00000000000100f0        0x4 C:/devkitPro/libnx/lib\libnx.a(newlib.o)
                0x00000000000100f0                __syscall_lock_acquire
 *fill*         0x00000000000100f4        0xc 
 .text.__syscall_lock_release
                0x0000000000010100        0x4 C:/devkitPro/libnx/lib\libnx.a(newlib.o)
                0x0000000000010100                __syscall_lock_release
 *fill*         0x0000000000010104        0xc 
 .text.__syscall_lock_acquire_recursive
                0x0000000000010110        0x4 C:/devkitPro/libnx/lib\libnx.a(newlib.o)
                0x0000000000010110                __syscall_lock_acquire_recursive
 *fill*         0x0000000000010114        0xc 
 .text.__syscall_lock_release_recursive
                0x0000000000010120        0x4 C:/devkitPro/libnx/lib\libnx.a(newlib.o)
                0x0000000000010120                __syscall_lock_release_recursive
 *fill*         0x0000000000010124        0xc 
 .text.__libnx_init_time
                0x0000000000010130      0x25c C:/devkitPro/libnx/lib\libnx.a(newlib.o)
                0x0000000000010130                __libnx_init_time
 *fill*         0x000000000001038c        0x4 
 .text.newlibSetup
                0x0000000000010390       0x98 C:/devkitPro/libnx/lib\libnx.a(newlib.o)
                0x0000000000010390                newlibSetup
 *fill*         0x0000000000010428        0x8 
 .text.argvSetup
                0x0000000000010430      0x314 C:/devkitPro/libnx/lib\libnx.a(argv.o)
                0x0000000000010430                argvSetup
 .text.armDCacheFlush
                0x0000000000010744       0x4c C:/devkitPro/libnx/lib\libnx.a(cache.o)
                0x0000000000010744                armDCacheFlush
 .text.__libnx_exception_entry
                0x0000000000010790      0x1c0 C:/devkitPro/libnx/lib\libnx.a(exception.o)
                0x0000000000010790                __libnx_exception_entry
 .text.__libnx_exception_returnentry
                0x0000000000010950       0x18 C:/devkitPro/libnx/lib\libnx.a(exception.o)
                0x0000000000010950                __libnx_exception_returnentry
 *fill*         0x0000000000010968        0x8 
 .text.shmemLoadRemote
                0x0000000000010970       0x14 C:/devkitPro/libnx/lib\libnx.a(shmem.o)
                0x0000000000010970                shmemLoadRemote
 *fill*         0x0000000000010984        0xc 
 .text.shmemMap
                0x0000000000010990       0x70 C:/devkitPro/libnx/lib\libnx.a(shmem.o)
                0x0000000000010990                shmemMap
 .text.shmemUnmap
                0x0000000000010a00       0x34 C:/devkitPro/libnx/lib\libnx.a(shmem.o)
                0x0000000000010a00                shmemUnmap
 *fill*         0x0000000000010a34        0xc 
 .text.shmemClose
                0x0000000000010a40       0x4c C:/devkitPro/libnx/lib\libnx.a(shmem.o)
                0x0000000000010a40                shmemClose
 *fill*         0x0000000000010a8c        0x4 
 .text.condvarWaitTimeout
                0x0000000000010a90       0x70 C:/devkitPro/libnx/lib\libnx.a(condvar.o)
                0x0000000000010a90                condvarWaitTimeout
 .text.__libnx_init_thread
                0x0000000000010b00       0xb0 C:/devkitPro/libnx/lib\libnx.a(thread.o)
                0x0000000000010b00                __libnx_init_thread
 .text.sessionmgrCreate
                0x0000000000010bb0      0x184 C:/devkitPro/libnx/lib\libnx.a(sessionmgr.o)
                0x0000000000010bb0                sessionmgrCreate
 *fill*         0x0000000000010d34        0xc 
 .text.sessionmgrClose
                0x0000000000010d40       0x84 C:/devkitPro/libnx/lib\libnx.a(sessionmgr.o)
                0x0000000000010d40                sessionmgrClose
 *fill*         0x0000000000010dc4        0xc 
 .text.sessionmgrAttachClient
                0x0000000000010dd0       0xa8 C:/devkitPro/libnx/lib\libnx.a(sessionmgr.o)
                0x0000000000010dd0                sessionmgrAttachClient
 *fill*         0x0000000000010e78        0x8 
 .text.sessionmgrDetachClient
                0x0000000000010e80       0x60 C:/devkitPro/libnx/lib\libnx.a(sessionmgr.o)
                0x0000000000010e80                sessionmgrDetachClient
 .text._viCleanup
                0x0000000000010ee0      0x230 C:/devkitPro/libnx/lib\libnx.a(vi.o)
 .text._viCmdGetSessionNoParams.constprop.0
                0x0000000000011110      0x100 C:/devkitPro/libnx/lib\libnx.a(vi.o)
 .text.viInitialize
                0x0000000000011210      0x368 C:/devkitPro/libnx/lib\libnx.a(vi.o)
                0x0000000000011210                viInitialize
 *fill*         0x0000000000011578        0x8 
 .text.viExit   0x0000000000011580       0x48 C:/devkitPro/libnx/lib\libnx.a(vi.o)
                0x0000000000011580                viExit
 *fill*         0x00000000000115c8        0x8 
 .text.viGetSession_IHOSBinderDriverRelay
                0x00000000000115d0        0xc C:/devkitPro/libnx/lib\libnx.a(vi.o)
                0x00000000000115d0                viGetSession_IHOSBinderDriverRelay
 *fill*         0x00000000000115dc        0x4 
 .text.viOpenDisplay
                0x00000000000115e0      0x10c C:/devkitPro/libnx/lib\libnx.a(vi.o)
                0x00000000000115e0                viOpenDisplay
 *fill*         0x00000000000116ec        0x4 
 .text.viCloseDisplay
                0x00000000000116f0       0xec C:/devkitPro/libnx/lib\libnx.a(vi.o)
                0x00000000000116f0                viCloseDisplay
 *fill*         0x00000000000117dc        0x4 
 .text.viCloseLayer
                0x00000000000117e0       0xf4 C:/devkitPro/libnx/lib\libnx.a(vi.o)
                0x00000000000117e0                viCloseLayer
 *fill*         0x00000000000118d4        0xc 
 .text.viCreateLayer
                0x00000000000118e0      0x394 C:/devkitPro/libnx/lib\libnx.a(vi.o)
                0x00000000000118e0                viCreateLayer
 *fill*         0x0000000000011c74        0xc 
 .text.viSetLayerScalingMode
                0x0000000000011c80       0xd8 C:/devkitPro/libnx/lib\libnx.a(vi.o)
                0x0000000000011c80                viSetLayerScalingMode
 *fill*         0x0000000000011d58        0x8 
 .text._setsysGetFirmwareVersionImpl
                0x0000000000011d60       0xd0 C:/devkitPro/libnx/lib\libnx.a(set.o)
 .text._setsysCleanup
                0x0000000000011e30       0x78 C:/devkitPro/libnx/lib\libnx.a(set.o)
 *fill*         0x0000000000011ea8        0x8 
 .text.setsysInitialize
                0x0000000000011eb0       0xa0 C:/devkitPro/libnx/lib\libnx.a(set.o)
                0x0000000000011eb0                setsysInitialize
 .text.setsysExit
                0x0000000000011f50       0x48 C:/devkitPro/libnx/lib\libnx.a(set.o)
                0x0000000000011f50                setsysExit
 *fill*         0x0000000000011f98        0x8 
 .text.setsysGetFirmwareVersion
                0x0000000000011fa0       0x48 C:/devkitPro/libnx/lib\libnx.a(set.o)
                0x0000000000011fa0                setsysGetFirmwareVersion
 *fill*         0x0000000000011fe8        0x8 
 .text._nvCleanup
                0x0000000000011ff0       0xd0 C:/devkitPro/libnx/lib\libnx.a(nv.o)
 .text._nvCmdInitialize.constprop.0
                0x00000000000120c0       0xd4 C:/devkitPro/libnx/lib\libnx.a(nv.o)
 *fill*         0x0000000000012194        0xc 
 .text.__nx_nv_create_tmem
                0x00000000000121a0       0x18 C:/devkitPro/libnx/lib\libnx.a(nv.o)
                0x00000000000121a0                __nx_nv_create_tmem
 *fill*         0x00000000000121b8        0x8 
 .text.nvInitialize
                0x00000000000121c0      0x3a8 C:/devkitPro/libnx/lib\libnx.a(nv.o)
                0x00000000000121c0                nvInitialize
 *fill*         0x0000000000012568        0x8 
 .text.nvExit   0x0000000000012570       0x48 C:/devkitPro/libnx/lib\libnx.a(nv.o)
                0x0000000000012570                nvExit
 *fill*         0x00000000000125b8        0x8 
 .text.nvConvertError
                0x00000000000125c0       0xf4 C:/devkitPro/libnx/lib\libnx.a(nv.o)
                0x00000000000125c0                nvConvertError
 *fill*         0x00000000000126b4        0xc 
 .text.nvOpen   0x00000000000126c0      0x114 C:/devkitPro/libnx/lib\libnx.a(nv.o)
                0x00000000000126c0                nvOpen
 *fill*         0x00000000000127d4        0xc 
 .text.nvIoctl  0x00000000000127e0      0x310 C:/devkitPro/libnx/lib\libnx.a(nv.o)
                0x00000000000127e0                nvIoctl
 .text.nvClose  0x0000000000012af0       0xd4 C:/devkitPro/libnx/lib\libnx.a(nv.o)
                0x0000000000012af0                nvClose
 *fill*         0x0000000000012bc4        0xc 
 .text.nvQueryEvent
                0x0000000000012bd0      0x10c C:/devkitPro/libnx/lib\libnx.a(nv.o)
                0x0000000000012bd0                nvQueryEvent
 *fill*         0x0000000000012cdc        0x4 
 .text._nvFenceCleanup
                0x0000000000012ce0       0x74 C:/devkitPro/libnx/lib\libnx.a(fence.o)
 *fill*         0x0000000000012d54        0xc 
 .text.nvFenceInit
                0x0000000000012d60       0x98 C:/devkitPro/libnx/lib\libnx.a(fence.o)
                0x0000000000012d60                nvFenceInit
 *fill*         0x0000000000012df8        0x8 
 .text.nvFenceExit
                0x0000000000012e00       0x48 C:/devkitPro/libnx/lib\libnx.a(fence.o)
                0x0000000000012e00                nvFenceExit
 *fill*         0x0000000000012e48        0x8 
 .text.nvFenceWait
                0x0000000000012e50      0x290 C:/devkitPro/libnx/lib\libnx.a(fence.o)
                0x0000000000012e50                nvFenceWait
 .text.nvMultiFenceWait
                0x00000000000130e0       0x7c C:/devkitPro/libnx/lib\libnx.a(fence.o)
                0x00000000000130e0                nvMultiFenceWait
 *fill*         0x000000000001315c        0x4 
 .text.nvMapInit
                0x0000000000013160       0xac C:/devkitPro/libnx/lib\libnx.a(map.o)
                0x0000000000013160                nvMapInit
 *fill*         0x000000000001320c        0x4 
 .text.nvMapExit
                0x0000000000013210       0x74 C:/devkitPro/libnx/lib\libnx.a(map.o)
                0x0000000000013210                nvMapExit
 *fill*         0x0000000000013284        0xc 
 .text.nvMapClose
                0x0000000000013290       0x8c C:/devkitPro/libnx/lib\libnx.a(map.o)
                0x0000000000013290                nvMapClose
 *fill*         0x000000000001331c        0x4 
 .text.nvMapCreate
                0x0000000000013320      0x160 C:/devkitPro/libnx/lib\libnx.a(map.o)
                0x0000000000013320                nvMapCreate
 .text.nvioctlNvhostCtrl_EventSignal
                0x0000000000013480       0x24 C:/devkitPro/libnx/lib\libnx.a(nvhost-ctrl.o)
                0x0000000000013480                nvioctlNvhostCtrl_EventSignal
 *fill*         0x00000000000134a4        0xc 
 .text.nvioctlNvhostCtrl_EventWait
                0x00000000000134b0       0x3c C:/devkitPro/libnx/lib\libnx.a(nvhost-ctrl.o)
                0x00000000000134b0                nvioctlNvhostCtrl_EventWait
 *fill*         0x00000000000134ec        0x4 
 .text.nvioctlNvhostCtrl_EventWaitAsync
                0x00000000000134f0       0x28 C:/devkitPro/libnx/lib\libnx.a(nvhost-ctrl.o)
                0x00000000000134f0                nvioctlNvhostCtrl_EventWaitAsync
 *fill*         0x0000000000013518        0x8 
 .text.nvioctlNvhostCtrl_EventRegister
                0x0000000000013520       0x24 C:/devkitPro/libnx/lib\libnx.a(nvhost-ctrl.o)
                0x0000000000013520                nvioctlNvhostCtrl_EventRegister
 *fill*         0x0000000000013544        0xc 
 .text.nvioctlNvhostCtrl_EventUnregister
                0x0000000000013550       0x24 C:/devkitPro/libnx/lib\libnx.a(nvhost-ctrl.o)
                0x0000000000013550                nvioctlNvhostCtrl_EventUnregister
 *fill*         0x0000000000013574        0xc 
 .text.nvioctlNvmap_Create
                0x0000000000013580       0x3c C:/devkitPro/libnx/lib\libnx.a(nvmap.o)
                0x0000000000013580                nvioctlNvmap_Create
 *fill*         0x00000000000135bc        0x4 
 .text.nvioctlNvmap_Alloc
                0x00000000000135c0       0x30 C:/devkitPro/libnx/lib\libnx.a(nvmap.o)
                0x00000000000135c0                nvioctlNvmap_Alloc
 .text.nvioctlNvmap_Free
                0x00000000000135f0       0x30 C:/devkitPro/libnx/lib\libnx.a(nvmap.o)
                0x00000000000135f0                nvioctlNvmap_Free
 .text.nvioctlNvmap_GetId
                0x0000000000013620       0x3c C:/devkitPro/libnx/lib\libnx.a(nvmap.o)
                0x0000000000013620                nvioctlNvmap_GetId
 *fill*         0x000000000001365c        0x4 
 .text.bqRequestBuffer
                0x0000000000013660       0xc8 C:/devkitPro/libnx/lib\libnx.a(buffer_producer.o)
                0x0000000000013660                bqRequestBuffer
 *fill*         0x0000000000013728        0x8 
 .text.bqDequeueBuffer
                0x0000000000013730      0x128 C:/devkitPro/libnx/lib\libnx.a(buffer_producer.o)
                0x0000000000013730                bqDequeueBuffer
 *fill*         0x0000000000013858        0x8 
 .text.bqQueueBuffer
                0x0000000000013860       0xc8 C:/devkitPro/libnx/lib\libnx.a(buffer_producer.o)
                0x0000000000013860                bqQueueBuffer
 *fill*         0x0000000000013928        0x8 
 .text.bqCancelBuffer
                0x0000000000013930       0x84 C:/devkitPro/libnx/lib\libnx.a(buffer_producer.o)
                0x0000000000013930                bqCancelBuffer
 *fill*         0x00000000000139b4        0xc 
 .text.bqConnect
                0x00000000000139c0       0xd0 C:/devkitPro/libnx/lib\libnx.a(buffer_producer.o)
                0x00000000000139c0                bqConnect
 .text.bqDisconnect
                0x0000000000013a90       0x88 C:/devkitPro/libnx/lib\libnx.a(buffer_producer.o)
                0x0000000000013a90                bqDisconnect
 *fill*         0x0000000000013b18        0x8 
 .text.bqSetPreallocatedBuffer
                0x0000000000013b20      0x194 C:/devkitPro/libnx/lib\libnx.a(buffer_producer.o)
                0x0000000000013b20                bqSetPreallocatedBuffer
 *fill*         0x0000000000013cb4        0xc 
 .text.binderCreate
                0x0000000000013cc0       0x1c C:/devkitPro/libnx/lib\libnx.a(binder.o)
                0x0000000000013cc0                binderCreate
 *fill*         0x0000000000013cdc        0x4 
 .text.binderTransactParcel
                0x0000000000013ce0      0x35c C:/devkitPro/libnx/lib\libnx.a(binder.o)
                0x0000000000013ce0                binderTransactParcel
 *fill*         0x000000000001403c        0x4 
 .text.binderConvertErrorCode
                0x0000000000014040       0xe8 C:/devkitPro/libnx/lib\libnx.a(binder.o)
                0x0000000000014040                binderConvertErrorCode
 *fill*         0x0000000000014128        0x8 
 .text.binderAdjustRefcount
                0x0000000000014130      0x124 C:/devkitPro/libnx/lib\libnx.a(binder.o)
                0x0000000000014130                binderAdjustRefcount
 *fill*         0x0000000000014254        0xc 
 .text.binderInitSession
                0x0000000000014260       0x9c C:/devkitPro/libnx/lib\libnx.a(binder.o)
                0x0000000000014260                binderInitSession
 *fill*         0x00000000000142fc        0x4 
 .text.binderClose
                0x0000000000014300       0x5c C:/devkitPro/libnx/lib\libnx.a(binder.o)
                0x0000000000014300                binderClose
 *fill*         0x000000000001435c        0x4 
 .text.binderGetNativeHandle
                0x0000000000014360      0x154 C:/devkitPro/libnx/lib\libnx.a(binder.o)
                0x0000000000014360                binderGetNativeHandle
 *fill*         0x00000000000144b4        0xc 
 .text.parcelCreate
                0x00000000000144c0       0x30 C:/devkitPro/libnx/lib\libnx.a(parcel.o)
                0x00000000000144c0                parcelCreate
 .text.parcelTransact
                0x00000000000144f0      0x174 C:/devkitPro/libnx/lib\libnx.a(parcel.o)
                0x00000000000144f0                parcelTransact
 *fill*         0x0000000000014664        0xc 
 .text.parcelWriteData
                0x0000000000014670       0x80 C:/devkitPro/libnx/lib\libnx.a(parcel.o)
                0x0000000000014670                parcelWriteData
 .text.parcelReadData
                0x00000000000146f0       0x88 C:/devkitPro/libnx/lib\libnx.a(parcel.o)
                0x00000000000146f0                parcelReadData
 *fill*         0x0000000000014778        0x8 
 .text.parcelWriteInt32
                0x0000000000014780       0x20 C:/devkitPro/libnx/lib\libnx.a(parcel.o)
                0x0000000000014780                parcelWriteInt32
 .text.parcelWriteUInt32
                0x00000000000147a0       0x20 C:/devkitPro/libnx/lib\libnx.a(parcel.o)
                0x00000000000147a0                parcelWriteUInt32
 .text.parcelWriteString16
                0x00000000000147c0       0x7c C:/devkitPro/libnx/lib\libnx.a(parcel.o)
                0x00000000000147c0                parcelWriteString16
 *fill*         0x000000000001483c        0x4 
 .text.parcelWriteInterfaceToken
                0x0000000000014840       0x30 C:/devkitPro/libnx/lib\libnx.a(parcel.o)
                0x0000000000014840                parcelWriteInterfaceToken
 .text.parcelReadInt32
                0x0000000000014870       0x24 C:/devkitPro/libnx/lib\libnx.a(parcel.o)
                0x0000000000014870                parcelReadInt32
 *fill*         0x0000000000014894        0xc 
 .text.parcelReadFlattenedObject
                0x00000000000148a0       0x68 C:/devkitPro/libnx/lib\libnx.a(parcel.o)
                0x00000000000148a0                parcelReadFlattenedObject
 *fill*         0x0000000000014908        0x8 
 .text.parcelWriteFlattenedObject
                0x0000000000014910       0x44 C:/devkitPro/libnx/lib\libnx.a(parcel.o)
                0x0000000000014910                parcelWriteFlattenedObject
 *fill*         0x0000000000014954        0xc 
 .text.nxlinkSetup
                0x0000000000014960       0xe8 C:/devkitPro/libnx/lib\libnx.a(nxlink.o)
                0x0000000000014960                nxlinkSetup
 *fill*         0x0000000000014a48       0x18 
 .text._fgets_r
                0x0000000000014a60      0x184 C:/devkitPro/devkitA64/bin/../lib/gcc/aarch64-none-elf/15.1.0/../../../../aarch64-none-elf/lib/pic\libg.a(libc_a-fgets.o)
                0x0000000000014a60                _fgets_r
 *fill*         0x0000000000014be4       0x1c 
 .text.fgets    0x0000000000014c00       0x34 C:/devkitPro/devkitA64/bin/../lib/gcc/aarch64-none-elf/15.1.0/../../../../aarch64-none-elf/lib/pic\libg.a(libc_a-fgets.o)
                0x0000000000014c00                fgets
 *fill*         0x0000000000014c34        0xc 
 .text._fclose_r
                0x0000000000014c40      0x130 C:/devkitPro/devkitA64/bin/../lib/gcc/aarch64-none-elf/15.1.0/../../../../aarch64-none-elf/lib/pic\libg.a(libc_a-fclose.o)
                0x0000000000014c40                _fclose_r
 *fill*         0x0000000000014d70       0x10 
 .text.fclose   0x0000000000014d80       0x1c C:/devkitPro/devkitA64/bin/../lib/gcc/aarch64-none-elf/15.1.0/../../../../aarch64-none-elf/lib/pic\libg.a(libc_a-fclose.o)
                0x0000000000014d80                fclose
 *fill*         0x0000000000014d9c       0x24 
 .text          0x0000000000014dc0      0x104 C:/devkitPro/devkitA64/bin/../lib/gcc/aarch64-none-elf/15.1.0/../../../../aarch64-none-elf/lib/pic\libg.a(libc_a-memset.o)
                0x0000000000014dc0                memset
 *fill*         0x0000000000014ec4       0x1c 
 .text.setenv   0x0000000000014ee0       0x34 C:/devkitPro/devkitA64/bin/../lib/gcc/aarch64-none-elf/15.1.0/../../../../aarch64-none-elf/lib/pic\libg.a(libc_a-setenv.o)
                0x0000000000014ee0                setenv
 *fill*         0x0000000000014f14        0xc 
 .text.fprintf  0x0000000000014f20       0x80 C:/devkitPro/devkitA64/bin/../lib/gcc/aarch64-none-elf/15.1.0/../../../../aarch64-none-elf/lib/pic\libg.a(libc_a-fprintf.o)
                0x0000000000014f20                fprintf
 *fill*         0x0000000000014fa0       0x20 
 .text          0x0000000000014fc0      0x134 C:/devkitPro/devkitA64/bin/../lib/gcc/aarch64-none-elf/15.1.0/../../../../aarch64-none-elf/lib/pic\libg.a(libc_a-strcmp.o)
                0x0000000000014fc0                strcmp
 *fill*         0x00000000000150f4        0xc 
 .text._fwrite_r
                0x0000000000015100       0xf4 C:/devkitPro/devkitA64/bin/../lib/gcc/aarch64-none-elf/15.1.0/../../../../aarch64-none-elf/lib/pic\libg.a(libc_a-fwrite.o)
                0x0000000000015100                _fwrite_r
 *fill*         0x00000000000151f4        0xc 
 .text.fwrite   0x0000000000015200       0x34 C:/devkitPro/devkitA64/bin/../lib/gcc/aarch64-none-elf/15.1.0/../../../../aarch64-none-elf/lib/pic\libg.a(libc_a-fwrite.o)
                0x0000000000015200                fwrite
 *fill*         0x0000000000015234        0xc 
 .text.strcspn  0x0000000000015240       0x5c C:/devkitPro/devkitA64/bin/../lib/gcc/aarch64-none-elf/15.1.0/../../../../aarch64-none-elf/lib/pic\libg.a(libc_a-strcspn.o)
                0x0000000000015240                strcspn
 *fill*         0x000000000001529c       0x24 
 .text          0x00000000000152c0      0x1b4 C:/devkitPro/devkitA64/bin/../lib/gcc/aarch64-none-elf/15.1.0/../../../../aarch64-none-elf/lib/pic\libg.a(libc_a-strncmp.o)
                0x00000000000152c0                strncmp
 *fill*         0x0000000000015474        0xc 
 .text          0x0000000000015480       0xdc C:/devkitPro/devkitA64/bin/../lib/gcc/aarch64-none-elf/15.1.0/../../../../aarch64-none-elf/lib/pic\libg.a(libc_a-memchr.o)
                0x0000000000015480                memchr
 *fill*         0x000000000001555c        0x4 
 .text.stdio_exit_handler
                0x0000000000015560       0x1c C:/devkitPro/devkitA64/bin/../lib/gcc/aarch64-none-elf/15.1.0/../../../../aarch64-none-elf/lib/pic\libg.a(libc_a-findfp.o)
 *fill*         0x000000000001557c        0x4 
 .text.cleanup_stdio
                0x0000000000015580       0x6c C:/devkitPro/devkitA64/bin/../lib/gcc/aarch64-none-elf/15.1.0/../../../../aarch64-none-elf/lib/pic\libg.a(libc_a-findfp.o)
 *fill*         0x00000000000155ec       0x14 
 .text.global_stdio_init.part.0
                0x0000000000015600      0x134 C:/devkitPro/devkitA64/bin/../lib/gcc/aarch64-none-elf/15.1.0/../../../../aarch64-none-elf/lib/pic\libg.a(libc_a-findfp.o)
 *fill*         0x0000000000015734        0xc 
 .text.__sfp_lock_acquire
                0x0000000000015740        0xc C:/devkitPro/devkitA64/bin/../lib/gcc/aarch64-none-elf/15.1.0/../../../../aarch64-none-elf/lib/pic\libg.a(libc_a-findfp.o)
                0x0000000000015740                __sfp_lock_acquire
 *fill*         0x000000000001574c       0x14 
 .text.__sfp_lock_release
                0x0000000000015760        0xc C:/devkitPro/devkitA64/bin/../lib/gcc/aarch64-none-elf/15.1.0/../../../../aarch64-none-elf/lib/pic\libg.a(libc_a-findfp.o)
                0x0000000000015760                __sfp_lock_release
 *fill*         0x000000000001576c       0x14 
 .text.__sfp    0x0000000000015780      0x138 C:/devkitPro/devkitA64/bin/../lib/gcc/aarch64-none-elf/15.1.0/../../../../aarch64-none-elf/lib/pic\libg.a(libc_a-findfp.o)
                0x0000000000015780                __sfp
 *fill*         0x00000000000158b8        0x8 
 .text.__sinit  0x00000000000158c0       0x54 C:/devkitPro/devkitA64/bin/../lib/gcc/aarch64-none-elf/15.1.0/../../../../aarch64-none-elf/lib/pic\libg.a(libc_a-findfp.o)
                0x00000000000158c0                __sinit
 *fill*         0x0000000000015914        0xc 
 .text._strtoul_l.isra.0
                0x0000000000015920      0x1a4 C:/devkitPro/devkitA64/bin/../lib/gcc/aarch64-none-elf/15.1.0/../../../../aarch64-none-elf/lib/pic\libg.a(libc_a-strtoul.o)
 *fill*         0x0000000000015ac4       0x1c 
 .text._strtoul_r
                0x0000000000015ae0       0x34 C:/devkitPro/devkitA64/bin/../lib/gcc/aarch64-none-elf/15.1.0/../../../../aarch64-none-elf/lib/pic\libg.a(libc_a-strtoul.o)
                0x0000000000015ae0                _strtoul_r
 *fill*         0x0000000000015b14        0xc 
 .text.strtoul  0x0000000000015b20       0x40 C:/devkitPro/devkitA64/bin/../lib/gcc/aarch64-none-elf/15.1.0/../../../../aarch64-none-elf/lib/pic\libg.a(libc_a-strtoul.o)
                0x0000000000015b20                strtoul
 .text.__libc_init_array
                0x0000000000015b60       0xa4 C:/devkitPro/devkitA64/bin/../lib/gcc/aarch64-none-elf/15.1.0/../../../../aarch64-none-elf/lib/pic\libg.a(libc_a-init.o)
                0x0000000000015b60                __libc_init_array
 *fill*         0x0000000000015c04       0x1c 
 .text.strncat  0x0000000000015c20       0x88 C:/devkitPro/devkitA64/bin/../lib/gcc/aarch64-none-elf/15.1.0/../../../../aarch64-none-elf/lib/pic\libg.a(libc_a-strncat.o)
                0x0000000000015c20                strncat
 *fill*         0x0000000000015ca8       0x18 
 .text._fwalk_sglue
                0x0000000000015cc0       0x98 C:/devkitPro/devkitA64/bin/../lib/gcc/aarch64-none-elf/15.1.0/../../../../aarch64-none-elf/lib/pic\libg.a(libc_a-fwalk.o)
                0x0000000000015cc0                _fwalk_sglue
 *fill*         0x0000000000015d58        0x8 
 .text.bsearch  0x0000000000015d60       0xb4 C:/devkitPro/devkitA64/bin/../lib/gcc/aarch64-none-elf/15.1.0/../../../../aarch64-none-elf/lib/pic\libg.a(libc_a-bsearch.o)
                0x0000000000015d60                bsearch
 *fill*         0x0000000000015e14        0xc 
 .text.__errno  0x0000000000015e20       0x14 C:/devkitPro/devkitA64/bin/../lib/gcc/aarch64-none-elf/15.1.0/../../../../aarch64-none-elf/lib/pic\libg.a(libc_a-errno.o)
                0x0000000000015e20                __errno
 *fill*         0x0000000000015e34        0xc 
 .text.aligned_alloc
                0x0000000000015e40       0x2c C:/devkitPro/devkitA64/bin/../lib/gcc/aarch64-none-elf/15.1.0/../../../../aarch64-none-elf/lib/pic\libg.a(libc_a-aligned_alloc.o)
                0x0000000000015e40                aligned_alloc
 *fill*         0x0000000000015e6c       0x14 
 .text._puts_r  0x0000000000015e80       0xd4 C:/devkitPro/devkitA64/bin/../lib/gcc/aarch64-none-elf/15.1.0/../../../../aarch64-none-elf/lib/pic\libg.a(libc_a-puts.o)
                0x0000000000015e80                _puts_r
 *fill*         0x0000000000015f54        0xc 
 .text.puts     0x0000000000015f60       0x1c C:/devkitPro/devkitA64/bin/../lib/gcc/aarch64-none-elf/15.1.0/../../../../aarch64-none-elf/lib/pic\libg.a(libc_a-puts.o)
                0x0000000000015f60                puts
 *fill*         0x0000000000015f7c        0x4 
 .text          0x0000000000015f80      0x22c C:/devkitPro/devkitA64/bin/../lib/gcc/aarch64-none-elf/15.1.0/../../../../aarch64-none-elf/lib/pic\libg.a(libc_a-memcpy.o)
                0x0000000000015f80                memcpy
                0x0000000000015f80                memmove
 .text.get_arg  0x00000000000161ac      0x790 C:/devkitPro/devkitA64/bin/../lib/gcc/aarch64-none-elf/15.1.0/../../../../aarch64-none-elf/lib/pic\libg.a(libc_a-vfprintf.o)
 .text._vfprintf_r
                0x000000000001693c     0x3bd4 C:/devkitPro/devkitA64/bin/../lib/gcc/aarch64-none-elf/15.1.0/../../../../aarch64-none-elf/lib/pic\libg.a(libc_a-vfprintf.o)
                0x000000000001693c                _vfprintf_r
 .text.vfprintf
                0x000000000001a510       0x44 C:/devkitPro/devkitA64/bin/../lib/gcc/aarch64-none-elf/15.1.0/../../../../aarch64-none-elf/lib/pic\libg.a(libc_a-vfprintf.o)
                0x000000000001a510                vfprintf
 .text.__sbprintf
                0x000000000001a554       0xd0 C:/devkitPro/devkitA64/bin/../lib/gcc/aarch64-none-elf/15.1.0/../../../../aarch64-none-elf/lib/pic\libg.a(libc_a-vfprintf.o)
 *fill*         0x000000000001a624       0x1c 
 .text.putchar  0x000000000001a640       0x20 C:/devkitPro/devkitA64/bin/../lib/gcc/aarch64-none-elf/15.1.0/../../../../aarch64-none-elf/lib/pic\libg.a(libc_a-putchar.o)
                0x000000000001a640                putchar
 .text._malloc_r
                0x000000000001a660      0x840 C:/devkitPro/devkitA64/bin/../lib/gcc/aarch64-none-elf/15.1.0/../../../../aarch64-none-elf/lib/pic\libg.a(libc_a-mallocr.o)
                0x000000000001a660                _malloc_r
 .text.quorem   0x000000000001aea0      0x1a4 C:/devkitPro/devkitA64/bin/../lib/gcc/aarch64-none-elf/15.1.0/../../../../aarch64-none-elf/lib/pic\libg.a(libc_a-dtoa.o)
 *fill*         0x000000000001b044       0x1c 
 .text._dtoa_r  0x000000000001b060     0x1320 C:/devkitPro/devkitA64/bin/../lib/gcc/aarch64-none-elf/15.1.0/../../../../aarch64-none-elf/lib/pic\libg.a(libc_a-dtoa.o)
                0x000000000001b060                _dtoa_r
 .text._wcrtomb_r
                0x000000000001c380       0xd0 C:/devkitPro/devkitA64/bin/../lib/gcc/aarch64-none-elf/15.1.0/../../../../aarch64-none-elf/lib/pic\libg.a(libc_a-wcrtomb.o)
                0x000000000001c380                _wcrtomb_r
 *fill*         0x000000000001c450       0x10 
 .text._malloc_trim_r
                0x000000000001c460      0x11c C:/devkitPro/devkitA64/bin/../lib/gcc/aarch64-none-elf/15.1.0/../../../../aarch64-none-elf/lib/pic\libg.a(libc_a-freer.o)
                0x000000000001c460                _malloc_trim_r
 *fill*         0x000000000001c57c        0x4 
 .text._free_r  0x000000000001c580      0x2d8 C:/devkitPro/devkitA64/bin/../lib/gcc/aarch64-none-elf/15.1.0/../../../../aarch64-none-elf/lib/pic\libg.a(libc_a-freer.o)
                0x000000000001c580                _free_r
 *fill*         0x000000000001c858        0x8 
 .text.printf   0x000000000001c860       0x80 C:/devkitPro/devkitA64/bin/../lib/gcc/aarch64-none-elf/15.1.0/../../../../aarch64-none-elf/lib/pic\libg.a(libc_a-printf.o)
                0x000000000001c860                printf
 .text.atoi     0x000000000001c8e0       0x1c C:/devkitPro/devkitA64/bin/../lib/gcc/aarch64-none-elf/15.1.0/../../../../aarch64-none-elf/lib/pic\libg.a(libc_a-atoi.o)
                0x000000000001c8e0                atoi
 *fill*         0x000000000001c8fc        0x4 
 .text._strtol_l.part.0
                0x000000000001c900      0x2c0 C:/devkitPro/devkitA64/bin/../lib/gcc/aarch64-none-elf/15.1.0/../../../../aarch64-none-elf/lib/pic\libg.a(libc_a-strtol.o)
 .text._strtol_r
                0x000000000001cbc0       0x70 C:/devkitPro/devkitA64/bin/../lib/gcc/aarch64-none-elf/15.1.0/../../../../aarch64-none-elf/lib/pic\libg.a(libc_a-strtol.o)
                0x000000000001cbc0                _strtol_r
 *fill*         0x000000000001cc30       0x10 
 .text.strtol   0x000000000001cc40       0x78 C:/devkitPro/devkitA64/bin/../lib/gcc/aarch64-none-elf/15.1.0/../../../../aarch64-none-elf/lib/pic\libg.a(libc_a-strtol.o)
                0x000000000001cc40                strtol
 *fill*         0x000000000001ccb8        0x8 
 .text.malloc   0x000000000001ccc0       0x38 C:/devkitPro/devkitA64/bin/../lib/gcc/aarch64-none-elf/15.1.0/../../../../aarch64-none-elf/lib/pic\libg.a(libc_a-malloc.o)
                0x000000000001ccc0                malloc
 *fill*         0x000000000001ccf8        0x8 
 .text.free     0x000000000001cd00       0x1c C:/devkitPro/devkitA64/bin/../lib/gcc/aarch64-none-elf/15.1.0/../../../../aarch64-none-elf/lib/pic\libg.a(libc_a-malloc.o)
                0x000000000001cd00                free
 *fill*         0x000000000001cd1c        0x4 
 .text.__sflush_r
                0x000000000001cd20      0x1ec C:/devkitPro/devkitA64/bin/../lib/gcc/aarch64-none-elf/15.1.0/../../../../aarch64-none-elf/lib/pic\libg.a(libc_a-fflush.o)
                0x000000000001cd20                __sflush_r
 *fill*         0x000000000001cf0c       0x14 
 .text._fflush_r
                0x000000000001cf20       0xbc C:/devkitPro/devkitA64/bin/../lib/gcc/aarch64-none-elf/15.1.0/../../../../aarch64-none-elf/lib/pic\libg.a(libc_a-fflush.o)
                0x000000000001cf20                _fflush_r
 *fill*         0x000000000001cfdc        0x4 
 .text.lflush   0x000000000001cfe0       0x38 C:/devkitPro/devkitA64/bin/../lib/gcc/aarch64-none-elf/15.1.0/../../../../aarch64-none-elf/lib/pic\libg.a(libc_a-refill.o)
 *fill*         0x000000000001d018        0x8 
 .text.__srefill_r
                0x000000000001d020      0x190 C:/devkitPro/devkitA64/bin/../lib/gcc/aarch64-none-elf/15.1.0/../../../../aarch64-none-elf/lib/pic\libg.a(libc_a-refill.o)
                0x000000000001d020                __srefill_r
 *fill*         0x000000000001d1b0       0x10 
 .text.__swhatbuf_r
                0x000000000001d1c0       0xb0 C:/devkitPro/devkitA64/bin/../lib/gcc/aarch64-none-elf/15.1.0/../../../../aarch64-none-elf/lib/pic\libg.a(libc_a-makebuf.o)
                0x000000000001d1c0                __swhatbuf_r
 *fill*         0x000000000001d270       0x10 
 .text.__smakebuf_r
                0x000000000001d280       0xe8 C:/devkitPro/devkitA64/bin/../lib/gcc/aarch64-none-elf/15.1.0/../../../../aarch64-none-elf/lib/pic\libg.a(libc_a-makebuf.o)
                0x000000000001d280                __smakebuf_r
 *fill*         0x000000000001d368       0x18 
 .text.gmtime   0x000000000001d380       0x28 C:/devkitPro/devkitA64/bin/../lib/gcc/aarch64-none-elf/15.1.0/../../../../aarch64-none-elf/lib/pic\libg.a(libc_a-gmtime.o)
                0x000000000001d380                gmtime
 *fill*         0x000000000001d3a8       0x18 
 .text          0x000000000001d3c0      0x130 C:/devkitPro/devkitA64/bin/../lib/gcc/aarch64-none-elf/15.1.0/../../../../aarch64-none-elf/lib/pic\libg.a(libc_a-strlen.o)
                0x000000000001d3c0                strlen
 *fill*         0x000000000001d4f0       0x10 
 .text          0x000000000001d500       0xb8 C:/devkitPro/devkitA64/bin/../lib/gcc/aarch64-none-elf/15.1.0/../../../../aarch64-none-elf/lib/pic\libg.a(libc_a-strnlen.o)
                0x000000000001d500                strnlen
 *fill*         0x000000000001d5b8        0x8 
 .text.__malloc_lock
                0x000000000001d5c0        0xc C:/devkitPro/devkitA64/bin/../lib/gcc/aarch64-none-elf/15.1.0/../../../../aarch64-none-elf/lib/pic\libg.a(libc_a-mlock.o)
                0x000000000001d5c0                __malloc_lock
 *fill*         0x000000000001d5cc       0x14 
 .text.__malloc_unlock
                0x000000000001d5e0        0xc C:/devkitPro/devkitA64/bin/../lib/gcc/aarch64-none-elf/15.1.0/../../../../aarch64-none-elf/lib/pic\libg.a(libc_a-mlock.o)
                0x000000000001d5e0                __malloc_unlock
 *fill*         0x000000000001d5ec       0x14 
 .text.fputc    0x000000000001d600       0xa8 C:/devkitPro/devkitA64/bin/../lib/gcc/aarch64-none-elf/15.1.0/../../../../aarch64-none-elf/lib/pic\libg.a(libc_a-fputc.o)
                0x000000000001d600                fputc
 *fill*         0x000000000001d6a8       0x18 
 .text._setenv_r
                0x000000000001d6c0      0x258 C:/devkitPro/devkitA64/bin/../lib/gcc/aarch64-none-elf/15.1.0/../../../../aarch64-none-elf/lib/pic\libg.a(libc_a-setenv_r.o)
                0x000000000001d6c0                _setenv_r
 *fill*         0x000000000001d918        0x8 
 .text.__call_exitprocs
                0x000000000001d920        0x4 C:/devkitPro/devkitA64/bin/../lib/gcc/aarch64-none-elf/15.1.0/../../../../aarch64-none-elf/lib/pic\libg.a(libc_a-exit.o)
                0x000000000001d920                __call_exitprocs
 *fill*         0x000000000001d924       0x1c 
 .text.setvbuf  0x000000000001d940      0x278 C:/devkitPro/devkitA64/bin/../lib/gcc/aarch64-none-elf/15.1.0/../../../../aarch64-none-elf/lib/pic\libg.a(libc_a-setvbuf.o)
                0x000000000001d940                setvbuf
 *fill*         0x000000000001dbb8        0x8 
 .text._fopen_r
                0x000000000001dbc0      0x120 C:/devkitPro/devkitA64/bin/../lib/gcc/aarch64-none-elf/15.1.0/../../../../aarch64-none-elf/lib/pic\libg.a(libc_a-fopen.o)
                0x000000000001dbc0                _fopen_r
 .text.fopen    0x000000000001dce0       0x2c C:/devkitPro/devkitA64/bin/../lib/gcc/aarch64-none-elf/15.1.0/../../../../aarch64-none-elf/lib/pic\libg.a(libc_a-fopen.o)
                0x000000000001dce0                fopen
 *fill*         0x000000000001dd0c       0x14 
 .text.strncpy  0x000000000001dd20       0xac C:/devkitPro/devkitA64/bin/../lib/gcc/aarch64-none-elf/15.1.0/../../../../aarch64-none-elf/lib/pic\libg.a(libc_a-strncpy.o)
                0x000000000001dd20                strncpy
 *fill*         0x000000000001ddcc       0x14 
 .text._wcsrtombs_r
                0x000000000001dde0       0x10 C:/devkitPro/devkitA64/bin/../lib/gcc/aarch64-none-elf/15.1.0/../../../../aarch64-none-elf/lib/pic\libg.a(libc_a-wcsrtombs.o)
                0x000000000001dde0                _wcsrtombs_r
 *fill*         0x000000000001ddf0       0x10 
 .text.sscanf   0x000000000001de00       0xb0 C:/devkitPro/devkitA64/bin/../lib/gcc/aarch64-none-elf/15.1.0/../../../../aarch64-none-elf/lib/pic\libg.a(libc_a-sscanf.o)
                0x000000000001de00                sscanf
 *fill*         0x000000000001deb0       0x10 
 .text.__swsetup_r
                0x000000000001dec0      0x12c C:/devkitPro/devkitA64/bin/../lib/gcc/aarch64-none-elf/15.1.0/../../../../aarch64-none-elf/lib/pic\libg.a(libc_a-wsetup.o)
                0x000000000001dec0                __swsetup_r
 *fill*         0x000000000001dfec       0x14 
 .text.frexp    0x000000000001e000       0x7c C:/devkitPro/devkitA64/bin/../lib/gcc/aarch64-none-elf/15.1.0/../../../../aarch64-none-elf/lib/pic\libg.a(libm_a-s_frexp.o)
                0x000000000001e000                frexp
 *fill*         0x000000000001e07c        0x4 
 .text.__sfvwrite_r
                0x000000000001e080      0x4a4 C:/devkitPro/devkitA64/bin/../lib/gcc/aarch64-none-elf/15.1.0/../../../../aarch64-none-elf/lib/pic\libg.a(libc_a-fvwrite.o)
                0x000000000001e080                __sfvwrite_r
 *fill*         0x000000000001e524       0x1c 
 .text.__sread  0x000000000001e540       0x4c C:/devkitPro/devkitA64/bin/../lib/gcc/aarch64-none-elf/15.1.0/../../../../aarch64-none-elf/lib/pic\libg.a(libc_a-stdio.o)
                0x000000000001e540                __sread
 *fill*         0x000000000001e58c       0x14 
 .text.__seofread
                0x000000000001e5a0        0x8 C:/devkitPro/devkitA64/bin/../lib/gcc/aarch64-none-elf/15.1.0/../../../../aarch64-none-elf/lib/pic\libg.a(libc_a-stdio.o)
                0x000000000001e5a0                __seofread
 *fill*         0x000000000001e5a8       0x18 
 .text.__swrite
                0x000000000001e5c0       0x70 C:/devkitPro/devkitA64/bin/../lib/gcc/aarch64-none-elf/15.1.0/../../../../aarch64-none-elf/lib/pic\libg.a(libc_a-stdio.o)
                0x000000000001e5c0                __swrite
 *fill*         0x000000000001e630       0x10 
 .text.__sseek  0x000000000001e640       0x50 C:/devkitPro/devkitA64/bin/../lib/gcc/aarch64-none-elf/15.1.0/../../../../aarch64-none-elf/lib/pic\libg.a(libc_a-stdio.o)
                0x000000000001e640                __sseek
 *fill*         0x000000000001e690       0x10 
 .text.__sclose
                0x000000000001e6a0        0x8 C:/devkitPro/devkitA64/bin/../lib/gcc/aarch64-none-elf/15.1.0/../../../../aarch64-none-elf/lib/pic\libg.a(libc_a-stdio.o)
                0x000000000001e6a0                __sclose
 *fill*         0x000000000001e6a8       0x18 
 .text.__env_lock
                0x000000000001e6c0        0xc C:/devkitPro/devkitA64/bin/../lib/gcc/aarch64-none-elf/15.1.0/../../../../aarch64-none-elf/lib/pic\libg.a(libc_a-envlock.o)
                0x000000000001e6c0                __env_lock
 *fill*         0x000000000001e6cc       0x14 
 .text.__env_unlock
                0x000000000001e6e0        0xc C:/devkitPro/devkitA64/bin/../lib/gcc/aarch64-none-elf/15.1.0/../../../../aarch64-none-elf/lib/pic\libg.a(libc_a-envlock.o)
                0x000000000001e6e0                __env_unlock
 *fill*         0x000000000001e6ec       0x14 
 .text.__assert_func
                0x000000000001e700       0x64 C:/devkitPro/devkitA64/bin/../lib/gcc/aarch64-none-elf/15.1.0/../../../../aarch64-none-elf/lib/pic\libg.a(libc_a-assert.o)
                0x000000000001e700                __assert_func
 *fill*         0x000000000001e764       0x1c 
 .text._Balloc  0x000000000001e780       0xa4 C:/devkitPro/devkitA64/bin/../lib/gcc/aarch64-none-elf/15.1.0/../../../../aarch64-none-elf/lib/pic\libg.a(libc_a-mprec.o)
                0x000000000001e780                _Balloc
 *fill*         0x000000000001e824       0x1c 
 .text._Bfree   0x000000000001e840       0x20 C:/devkitPro/devkitA64/bin/../lib/gcc/aarch64-none-elf/15.1.0/../../../../aarch64-none-elf/lib/pic\libg.a(libc_a-mprec.o)
                0x000000000001e840                _Bfree
 .text.__multadd
                0x000000000001e860      0x118 C:/devkitPro/devkitA64/bin/../lib/gcc/aarch64-none-elf/15.1.0/../../../../aarch64-none-elf/lib/pic\libg.a(libc_a-mprec.o)
                0x000000000001e860                __multadd
 *fill*         0x000000000001e978        0x8 
 .text.__s2b    0x000000000001e980      0x144 C:/devkitPro/devkitA64/bin/../lib/gcc/aarch64-none-elf/15.1.0/../../../../aarch64-none-elf/lib/pic\libg.a(libc_a-mprec.o)
                0x000000000001e980                __s2b
 *fill*         0x000000000001eac4       0x1c 
 .text.__hi0bits
                0x000000000001eae0       0x94 C:/devkitPro/devkitA64/bin/../lib/gcc/aarch64-none-elf/15.1.0/../../../../aarch64-none-elf/lib/pic\libg.a(libc_a-mprec.o)
                0x000000000001eae0                __hi0bits
 *fill*         0x000000000001eb74        0xc 
 .text.__lo0bits
                0x000000000001eb80      0x100 C:/devkitPro/devkitA64/bin/../lib/gcc/aarch64-none-elf/15.1.0/../../../../aarch64-none-elf/lib/pic\libg.a(libc_a-mprec.o)
                0x000000000001eb80                __lo0bits
 .text.__i2b    0x000000000001ec80       0x4c C:/devkitPro/devkitA64/bin/../lib/gcc/aarch64-none-elf/15.1.0/../../../../aarch64-none-elf/lib/pic\libg.a(libc_a-mprec.o)
                0x000000000001ec80                __i2b
 *fill*         0x000000000001eccc       0x14 
 .text.__multiply
                0x000000000001ece0      0x210 C:/devkitPro/devkitA64/bin/../lib/gcc/aarch64-none-elf/15.1.0/../../../../aarch64-none-elf/lib/pic\libg.a(libc_a-mprec.o)
                0x000000000001ece0                __multiply
 *fill*         0x000000000001eef0       0x10 
 .text.__pow5mult
                0x000000000001ef00      0x104 C:/devkitPro/devkitA64/bin/../lib/gcc/aarch64-none-elf/15.1.0/../../../../aarch64-none-elf/lib/pic\libg.a(libc_a-mprec.o)
                0x000000000001ef00                __pow5mult
 *fill*         0x000000000001f004       0x1c 
 .text.__lshift
                0x000000000001f020      0x174 C:/devkitPro/devkitA64/bin/../lib/gcc/aarch64-none-elf/15.1.0/../../../../aarch64-none-elf/lib/pic\libg.a(libc_a-mprec.o)
                0x000000000001f020                __lshift
 *fill*         0x000000000001f194        0xc 
 .text.__mcmp   0x000000000001f1a0       0x50 C:/devkitPro/devkitA64/bin/../lib/gcc/aarch64-none-elf/15.1.0/../../../../aarch64-none-elf/lib/pic\libg.a(libc_a-mprec.o)
                0x000000000001f1a0                __mcmp
 *fill*         0x000000000001f1f0       0x10 
 .text.__mdiff  0x000000000001f200      0x1c4 C:/devkitPro/devkitA64/bin/../lib/gcc/aarch64-none-elf/15.1.0/../../../../aarch64-none-elf/lib/pic\libg.a(libc_a-mprec.o)
                0x000000000001f200                __mdiff
 *fill*         0x000000000001f3c4       0x1c 
 .text.__ulp    0x000000000001f3e0       0x84 C:/devkitPro/devkitA64/bin/../lib/gcc/aarch64-none-elf/15.1.0/../../../../aarch64-none-elf/lib/pic\libg.a(libc_a-mprec.o)
                0x000000000001f3e0                __ulp
 *fill*         0x000000000001f464       0x1c 
 .text.__b2d    0x000000000001f480      0x168 C:/devkitPro/devkitA64/bin/../lib/gcc/aarch64-none-elf/15.1.0/../../../../aarch64-none-elf/lib/pic\libg.a(libc_a-mprec.o)
                0x000000000001f480                __b2d
 *fill*         0x000000000001f5e8       0x18 
 .text.__d2b    0x000000000001f600      0x14c C:/devkitPro/devkitA64/bin/../lib/gcc/aarch64-none-elf/15.1.0/../../../../aarch64-none-elf/lib/pic\libg.a(libc_a-mprec.o)
                0x000000000001f600                __d2b
 *fill*         0x000000000001f74c       0x14 
 .text.__ratio  0x000000000001f760       0xb0 C:/devkitPro/devkitA64/bin/../lib/gcc/aarch64-none-elf/15.1.0/../../../../aarch64-none-elf/lib/pic\libg.a(libc_a-mprec.o)
                0x000000000001f760                __ratio
 *fill*         0x000000000001f810       0x10 
 .text.__copybits