Archive member included to satisfy reference by file (symbol)

C:/devkitPro/libnx/lib\libnx.a(applet.o)
                              main.o (appletHook)
C:/devkitPro/libnx/lib\libnx.a(hosversion.o)
                              C:/devkitPro/libnx/lib\libnx.a(applet.o) (hosversionGet)
C:/devkitPro/libnx/lib\libnx.a(env.o)
                              C:/devkitPro/libnx/lib\libnx.a(applet.o) (envIsNso)
C:/devkitPro/libnx/lib\libnx.a(pad.o)
                              main.o (padConfigureInput)
C:/devkitPro/libnx/lib\libnx.a(diag.o)
                              C:/devkitPro/libnx/lib\libnx.a(applet.o) (diagAbortWithResult)
C:/devkitPro/libnx/lib\libnx.a(console.o)
                              main.o (consoleGetDefault)
C:/devkitPro/libnx/lib\libnx.a(console_sw.o)
                              C:/devkitPro/libnx/lib\libnx.a(console.o) (getDefaultConsoleRenderer)
C:/devkitPro/libnx/lib\libnx.a(fs_dev.o)
                              main.o (fsdevUnmountDevice)
C:/devkitPro/libnx/lib\libnx.a(decode_utf8.o)
                              C:/devkitPro/libnx/lib\libnx.a(fs_dev.o) (decode_utf8)
C:/devkitPro/libnx/lib\libnx.a(svc.o)
                              C:/devkitPro/libnx/lib\libnx.a(applet.o) (svcExitProcess)
C:/devkitPro/libnx/lib\libnx.a(readtp.o)
                              C:/devkitPro/libnx/lib\libnx.a(fs_dev.o) (__aarch64_read_tp)
C:/devkitPro/libnx/lib\libnx.a(switch_crt0.o)
                              (_start)
C:/devkitPro/libnx/lib\libnx.a(default_font.bin.o)
                              C:/devkitPro/libnx/lib\libnx.a(console.o) (default_font_bin)
C:/devkitPro/libnx/lib\libnx.a(wait.o)
                              C:/devkitPro/libnx/lib\libnx.a(applet.o) (waitObjects)
C:/devkitPro/libnx/lib\libnx.a(tmem.o)
                              C:/devkitPro/libnx/lib\libnx.a(applet.o) (tmemCreate)
C:/devkitPro/libnx/lib\libnx.a(mutex.o)
                              C:/devkitPro/libnx/lib\libnx.a(applet.o) (mutexLock)
C:/devkitPro/libnx/lib\libnx.a(virtmem.o)
                              C:/devkitPro/libnx/lib\libnx.a(tmem.o) (virtmemLock)
C:/devkitPro/libnx/lib\libnx.a(event.o)
                              C:/devkitPro/libnx/lib\libnx.a(applet.o) (eventLoadRemote)
C:/devkitPro/libnx/lib\libnx.a(random.o)
                              C:/devkitPro/libnx/lib\libnx.a(virtmem.o) (randomGet64)
C:/devkitPro/libnx/lib\libnx.a(apm.o)
                              C:/devkitPro/libnx/lib\libnx.a(applet.o) (apmInitialize)
C:/devkitPro/libnx/lib\libnx.a(fs.o)
                              C:/devkitPro/libnx/lib\libnx.a(fs_dev.o) (fsOpenSdCardFileSystem)
C:/devkitPro/libnx/lib\libnx.a(sm.o)
                              C:/devkitPro/libnx/lib\libnx.a(env.o) (smAddOverrideHandle)
C:/devkitPro/libnx/lib\libnx.a(time.o)
                              C:/devkitPro/libnx/lib\libnx.a(fs_dev.o) (timeToPosixTimeWithMyRule)
C:/devkitPro/libnx/lib\libnx.a(hid.o)
                              C:/devkitPro/libnx/lib\libnx.a(pad.o) (hidGetNpadStyleSet)
C:/devkitPro/libnx/lib\libnx.a(framebuffer.o)
                              C:/devkitPro/libnx/lib\libnx.a(console_sw.o) (framebufferMakeLinear)
C:/devkitPro/libnx/lib\libnx.a(default_window.o)
                              C:/devkitPro/libnx/lib\libnx.a(console_sw.o) (nwindowGetDefault)
C:/devkitPro/libnx/lib\libnx.a(native_window.o)
                              C:/devkitPro/libnx/lib\libnx.a(framebuffer.o) (nwindowIsValid)
C:/devkitPro/libnx/lib\libnx.a(dynamic.o)
                              C:/devkitPro/libnx/lib\libnx.a(switch_crt0.o) (__nx_dynamic)
C:/devkitPro/libnx/lib\libnx.a(init.o)
                              C:/devkitPro/libnx/lib\libnx.a(switch_crt0.o) (__libnx_init)
C:/devkitPro/libnx/lib\libnx.a(alloc.o)
                              C:/devkitPro/libnx/lib\libnx.a(fs_dev.o) (__libnx_alloc)
C:/devkitPro/libnx/lib\libnx.a(newlib.o)
                              C:/devkitPro/libnx/lib\libnx.a(init.o) (__libnx_init_time)
C:/devkitPro/libnx/lib\libnx.a(argv.o)
                              C:/devkitPro/libnx/lib\libnx.a(init.o) (argvSetup)
C:/devkitPro/libnx/lib\libnx.a(path_buf.o)
                              C:/devkitPro/libnx/lib\libnx.a(fs_dev.o) (__nx_dev_path_buf)
C:/devkitPro/libnx/lib\libnx.a(cache.o)
                              C:/devkitPro/libnx/lib\libnx.a(framebuffer.o) (armDCacheFlush)
C:/devkitPro/libnx/lib\libnx.a(exception.o)
                              C:/devkitPro/libnx/lib\libnx.a(switch_crt0.o) (__libnx_exception_entry)
C:/devkitPro/libnx/lib\libnx.a(shmem.o)
                              C:/devkitPro/libnx/lib\libnx.a(time.o) (shmemLoadRemote)
C:/devkitPro/libnx/lib\libnx.a(condvar.o)
                              C:/devkitPro/libnx/lib\libnx.a(newlib.o) (condvarWaitTimeout)
C:/devkitPro/libnx/lib\libnx.a(thread.o)
                              C:/devkitPro/libnx/lib\libnx.a(init.o) (__libnx_init_thread)
C:/devkitPro/libnx/lib\libnx.a(sessionmgr.o)
[...]
Memory Configuration

Name             Origin             Length             Attributes
*default*        0x0000000000000000 0xffffffffffffffff

Linker script and memory map

                0x0000000000000000                PROVIDE (__start__ = 0x0)
                0x0000000000000000                . = __start__
                [!provide]                        PROVIDE (__code_start = .)

.text           0x0000000000000000    0x2d808
 *(.crt0)
 .crt0          0x0000000000000000      0x130 C:/devkitPro/libnx/lib\libnx.a(switch_crt0.o)
                0x0000000000000000                _start
                0x00000000000000e0                __nx_exit
                0x00000000000000f0                __nx_mod0
 *(.text.unlikely .text.*_unlikely .text.unlikely.*)
 *(.text.exit .text.exit.*)
 *fill*         0x0000000000000130       0x10 
 .text.exit     0x0000000000000140       0x34 C:/devkitPro/devkitA64/bin/../lib/gcc/aarch64-none-elf/15.1.0/../../../../aarch64-none-elf/lib/pic\libg.a(libc_a-exit.o)
                0x0000000000000140                exit
 *(.text.startup .text.startup.*)
 *fill*         0x0000000000000174        0xc 
 .text.startup.main
                0x0000000000000180      0x4f0 main.o
                0x0000000000000180                main
 *(.text.hot .text.hot.*)
 *(.text .stub .text.* .gnu.linkonce.t.*)
 *fill*         0x0000000000000670       0x10 
 .text.__do_global_dtors_aux
                0x0000000000000680       0x50 C:/devkitPro/devkitA64/bin/../lib/gcc/aarch64-none-elf/15.1.0/pic/crtbegin.o
 *fill*         0x00000000000006d0       0x10 
 .text.frame_dummy
                0x00000000000006e0       0x24 C:/devkitPro/devkitA64/bin/../lib/gcc/aarch64-none-elf/15.1.0/pic/crtbegin.o
 *fill*         0x0000000000000704        0xc 
 .text.appletHookFunc
                0x0000000000000710       0x1c main.o
 *fill*         0x000000000000072c        0x4 
 .text.requestSystemSleep
                0x0000000000000730       0x30 main.o
 .text._appletInfiniteSleepLoop
                0x0000000000000760       0x18 C:/devkitPro/libnx/lib\libnx.a(applet.o)
 *fill*         0x0000000000000778        0x8 
 .text._appletCmdGetSession
                0x0000000000000780      0x108 C:/devkitPro/libnx/lib\libnx.a(applet.o)
 *fill*         0x0000000000000888        0x8 
 .text._appletCmdInU8NoOut
                0x0000000000000890       0xcc C:/devkitPro/libnx/lib\libnx.a(applet.o)
 *fill*         0x000000000000095c        0x4 
 .text._appletCmdInU32NoOut
                0x0000000000000960       0xcc C:/devkitPro/libnx/lib\libnx.a(applet.o)
 *fill*         0x0000000000000a2c        0x4 
 .text._appletGetSessionProxy.constprop.0
                0x0000000000000a30      0x12c C:/devkitPro/libnx/lib\libnx.a(applet.o)
 *fill*         0x0000000000000b5c        0x4 
 .text._appletOpenLibraryAppletProxy.constprop.0
                0x0000000000000b60      0x148 C:/devkitPro/libnx/lib\libnx.a(applet.o)
 *fill*         0x0000000000000ca8        0x8 
 .text._appletCmdGetEvent
                0x0000000000000cb0       0xf8 C:/devkitPro/libnx/lib\libnx.a(applet.o)
 *fill*         0x0000000000000da8        0x8 
 .text._appletCmdNoInOutU8.isra.0
                0x0000000000000db0       0xd4 C:/devkitPro/libnx/lib\libnx.a(applet.o)
 *fill*         0x0000000000000e84        0xc 
 .text._appletCmdNoInOutU32.isra.0
                0x0000000000000e90       0xd4 C:/devkitPro/libnx/lib\libnx.a(applet.o)
 *fill*         0x0000000000000f64        0xc 
 .text._appletCmdNoInOutU64.isra.0
                0x0000000000000f70       0xd4 C:/devkitPro/libnx/lib\libnx.a(applet.o)
 *fill*         0x0000000000001044        0xc 
 .text._appletCmdNoIO.isra.0
                0x0000000000001050       0xc0 C:/devkitPro/libnx/lib\libnx.a(applet.o)
 .text.appletGetAppletType
                0x0000000000001110       0x10 C:/devkitPro/libnx/lib\libnx.a(applet.o)
                0x0000000000001110                appletGetAppletType
 .text.appletHook
                0x0000000000001120       0x28 C:/devkitPro/libnx/lib\libnx.a(applet.o)
                0x0000000000001120                appletHook
 *fill*         0x0000000000001148        0x8 
 .text.appletSetFocusHandlingMode
                0x0000000000001150      0x1b8 C:/devkitPro/libnx/lib\libnx.a(applet.o)
                0x0000000000001150                appletSetFocusHandlingMode
 *fill*         0x0000000000001308        0x8 
 .text.appletSetLcdBacklightOffEnabled
                0x0000000000001310       0x5c C:/devkitPro/libnx/lib\libnx.a(applet.o)
                0x0000000000001310                appletSetLcdBacklightOffEnabled
 *fill*         0x000000000000136c        0x4 
 .text.appletSetCpuBoostMode
                0x0000000000001370       0x5c C:/devkitPro/libnx/lib\libnx.a(applet.o)
                0x0000000000001370                appletSetCpuBoostMode
 *fill*         0x00000000000013cc        0x4 
 .text.appletCreateManagedDisplayLayer
                0x00000000000013d0       0x2c C:/devkitPro/libnx/lib\libnx.a(applet.o)
                0x00000000000013d0                appletCreateManagedDisplayLayer
 *fill*         0x00000000000013fc        0x4 
 .text.appletSetAutoSleepDisabled
                0x0000000000001400       0x5c C:/devkitPro/libnx/lib\libnx.a(applet.o)
                0x0000000000001400                appletSetAutoSleepDisabled
 *fill*         0x000000000000145c        0x4 
 .text.appletGetAppletResourceUserId
                0x0000000000001460        0xc C:/devkitPro/libnx/lib\libnx.a(applet.o)
                0x0000000000001460                appletGetAppletResourceUserId
 *fill*         0x000000000000146c        0x4 
 .text._appletHolderCreateState
                0x0000000000001470      0x138 C:/devkitPro/libnx/lib\libnx.a(applet.o)
 *fill*         0x00000000000015a8        0x8 
 .text.appletHolderClose
                0x00000000000015b0       0xb0 C:/devkitPro/libnx/lib\libnx.a(applet.o)
                0x00000000000015b0                appletHolderClose
 .text.appletHolderGetLibraryAppletInfo
                0x0000000000001660       0x24 C:/devkitPro/libnx/lib\libnx.a(applet.o)
                0x0000000000001660                appletHolderGetLibraryAppletInfo
 *fill*         0x0000000000001684        0xc 
 .text.appletNotifyRunning
                0x0000000000001690       0x90 C:/devkitPro/libnx/lib\libnx.a(applet.o)
                0x0000000000001690                appletNotifyRunning
 .text.appletSetGamePlayRecordingState
                0x0000000000001720       0x78 C:/devkitPro/libnx/lib\libnx.a(applet.o)
                0x0000000000001720                appletSetGamePlayRecordingState
 *fill*         0x0000000000001798        0x8 
 .text._appletCleanup
                0x00000000000017a0      0xad4 C:/devkitPro/libnx/lib\libnx.a(applet.o)
 *fill*         0x0000000000002274        0xc 
 .text.appletExit
                0x0000000000002280       0x48 C:/devkitPro/libnx/lib\libnx.a(applet.o)
                0x0000000000002280                appletExit
 *fill*         0x00000000000022c8        0x8 
 .text.appletRequestToSleep
                0x00000000000022d0       0x70 C:/devkitPro/libnx/lib\libnx.a(applet.o)
                0x00000000000022d0                appletRequestToSleep
 .text.appletGetLibraryAppletInfo
                0x0000000000002340       0x40 C:/devkitPro/libnx/lib\libnx.a(applet.o)
                0x0000000000002340                appletGetLibraryAppletInfo
 .text.appletInitialize
                0x0000000000002380      0xc14 C:/devkitPro/libnx/lib\libnx.a(applet.o)
                0x0000000000002380                appletInitialize
 *fill*         0x0000000000002f94        0xc 
 .text._appletExitProcess
                0x0000000000002fa0       0x24 C:/devkitPro/libnx/lib\libnx.a(applet.o)
 *fill*         0x0000000000002fc4        0xc 
 .text.appletGetMessage
                0x0000000000002fd0       0x74 C:/devkitPro/libnx/lib\libnx.a(applet.o)
                0x0000000000002fd0                appletGetMessage
 *fill*         0x0000000000003044        0xc 
 .text.appletProcessMessage
                0x0000000000003050      0x264 C:/devkitPro/libnx/lib\libnx.a(applet.o)
                0x0000000000003050                appletProcessMessage
 *fill*         0x00000000000032b4        0xc 
 .text.appletMainLoop
                0x00000000000032c0       0x34 C:/devkitPro/libnx/lib\libnx.a(applet.o)
                0x00000000000032c0                appletMainLoop
 *fill*         0x00000000000032f4        0xc 
 .text.hosversionGet
                0x0000000000003300       0x14 C:/devkitPro/libnx/lib\libnx.a(hosversion.o)
                0x0000000000003300                hosversionGet
 *fill*         0x0000000000003314        0xc 
 .text.hosversionSet
                0x0000000000003320       0x10 C:/devkitPro/libnx/lib\libnx.a(hosversion.o)
                0x0000000000003320                hosversionSet
 .text.envSetup
                0x0000000000003330      0x208 C:/devkitPro/libnx/lib\libnx.a(env.o)
                0x0000000000003330                envSetup
 *fill*         0x0000000000003538        0x8 
 .text.envGetMainThreadHandle
                0x0000000000003540       0x20 C:/devkitPro/libnx/lib\libnx.a(env.o)
                0x0000000000003540                envGetMainThreadHandle
 .text.envIsNso
                0x0000000000003560        0xc C:/devkitPro/libnx/lib\libnx.a(env.o)
                0x0000000000003560                envIsNso
 *fill*         0x000000000000356c        0x4 
 .text.envHasHeapOverride
                0x0000000000003570       0x14 C:/devkitPro/libnx/lib\libnx.a(env.o)
                0x0000000000003570                envHasHeapOverride
 *fill*         0x0000000000003584        0xc 
 .text.envGetHeapOverrideAddr
                0x0000000000003590        0xc C:/devkitPro/libnx/lib\libnx.a(env.o)
                0x0000000000003590                envGetHeapOverrideAddr
 *fill*         0x000000000000359c        0x4 
 .text.envGetHeapOverrideSize
                0x00000000000035a0        0xc C:/devkitPro/libnx/lib\libnx.a(env.o)
                0x00000000000035a0                envGetHeapOverrideSize
 *fill*         0x00000000000035ac        0x4 
 .text.envHasArgv
                0x00000000000035b0       0x14 C:/devkitPro/libnx/lib\libnx.a(env.o)
                0x00000000000035b0                envHasArgv
 *fill*         0x00000000000035c4        0xc 
 .text.envGetArgv
                0x00000000000035d0        0xc C:/devkitPro/libnx/lib\libnx.a(env.o)
                0x00000000000035d0                envGetArgv
 *fill*         0x00000000000035dc        0x4 
 .text.envGetExitFuncPtr
                0x00000000000035e0        0xc C:/devkitPro/libnx/lib\libnx.a(env.o)
                0x00000000000035e0                envGetExitFuncPtr
 *fill*         0x00000000000035ec        0x4 
 .text.envSetExitFuncPtr
                0x00000000000035f0        0xc C:/devkitPro/libnx/lib\libnx.a(env.o)
                0x00000000000035f0                envSetExitFuncPtr
 *fill*         0x00000000000035fc        0x4 
 .text.envHasRandomSeed
                0x0000000000003600        0xc C:/devkitPro/libnx/lib\libnx.a(env.o)
                0x0000000000003600                envHasRandomSeed
 *fill*         0x000000000000360c        0x4 
 .text.envGetRandomSeed
                0x0000000000003610       0x10 C:/devkitPro/libnx/lib\libnx.a(env.o)
                0x0000000000003610                envGetRandomSeed
 .text.padConfigureInput
                0x0000000000003620       0x9c C:/devkitPro/libnx/lib\libnx.a(pad.o)
                0x0000000000003620                padConfigureInput
 *fill*         0x00000000000036bc        0x4 
 .text.padInitializeWithMask
                0x00000000000036c0       0x24 C:/devkitPro/libnx/lib\libnx.a(pad.o)
                0x00000000000036c0                padInitializeWithMask
 *fill*         0x00000000000036e4        0xc 
 .text.padUpdate
                0x00000000000036f0      0x294 C:/devkitPro/libnx/lib\libnx.a(pad.o)
                0x00000000000036f0                padUpdate
 *fill*         0x0000000000003984        0xc 
 .text.diagAbortWithResult
                0x0000000000003990       0x1c C:/devkitPro/libnx/lib\libnx.a(diag.o)
                0x0000000000003990                diagAbortWithResult
 *fill*         0x00000000000039ac        0x4 
 .text.consoleDrawChar
                0x00000000000039b0       0x50 C:/devkitPro/libnx/lib\libnx.a(console.o)
 .text.consoleNewRow
                0x0000000000003a00       0xb8 C:/devkitPro/libnx/lib\libnx.a(console.o)
 *fill*         0x0000000000003ab8        0x8 
 .text.consolePrintChar.part.0
                0x0000000000003ac0      0x194 C:/devkitPro/libnx/lib\libnx.a(console.o)
 *fill*         0x0000000000003c54        0xc 
 .text.con_write
                0x0000000000003c60      0xdf8 C:/devkitPro/libnx/lib\libnx.a(console.o)
 *fill*         0x0000000000004a58        0x8 
 .text.consoleGetDefault
                0x0000000000004a60        0xc C:/devkitPro/libnx/lib\libnx.a(console.o)
                0x0000000000004a60                consoleGetDefault
 *fill*         0x0000000000004a6c        0x4 
 .text.consoleInit
                0x0000000000004a70       0xe4 C:/devkitPro/libnx/lib\libnx.a(console.o)
                0x0000000000004a70                consoleInit
 *fill*         0x0000000000004b54        0xc 
 .text.consoleExit
                0x0000000000004b60       0x44 C:/devkitPro/libnx/lib\libnx.a(console.o)
                0x0000000000004b60                consoleExit
 *fill*         0x0000000000004ba4        0xc 
 .text.consoleUpdate
                0x0000000000004bb0       0x2c C:/devkitPro/libnx/lib\libnx.a(console.o)
                0x0000000000004bb0                consoleUpdate
 *fill*         0x0000000000004bdc        0x4 
 .text.ConsoleSwRenderer_drawChar
                0x0000000000004be0      0x1bc C:/devkitPro/libnx/lib\libnx.a(console_sw.o)
 *fill*         0x0000000000004d9c        0x4 
 .text.ConsoleSwRenderer_init
                0x0000000000004da0       0xe8 C:/devkitPro/libnx/lib\libnx.a(console_sw.o)
 *fill*         0x0000000000004e88        0x8 
 .text.ConsoleSwRenderer_flushAndSwap
                0x0000000000004e90       0x78 C:/devkitPro/libnx/lib\libnx.a(console_sw.o)
 *fill*         0x0000000000004f08        0x8 
 .text.ConsoleSwRenderer_scrollWindow
                0x0000000000004f10       0xec C:/devkitPro/libnx/lib\libnx.a(console_sw.o)
 *fill*         0x0000000000004ffc        0x4 
 .text.ConsoleSwRenderer_deinit
                0x0000000000005000       0x50 C:/devkitPro/libnx/lib\libnx.a(console_sw.o)
 .text.getDefaultConsoleRenderer
                0x0000000000005050        0xc C:/devkitPro/libnx/lib\libnx.a(console_sw.o)
                0x0000000000005050                getDefaultConsoleRenderer
 *fill*         0x000000000000505c        0x4 
 .text.fsdev_link
                0x0000000000005060       0x10 C:/devkitPro/libnx/lib\libnx.a(fs_dev.o)
 .text.fsdev_dirreset
                0x0000000000005070       0x10 C:/devkitPro/libnx/lib\libnx.a(fs_dev.o)
 .text.fsdev_chmod
                0x0000000000005080       0x10 C:/devkitPro/libnx/lib\libnx.a(fs_dev.o)
 .text.error_cmp
                0x0000000000005090       0x18 C:/devkitPro/libnx/lib\libnx.a(fs_dev.o)
 *fill*         0x00000000000050a8        0x8 
 .text.fsdev_dirclose
                0x00000000000050b0       0x20 C:/devkitPro/libnx/lib\libnx.a(fs_dev.o)
 .text.fsdev_close
                0x00000000000050d0       0x1c C:/devkitPro/libnx/lib\libnx.a(fs_dev.o)
 *fill*         0x00000000000050ec        0x4 
 .text.fsdev_converttimetoutc
                0x00000000000050f0       0x74 C:/devkitPro/libnx/lib\libnx.a(fs_dev.o)
 *fill*         0x0000000000005164        0xc 
 .text.fsdevFindDevice.part.0
                0x0000000000005170       0xd4 C:/devkitPro/libnx/lib\libnx.a(fs_dev.o)
 *fill*         0x0000000000005244        0xc 
 .text.fsdev_fixpath
                0x0000000000005250      0x1cc C:/devkitPro/libnx/lib\libnx.a(fs_dev.o)
 *fill*         0x000000000000541c        0x4 
 .text._fsdevUnmountDeviceStruct.part.0
                0x0000000000005420       0x9c C:/devkitPro/libnx/lib\libnx.a(fs_dev.o)
 *fill*         0x00000000000054bc        0x4 
 .text.fsdev_fchmod
                0x00000000000054c0       0x10 C:/devkitPro/libnx/lib\libnx.a(fs_dev.o)
 .text.fsdev_diropen
                0x00000000000054d0      0x100 C:/devkitPro/libnx/lib\libnx.a(fs_dev.o)
 .text.fsdev_statvfs
                0x00000000000055d0       0xf8 C:/devkitPro/libnx/lib\libnx.a(fs_dev.o)
 *fill*         0x00000000000056c8        0x8 
 .text.fsdev_fsync
                0x00000000000056d0       0x7c C:/devkitPro/libnx/lib\libnx.a(fs_dev.o)
 *fill*         0x000000000000574c        0x4 
 .text.fsdev_fstat
                0x0000000000005750       0xec C:/devkitPro/libnx/lib\libnx.a(fs_dev.o)
 *fill*         0x000000000000583c        0x4 
 .text.fsdev_ftruncate
                0x0000000000005840       0x94 C:/devkitPro/libnx/lib\libnx.a(fs_dev.o)
 *fill*         0x00000000000058d4        0xc 
 .text.fsdev_stat
                0x00000000000058e0      0x1d8 C:/devkitPro/libnx/lib\libnx.a(fs_dev.o)
 *fill*         0x0000000000005ab8        0x8 
 .text.fsdev_rename
                0x0000000000005ac0      0x14c C:/devkitPro/libnx/lib\libnx.a(fs_dev.o)
 *fill*         0x0000000000005c0c        0x4 
 .text.fsdev_chdir
                0x0000000000005c10      0x13c C:/devkitPro/libnx/lib\libnx.a(fs_dev.o)
 *fill*         0x0000000000005d4c        0x4 
 .text.fsdev_rmdir
                0x0000000000005d50       0xa4 C:/devkitPro/libnx/lib\libnx.a(fs_dev.o)
 *fill*         0x0000000000005df4        0xc 
 .text.fsdev_mkdir
                0x0000000000005e00       0xa4 C:/devkitPro/libnx/lib\libnx.a(fs_dev.o)
 *fill*         0x0000000000005ea4        0xc 
 .text.fsdev_unlink
                0x0000000000005eb0       0xa4 C:/devkitPro/libnx/lib\libnx.a(fs_dev.o)
 *fill*         0x0000000000005f54        0xc 
 .text.fsdev_write_safe
                0x0000000000005f60      0x13c C:/devkitPro/libnx/lib\libnx.a(fs_dev.o)
 *fill*         0x000000000000609c        0x4 
 .text.fsdev_read_safe
                0x00000000000060a0      0x134 C:/devkitPro/libnx/lib\libnx.a(fs_dev.o)
 *fill*         0x00000000000061d4        0xc 
 .text.fsdev_read
                0x00000000000061e0      0x100 C:/devkitPro/libnx/lib\libnx.a(fs_dev.o)
 .text.fsdev_dirnext
                0x00000000000062e0      0x1d4 C:/devkitPro/libnx/lib\libnx.a(fs_dev.o)
 *fill*         0x00000000000064b4        0xc 
 .text.fsdev_write
                0x00000000000064c0      0x124 C:/devkitPro/libnx/lib\libnx.a(fs_dev.o)
 *fill*         0x00000000000065e4        0xc 
 .text.fsdev_seek
                0x00000000000065f0      0x110 C:/devkitPro/libnx/lib\libnx.a(fs_dev.o)
 .text.fsdev_open
                0x0000000000006700      0x230 C:/devkitPro/libnx/lib\libnx.a(fs_dev.o)
 .text.fsdevMountDevice
                0x0000000000006930      0x324 C:/devkitPro/libnx/lib\libnx.a(fs_dev.o)
                0x0000000000006930                fsdevMountDevice
 *fill*         0x0000000000006c54        0xc 
 .text.fsdevUnmountDevice
                0x0000000000006c60       0x48 C:/devkitPro/libnx/lib\libnx.a(fs_dev.o)
                0x0000000000006c60                fsdevUnmountDevice
 *fill*         0x0000000000006ca8        0x8 
 .text.fsdevMountSdmc
                0x0000000000006cb0       0x40 C:/devkitPro/libnx/lib\libnx.a(fs_dev.o)
                0x0000000000006cb0                fsdevMountSdmc
 .text.__libnx_init_cwd
                0x0000000000006cf0       0xbc C:/devkitPro/libnx/lib\libnx.a(fs_dev.o)
                0x0000000000006cf0                __libnx_init_cwd
 *fill*         0x0000000000006dac        0x4 
 .text.fsdevUnmountAll
                0x0000000000006db0       0x64 C:/devkitPro/libnx/lib\libnx.a(fs_dev.o)
                0x0000000000006db0                fsdevUnmountAll
 *fill*         0x0000000000006e14        0xc 
 .text.decode_utf8
                0x0000000000006e20      0x128 C:/devkitPro/libnx/lib\libnx.a(decode_utf8.o)
                0x0000000000006e20                decode_utf8
 .text.svcSetHeapSize
                0x0000000000006f48       0x14 C:/devkitPro/libnx/lib\libnx.a(svc.o)
                0x0000000000006f48                svcSetHeapSize
 .text.svcSetMemoryPermission
                0x0000000000006f5c        0x8 C:/devkitPro/libnx/lib\libnx.a(svc.o)
                0x0000000000006f5c                svcSetMemoryPermission
 .text.svcSetMemoryAttribute
                0x0000000000006f64        0x8 C:/devkitPro/libnx/lib\libnx.a(svc.o)
                0x0000000000006f64                svcSetMemoryAttribute
 .text.svcUnmapMemory
                0x0000000000006f6c        0x8 C:/devkitPro/libnx/lib\libnx.a(svc.o)
                0x0000000000006f6c                svcUnmapMemory
 .text.svcQueryMemory
                0x0000000000006f74       0x14 C:/devkitPro/libnx/lib\libnx.a(svc.o)
                0x0000000000006f74                svcQueryMemory
 .text.svcExitProcess
                0x0000000000006f88        0x8 C:/devkitPro/libnx/lib\libnx.a(svc.o)
                0x0000000000006f88                svcExitProcess
 .text.svcSleepThread
                0x0000000000006f90        0x8 C:/devkitPro/libnx/lib\libnx.a(svc.o)
                0x0000000000006f90                svcSleepThread
 .text.svcMapSharedMemory
                0x0000000000006f98        0x8 C:/devkitPro/libnx/lib\libnx.a(svc.o)
                0x0000000000006f98                svcMapSharedMemory
 .text.svcUnmapSharedMemory
                0x0000000000006fa0        0x8 C:/devkitPro/libnx/lib\libnx.a(svc.o)
                0x0000000000006fa0                svcUnmapSharedMemory
 .text.svcCreateTransferMemory
                0x0000000000006fa8       0x14 C:/devkitPro/libnx/lib\libnx.a(svc.o)
                0x0000000000006fa8                svcCreateTransferMemory
 .text.svcCloseHandle
                0x0000000000006fbc        0x8 C:/devkitPro/libnx/lib\libnx.a(svc.o)
                0x0000000000006fbc                svcCloseHandle
 .text.svcResetSignal
                0x0000000000006fc4        0x8 C:/devkitPro/libnx/lib\libnx.a(svc.o)
                0x0000000000006fc4                svcResetSignal
 .text.svcWaitSynchronization
                0x0000000000006fcc       0x14 C:/devkitPro/libnx/lib\libnx.a(svc.o)
                0x0000000000006fcc                svcWaitSynchronization
 .text.svcArbitrateLock
                0x0000000000006fe0        0x8 C:/devkitPro/libnx/lib\libnx.a(svc.o)
                0x0000000000006fe0                svcArbitrateLock
 .text.svcArbitrateUnlock
                0x0000000000006fe8        0x8 C:/devkitPro/libnx/lib\libnx.a(svc.o)
                0x0000000000006fe8                svcArbitrateUnlock
 .text.svcWaitProcessWideKeyAtomic
                0x0000000000006ff0        0x8 C:/devkitPro/libnx/lib\libnx.a(svc.o)
                0x0000000000006ff0                svcWaitProcessWideKeyAtomic
 .text.svcSignalProcessWideKey
                0x0000000000006ff8        0x8 C:/devkitPro/libnx/lib\libnx.a(svc.o)
                0x0000000000006ff8                svcSignalProcessWideKey
 .text.svcConnectToNamedPort
                0x0000000000007000       0x14 C:/devkitPro/libnx/lib\libnx.a(svc.o)
                0x0000000000007000                svcConnectToNamedPort
 .text.svcSendSyncRequest
                0x0000000000007014        0x8 C:/devkitPro/libnx/lib\libnx.a(svc.o)
                0x0000000000007014                svcSendSyncRequest
 .text.svcBreak
                0x000000000000701c        0x8 C:/devkitPro/libnx/lib\libnx.a(svc.o)
                0x000000000000701c                svcBreak
 .text.svcReturnFromException
                0x0000000000007024        0x8 C:/devkitPro/libnx/lib\libnx.a(svc.o)
                0x0000000000007024                svcReturnFromException
 .text.svcGetInfo
                0x000000000000702c       0x14 C:/devkitPro/libnx/lib\libnx.a(svc.o)
                0x000000000000702c                svcGetInfo
 .text.svcSleepSystem
                0x0000000000007040        0x8 C:/devkitPro/libnx/lib\libnx.a(svc.o)
                0x0000000000007040                svcSleepSystem
 .text.svcUnmapTransferMemory
                0x0000000000007048        0x8 C:/devkitPro/libnx/lib\libnx.a(svc.o)
                0x0000000000007048                svcUnmapTransferMemory
 .text.__aarch64_read_tp
                0x0000000000007050        0xc C:/devkitPro/libnx/lib\libnx.a(readtp.o)
                0x0000000000007050                __aarch64_read_tp
 *fill*         0x000000000000705c        0x4 
 .text.waitObjects
                0x0000000000007060      0x57c C:/devkitPro/libnx/lib\libnx.a(wait.o)
                0x0000000000007060                waitObjects
 *fill*         0x00000000000075dc        0x4 
 .text.tmemCreate
                0x00000000000075e0       0xa8 C:/devkitPro/libnx/lib\libnx.a(tmem.o)
                0x00000000000075e0                tmemCreate
 *fill*         0x0000000000007688        0x8 
 .text.tmemUnmap
                0x0000000000007690       0x34 C:/devkitPro/libnx/lib\libnx.a(tmem.o)
                0x0000000000007690                tmemUnmap
 *fill*         0x00000000000076c4        0xc 
 .text.tmemCloseHandle
                0x00000000000076d0       0x30 C:/devkitPro/libnx/lib\libnx.a(tmem.o)
                0x00000000000076d0                tmemCloseHandle
 .text.tmemWaitForPermission
                0x0000000000007700       0x9c C:/devkitPro/libnx/lib\libnx.a(tmem.o)
                0x0000000000007700                tmemWaitForPermission
 *fill*         0x000000000000779c        0x4 
 .text.tmemClose
                0x00000000000077a0       0x50 C:/devkitPro/libnx/lib\libnx.a(tmem.o)
                0x00000000000077a0                tmemClose
 .text.mutexLock
                0x00000000000077f0       0xc8 C:/devkitPro/libnx/lib\libnx.a(mutex.o)
                0x00000000000077f0                mutexLock
 *fill*         0x00000000000078b8        0x8 
 .text.mutexUnlock
                0x00000000000078c0       0x68 C:/devkitPro/libnx/lib\libnx.a(mutex.o)
                0x00000000000078c0                mutexUnlock
 *fill*         0x0000000000007928        0x8 
 .text.mutexIsLockedByCurrentThread
                0x0000000000007930       0x1c C:/devkitPro/libnx/lib\libnx.a(mutex.o)
                0x0000000000007930                mutexIsLockedByCurrentThread
 *fill*         0x000000000000794c        0x4 
 .text.rmutexLock
                0x0000000000007950       0x58 C:/devkitPro/libnx/lib\libnx.a(mutex.o)
                0x0000000000007950                rmutexLock
 *fill*         0x00000000000079a8        0x8 
 .text.rmutexUnlock
                0x00000000000079b0       0x1c C:/devkitPro/libnx/lib\libnx.a(mutex.o)
                0x00000000000079b0                rmutexUnlock
 *fill*         0x00000000000079cc        0x4 
 .text._memregionInitWithInfo
                0x00000000000079d0       0x64 C:/devkitPro/libnx/lib\libnx.a(virtmem.o)
 *fill*         0x0000000000007a34        0xc 
 .text.__libnx_virtmem_rng
                0x0000000000007a40        0x4 C:/devkitPro/libnx/lib\libnx.a(virtmem.o)
                0x0000000000007a40                __libnx_virtmem_rng
 *fill*         0x0000000000007a44        0xc 
 .text._memregionFindRandom
                0x0000000000007a50      0x164 C:/devkitPro/libnx/lib\libnx.a(virtmem.o)
 *fill*         0x0000000000007bb4        0xc 
 .text.virtmemSetup
                0x0000000000007bc0      0x140 C:/devkitPro/libnx/lib\libnx.a(virtmem.o)
                0x0000000000007bc0                virtmemSetup
 .text.virtmemLock
                0x0000000000007d00        0xc C:/devkitPro/libnx/lib\libnx.a(virtmem.o)
                0x0000000000007d00                virtmemLock
 *fill*         0x0000000000007d0c        0x4 
 .text.virtmemUnlock
                0x0000000000007d10        0xc C:/devkitPro/libnx/lib\libnx.a(virtmem.o)
                0x0000000000007d10                virtmemUnlock
 *fill*         0x0000000000007d1c        0x4 
 .text.virtmemFindAslr
                0x0000000000007d20       0x50 C:/devkitPro/libnx/lib\libnx.a(virtmem.o)
                0x0000000000007d20                virtmemFindAslr
 .text.eventLoadRemote
                0x0000000000007d70        0xc C:/devkitPro/libnx/lib\libnx.a(event.o)
                0x0000000000007d70                eventLoadRemote
 *fill*         0x0000000000007d7c        0x4 
 .text.eventWait
                0x0000000000007d80       0x34 C:/devkitPro/libnx/lib\libnx.a(event.o)
                0x0000000000007d80                eventWait
 *fill*         0x0000000000007db4        0xc 
 .text.eventClose
                0x0000000000007dc0       0x54 C:/devkitPro/libnx/lib\libnx.a(event.o)
                0x0000000000007dc0                eventClose
 *fill*         0x0000000000007e14        0xc 
 .text.randomGet
                0x0000000000007e20      0x410 C:/devkitPro/libnx/lib\libnx.a(random.o)
                0x0000000000007e20                randomGet
 .text.randomGet64
                0x0000000000008230       0x20 C:/devkitPro/libnx/lib\libnx.a(random.o)
                0x0000000000008230                randomGet64
 .text._apmCleanup
                0x0000000000008250       0xd4 C:/devkitPro/libnx/lib\libnx.a(apm.o)
 *fill*         0x0000000000008324        0xc 
 .text.apmInitialize
                0x0000000000008330      0x194 C:/devkitPro/libnx/lib\libnx.a(apm.o)
                0x0000000000008330                apmInitialize
 *fill*         0x00000000000084c4        0xc 
 .text.apmExit  0x00000000000084d0       0x48 C:/devkitPro/libnx/lib\libnx.a(apm.o)
                0x00000000000084d0                apmExit
 *fill*         0x0000000000008518        0x8 
 .text.apmSetPerformanceConfiguration
                0x0000000000008520       0xc8 C:/devkitPro/libnx/lib\libnx.a(apm.o)
                0x0000000000008520                apmSetPerformanceConfiguration
 *fill*         0x00000000000085e8        0x8 
 .text._fsCleanup
                0x00000000000085f0       0xb4 C:/devkitPro/libnx/lib\libnx.a(fs.o)
 *fill*         0x00000000000086a4        0xc 
 .text._fsCmdNoIO
                0x00000000000086b0      0x1c0 C:/devkitPro/libnx/lib\libnx.a(fs.o)
 .text._fsFsCmdWithInPath
                0x0000000000008870      0x1e0 C:/devkitPro/libnx/lib\libnx.a(fs.o)
 .text._fsFsCmdWithTwoInPaths
                0x0000000000008a50      0x1f8 C:/devkitPro/libnx/lib\libnx.a(fs.o)
 *fill*         0x0000000000008c48        0x8 
 .text._fsFsOpenCommon
                0x0000000000008c50      0x28c C:/devkitPro/libnx/lib\libnx.a(fs.o)
 *fill*         0x0000000000008edc        0x4 
 .text._fsFsCmdWithInPathAndOutU64
                0x0000000000008ee0      0x1fc C:/devkitPro/libnx/lib\libnx.a(fs.o)
 *fill*         0x00000000000090dc        0x4 
 .text._fsObjectClose
                0x00000000000090e0       0xf8 C:/devkitPro/libnx/lib\libnx.a(fs.o)
 *fill*         0x00000000000091d8        0x8 
 .text._fsCmdGetSession.constprop.0
                0x00000000000091e0      0x17c C:/devkitPro/libnx/lib\libnx.a(fs.o)
 *fill*         0x000000000000935c        0x4 
 .text.fsInitialize
                0x0000000000009360      0x2f8 C:/devkitPro/libnx/lib\libnx.a(fs.o)
                0x0000000000009360                fsInitialize
 *fill*         0x0000000000009658        0x8 
 .text.fsExit   0x0000000000009660       0x48 C:/devkitPro/libnx/lib\libnx.a(fs.o)
                0x0000000000009660                fsExit
 *fill*         0x00000000000096a8        0x8 
 .text.fsOpenSdCardFileSystem
                0x00000000000096b0        0x8 C:/devkitPro/libnx/lib\libnx.a(fs.o)
                0x00000000000096b0                fsOpenSdCardFileSystem
 *fill*         0x00000000000096b8        0x8 
 .text.fsFsCreateFile
                0x00000000000096c0      0x1ec C:/devkitPro/libnx/lib\libnx.a(fs.o)
                0x00000000000096c0                fsFsCreateFile
 *fill*         0x00000000000098ac        0x4 
 .text.fsFsDeleteFile
                0x00000000000098b0        0x8 C:/devkitPro/libnx/lib\libnx.a(fs.o)
                0x00000000000098b0                fsFsDeleteFile
 *fill*         0x00000000000098b8        0x8 
 .text.fsFsCreateDirectory
                0x00000000000098c0        0x8 C:/devkitPro/libnx/lib\libnx.a(fs.o)
                0x00000000000098c0                fsFsCreateDirectory
 *fill*         0x00000000000098c8        0x8 
 .text.fsFsDeleteDirectory
                0x00000000000098d0        0x8 C:/devkitPro/libnx/lib\libnx.a(fs.o)
                0x00000000000098d0                fsFsDeleteDirectory
 *fill*         0x00000000000098d8        0x8 
 .text.fsFsRenameFile
                0x00000000000098e0        0x8 C:/devkitPro/libnx/lib\libnx.a(fs.o)
                0x00000000000098e0                fsFsRenameFile
 *fill*         0x00000000000098e8        0x8 
 .text.fsFsRenameDirectory
                0x00000000000098f0        0x8 C:/devkitPro/libnx/lib\libnx.a(fs.o)
                0x00000000000098f0                fsFsRenameDirectory
 *fill*         0x00000000000098f8        0x8 
 .text.fsFsGetEntryType
                0x0000000000009900      0x1f0 C:/devkitPro/libnx/lib\libnx.a(fs.o)
                0x0000000000009900                fsFsGetEntryType
 .text.fsFsOpenFile
                0x0000000000009af0        0x8 C:/devkitPro/libnx/lib\libnx.a(fs.o)
                0x0000000000009af0                fsFsOpenFile
 *fill*         0x0000000000009af8        0x8 
 .text.fsFsOpenDirectory
                0x0000000000009b00        0x8 C:/devkitPro/libnx/lib\libnx.a(fs.o)
                0x0000000000009b00                fsFsOpenDirectory
 *fill*         0x0000000000009b08        0x8 
 .text.fsFsGetFreeSpace
                0x0000000000009b10        0x8 C:/devkitPro/libnx/lib\libnx.a(fs.o)
                0x0000000000009b10                fsFsGetFreeSpace
 *fill*         0x0000000000009b18        0x8 
 .text.fsFsGetTotalSpace
                0x0000000000009b20        0x8 C:/devkitPro/libnx/lib\libnx.a(fs.o)
                0x0000000000009b20                fsFsGetTotalSpace
 *fill*         0x0000000000009b28        0x8 
 .text.fsFsGetFileTimeStampRaw
                0x0000000000009b30      0x230 C:/devkitPro/libnx/lib\libnx.a(fs.o)
                0x0000000000009b30                fsFsGetFileTimeStampRaw
 .text.fsFsClose
                0x0000000000009d60        0x4 C:/devkitPro/libnx/lib\libnx.a(fs.o)
                0x0000000000009d60                fsFsClose
 *fill*         0x0000000000009d64        0xc 
 .text.fsFileRead
                0x0000000000009d70      0x214 C:/devkitPro/libnx/lib\libnx.a(fs.o)
                0x0000000000009d70                fsFileRead
 *fill*         0x0000000000009f84        0xc 
 .text.fsFileWrite
                0x0000000000009f90      0x1f8 C:/devkitPro/libnx/lib\libnx.a(fs.o)
                0x0000000000009f90                fsFileWrite
 *fill*         0x000000000000a188        0x8 
 .text.fsFileFlush
                0x000000000000a190        0x8 C:/devkitPro/libnx/lib\libnx.a(fs.o)
                0x000000000000a190                fsFileFlush
 *fill*         0x000000000000a198        0x8 
 .text.fsFileSetSize
                0x000000000000a1a0      0x1c0 C:/devkitPro/libnx/lib\libnx.a(fs.o)
                0x000000000000a1a0                fsFileSetSize
 .text.fsFileGetSize
                0x000000000000a360      0x1d4 C:/devkitPro/libnx/lib\libnx.a(fs.o)
                0x000000000000a360                fsFileGetSize
 *fill*         0x000000000000a534        0xc 
 .text.fsFileClose
                0x000000000000a540        0x4 C:/devkitPro/libnx/lib\libnx.a(fs.o)
                0x000000000000a540                fsFileClose
 *fill*         0x000000000000a544        0xc 
 .text.fsDirClose
                0x000000000000a550        0x4 C:/devkitPro/libnx/lib\libnx.a(fs.o)
                0x000000000000a550                fsDirClose
 *fill*         0x000000000000a554        0xc 
 .text.fsDirRead
                0x000000000000a560      0x204 C:/devkitPro/libnx/lib\libnx.a(fs.o)
                0x000000000000a560                fsDirRead
 *fill*         0x000000000000a764        0xc 
 .text._smCmifCmdInPid
                0x000000000000a770       0xcc C:/devkitPro/libnx/lib\libnx.a(sm.o)
 *fill*         0x000000000000a83c        0x4 
 .text._smCleanup
                0x000000000000a840       0x78 C:/devkitPro/libnx/lib\libnx.a(sm.o)
 *fill*         0x000000000000a8b8        0x8 
 .text.smAddOverrideHandle
                0x000000000000a8c0       0x48 C:/devkitPro/libnx/lib\libnx.a(sm.o)
                0x000000000000a8c0                smAddOverrideHandle
 *fill*         0x000000000000a908        0x8 
 .text.smGetServiceOverride
                0x000000000000a910       0x54 C:/devkitPro/libnx/lib\libnx.a(sm.o)
                0x000000000000a910                smGetServiceOverride
 *fill*         0x000000000000a964        0xc 
 .text.smInitialize
                0x000000000000a970      0x1ac C:/devkitPro/libnx/lib\libnx.a(sm.o)
                0x000000000000a970                smInitialize
 *fill*         0x000000000000ab1c        0x4 
 .text.smExit   0x000000000000ab20       0x48 C:/devkitPro/libnx/lib\libnx.a(sm.o)
                0x000000000000ab20                smExit
 *fill*         0x000000000000ab68        0x8 
 .text.smGetServiceOriginal
                0x000000000000ab70       0xd0 C:/devkitPro/libnx/lib\libnx.a(sm.o)
                0x000000000000ab70                smGetServiceOriginal
 .text.smGetServiceWrapper
                0x000000000000ac40      0x120 C:/devkitPro/libnx/lib\libnx.a(sm.o)
                0x000000000000ac40                smGetServiceWrapper
 .text._timeCleanup
                0x000000000000ad60      0x27c C:/devkitPro/libnx/lib\libnx.a(time.o)
 *fill*         0x000000000000afdc        0x4 
 .text._timeCmdGetSession.constprop.0
                0x000000000000afe0      0x100 C:/devkitPro/libnx/lib\libnx.a(time.o)
 .text._timeReadClockFromSharedMem
                0x000000000000b0e0      0x104 C:/devkitPro/libnx/lib\libnx.a(time.o)
 *fill*         0x000000000000b1e4        0xc 
 .text.timeInitialize
                0x000000000000b1f0      0x300 C:/devkitPro/libnx/lib\libnx.a(time.o)
                0x000000000000b1f0                timeInitialize
 .text.timeExit
                0x000000000000b4f0       0x48 C:/devkitPro/libnx/lib\libnx.a(time.o)
                0x000000000000b4f0                timeExit
 *fill*         0x000000000000b538        0x8 
 .text.timeGetServiceSession_SystemClock
                0x000000000000b540       0x38 C:/devkitPro/libnx/lib\libnx.a(time.o)
                0x000000000000b540                timeGetServiceSession_SystemClock
 *fill*         0x000000000000b578        0x8 
 .text.timeGetCurrentTime
                0x000000000000b580       0xfc C:/devkitPro/libnx/lib\libnx.a(time.o)
                0x000000000000b580                timeGetCurrentTime
 *fill*         0x000000000000b67c        0x4 
 .text.timeToCalendarTimeWithMyRule
                0x000000000000b680      0x108 C:/devkitPro/libnx/lib\libnx.a(time.o)
                0x000000000000b680                timeToCalendarTimeWithMyRule
 *fill*         0x000000000000b788        0x8 
 .text.timeToPosixTimeWithMyRule
                0x000000000000b790      0x114 C:/devkitPro/libnx/lib\libnx.a(time.o)
                0x000000000000b790                timeToPosixTimeWithMyRule
 *fill*         0x000000000000b8a4        0xc 
 .text._hidCleanup
                0x000000000000b8b0      0x12c C:/devkitPro/libnx/lib\libnx.a(hid.o)
 *fill*         0x000000000000b9dc        0x4 
 .text._hidCmdInAruidNoOut
                0x000000000000b9e0       0xd4 C:/devkitPro/libnx/lib\libnx.a(hid.o)
 *fill*         0x000000000000bab4        0xc 
 .text._hidCmdInU32AruidNoOut
                0x000000000000bac0       0xe0 C:/devkitPro/libnx/lib\libnx.a(hid.o)
 .text._hidGetStates
                0x000000000000bba0      0x194 C:/devkitPro/libnx/lib\libnx.a(hid.o)
 *fill*         0x000000000000bd34        0xc 
 .text.hidInitialize
                0x000000000000bd40      0x26c C:/devkitPro/libnx/lib\libnx.a(hid.o)
                0x000000000000bd40                hidInitialize
 *fill*         0x000000000000bfac        0x4 
 .text.hidExit  0x000000000000bfb0       0x48 C:/devkitPro/libnx/lib\libnx.a(hid.o)
                0x000000000000bfb0                hidExit
 *fill*         0x000000000000bff8        0x8 
 .text.hidGetSharedmemAddr
                0x000000000000c000        0xc C:/devkitPro/libnx/lib\libnx.a(hid.o)
                0x000000000000c000                hidGetSharedmemAddr
 *fill*         0x000000000000c00c        0x4 
 .text.hidGetNpadStyleSet
                0x000000000000c010       0x90 C:/devkitPro/libnx/lib\libnx.a(hid.o)
                0x000000000000c010                hidGetNpadStyleSet
 .text.hidInitializeNpad
                0x000000000000c0a0       0x84 C:/devkitPro/libnx/lib\libnx.a(hid.o)
                0x000000000000c0a0                hidInitializeNpad
 *fill*         0x000000000000c124        0xc 
 .text.hidGetNpadStatesFullKey
                0x000000000000c130       0xa4 C:/devkitPro/libnx/lib\libnx.a(hid.o)
                0x000000000000c130                hidGetNpadStatesFullKey
 *fill*         0x000000000000c1d4        0xc 
 .text.hidGetNpadStatesHandheld
                0x000000000000c1e0       0xa4 C:/devkitPro/libnx/lib\libnx.a(hid.o)
                0x000000000000c1e0                hidGetNpadStatesHandheld
 *fill*         0x000000000000c284        0xc 
 .text.hidGetNpadStatesJoyDual
                0x000000000000c290       0xa4 C:/devkitPro/libnx/lib\libnx.a(hid.o)
                0x000000000000c290                hidGetNpadStatesJoyDual
 *fill*         0x000000000000c334        0xc 
 .text.hidGetNpadStatesJoyLeft
                0x000000000000c340       0xa4 C:/devkitPro/libnx/lib\libnx.a(hid.o)
                0x000000000000c340                hidGetNpadStatesJoyLeft
 *fill*         0x000000000000c3e4        0xc 
 .text.hidGetNpadStatesJoyRight
                0x000000000000c3f0       0xa4 C:/devkitPro/libnx/lib\libnx.a(hid.o)
                0x000000000000c3f0                hidGetNpadStatesJoyRight
 *fill*         0x000000000000c494        0xc 
 .text.hidGetNpadStatesGc
                0x000000000000c4a0      0x144 C:/devkitPro/libnx/lib\libnx.a(hid.o)
                0x000000000000c4a0                hidGetNpadStatesGc
 *fill*         0x000000000000c5e4        0xc 
 .text.hidGetNpadStatesSystemExt
                0x000000000000c5f0       0xa8 C:/devkitPro/libnx/lib\libnx.a(hid.o)
                0x000000000000c5f0                hidGetNpadStatesSystemExt
 *fill*         0x000000000000c698        0x8 
 .text.hidSetSupportedNpadStyleSet
                0x000000000000c6a0        0x8 C:/devkitPro/libnx/lib\libnx.a(hid.o)
                0x000000000000c6a0                hidSetSupportedNpadStyleSet
 *fill*         0x000000000000c6a8        0x8 
 .text.hidSetSupportedNpadIdType
                0x000000000000c6b0      0x100 C:/devkitPro/libnx/lib\libnx.a(hid.o)
                0x000000000000c6b0                hidSetSupportedNpadIdType
 .text.framebufferMakeLinear
                0x000000000000c7b0       0x8c C:/devkitPro/libnx/lib\libnx.a(framebuffer.o)
                0x000000000000c7b0                framebufferMakeLinear
 *fill*         0x000000000000c83c        0x4 
 .text.framebufferClose
                0x000000000000c840       0x84 C:/devkitPro/libnx/lib\libnx.a(framebuffer.o)
                0x000000000000c840                framebufferClose
 *fill*         0x000000000000c8c4        0xc 
 .text.framebufferCreate
                0x000000000000c8d0      0x290 C:/devkitPro/libnx/lib\libnx.a(framebuffer.o)
                0x000000000000c8d0                framebufferCreate
 .text.framebufferBegin
                0x000000000000cb60       0x7c C:/devkitPro/libnx/lib\libnx.a(framebuffer.o)
                0x000000000000cb60                framebufferBegin
 *fill*         0x000000000000cbdc        0x4 
 .text.framebufferEnd
                0x000000000000cbe0      0x190 C:/devkitPro/libnx/lib\libnx.a(framebuffer.o)
                0x000000000000cbe0                framebufferEnd
 .text.nwindowGetDefault
                0x000000000000cd70        0xc C:/devkitPro/libnx/lib\libnx.a(default_window.o)
                0x000000000000cd70                nwindowGetDefault
 *fill*         0x000000000000cd7c        0x4 
 .text.__nx_win_init
                0x000000000000cd80       0xa4 C:/devkitPro/libnx/lib\libnx.a(default_window.o)
                0x000000000000cd80                __nx_win_init
 *fill*         0x000000000000ce24        0xc 
 .text.__nx_win_exit
                0x000000000000ce30       0x34 C:/devkitPro/libnx/lib\libnx.a(default_window.o)
                0x000000000000ce30                __nx_win_exit
 *fill*         0x000000000000ce64        0xc 
 .text.nwindowIsValid
                0x000000000000ce70       0x24 C:/devkitPro/libnx/lib\libnx.a(native_window.o)
                0x000000000000ce70                nwindowIsValid
 *fill*         0x000000000000ce94        0xc 
 .text.nwindowClose
                0x000000000000cea0       0x7c C:/devkitPro/libnx/lib\libnx.a(native_window.o)
                0x000000000000cea0                nwindowClose
 *fill*         0x000000000000cf1c        0x4 
 .text.nwindowCreate
                0x000000000000cf20       0xf8 C:/devkitPro/libnx/lib\libnx.a(native_window.o)
                0x000000000000cf20                nwindowCreate
 *fill*         0x000000000000d018        0x8 
 .text.nwindowCreateFromLayer
                0x000000000000d020       0x38 C:/devkitPro/libnx/lib\libnx.a(native_window.o)
                0x000000000000d020                nwindowCreateFromLayer
 *fill*         0x000000000000d058        0x8 
 .text.nwindowSetDimensions
                0x000000000000d060       0x84 C:/devkitPro/libnx/lib\libnx.a(native_window.o)
                0x000000000000d060                nwindowSetDimensions
 *fill*         0x000000000000d0e4        0xc 
 .text.nwindowConfigureBuffer
                0x000000000000d0f0      0x180 C:/devkitPro/libnx/lib\libnx.a(native_window.o)
                0x000000000000d0f0                nwindowConfigureBuffer
 .text.nwindowDequeueBuffer
                0x000000000000d270      0x1cc C:/devkitPro/libnx/lib\libnx.a(native_window.o)
                0x000000000000d270                nwindowDequeueBuffer
 *fill*         0x000000000000d43c        0x4 
 .text.nwindowQueueBuffer
                0x000000000000d440      0x12c C:/devkitPro/libnx/lib\libnx.a(native_window.o)
                0x000000000000d440                nwindowQueueBuffer
 *fill*         0x000000000000d56c        0x4 
 .text.nwindowReleaseBuffers
                0x000000000000d570       0xbc C:/devkitPro/libnx/lib\libnx.a(native_window.o)
                0x000000000000d570                nwindowReleaseBuffers
 *fill*         0x000000000000d62c        0x4 
 .text.__nx_dynamic
                0x000000000000d630      0x1fc C:/devkitPro/libnx/lib\libnx.a(dynamic.o)
                0x000000000000d630                __nx_dynamic
 *fill*         0x000000000000d82c        0x4 
 .text.__libnx_initheap
                0x000000000000d830       0xd0 C:/devkitPro/libnx/lib\libnx.a(init.o)
                0x000000000000d830                __libnx_initheap
 .text.__appInit
                0x000000000000d900       0xec C:/devkitPro/libnx/lib\libnx.a(init.o)
                0x000000000000d900                __appInit
 *fill*         0x000000000000d9ec        0x4 
 .text.__appExit
                0x000000000000d9f0       0x44 C:/devkitPro/libnx/lib\libnx.a(init.o)
                0x000000000000d9f0                __appExit
 *fill*         0x000000000000da34        0xc 
 .text.__libnx_init
                0x000000000000da40       0x2c C:/devkitPro/libnx/lib\libnx.a(init.o)
                0x000000000000da40                __libnx_init
 *fill*         0x000000000000da6c        0x4 
 .text.__libnx_exit
                0x000000000000da70       0x1c C:/devkitPro/libnx/lib\libnx.a(init.o)
                0x000000000000da70                __libnx_exit
 *fill*         0x000000000000da8c        0x4 
 .text.__libnx_alloc
                0x000000000000da90        0x4 C:/devkitPro/libnx/lib\libnx.a(alloc.o)
                0x000000000000da90                __libnx_alloc
 *fill*         0x000000000000da94        0xc 
 .text.__libnx_aligned_alloc
                0x000000000000daa0       0x14 C:/devkitPro/libnx/lib\libnx.a(alloc.o)
                0x000000000000daa0                __libnx_aligned_alloc
 *fill*         0x000000000000dab4        0xc 
 .text.__libnx_free
                0x000000000000dac0        0x4 C:/devkitPro/libnx/lib\libnx.a(alloc.o)
                0x000000000000dac0                __libnx_free
 *fill*         0x000000000000dac4        0xc 
 .text.__syscall_exit
                0x000000000000dad0       0x1c C:/devkitPro/libnx/lib\libnx.a(newlib.o)
                0x000000000000dad0                __syscall_exit
 *fill*         0x000000000000daec        0x4 
 .text.__syscall_getreent
                0x000000000000daf0       0x34 C:/devkitPro/libnx/lib\libnx.a(newlib.o)
                0x000000000000daf0                __syscall_getreent
 *fill*         0x000000000000db24        0xc 
 .text.__syscall_lock_acquire
                0x000000000000db30        0x4 C:/devkitPro/libnx/lib\libnx.a(newlib.o)
                0x000000000000db30                __syscall_lock_acquire
 *fill*         0x000000000000db34        0xc 
 .text.__syscall_lock_release
                0x000000000000db40        0x4 C:/devkitPro/libnx/lib\libnx.a(newlib.o)
                0x000000000000db40                __syscall_lock_release
 *fill*         0x000000000000db44        0xc 
 .text.__syscall_lock_acquire_recursive
                0x000000000000db50        0x4 C:/devkitPro/libnx/lib\libnx.a(newlib.o)
                0x000000000000db50                __syscall_lock_acquire_recursive
 *fill*         0x000000000000db54        0xc 
 .text.__syscall_lock_release_recursive
                0x000000000000db60        0x4 C:/devkitPro/libnx/lib\libnx.a(newlib.o)
                0x000000000000db60                __syscall_lock_release_recursive
 *fill*         0x000000000000db64        0xc 
 .text.__libnx_init_time
                0x000000000000db70      0x25c C:/devkitPro/libnx/lib\libnx.a(newlib.o)
                0x000000000000db70                __libnx_init_time
 *fill*         0x000000000000ddcc        0x4 
 .text.newlibSetup
                0x000000000000ddd0       0x98 C:/devkitPro/libnx/lib\libnx.a(newlib.o)
                0x000000000000ddd0                newlibSetup
 *fill*         0x000000000000de68        0x8 
 .text.argvSetup
                0x000000000000de70      0x314 C:/devkitPro/libnx/lib\libnx.a(argv.o)
                0x000000000000de70                argvSetup
 .text.armDCacheFlush
                0x000000000000e184       0x4c C:/devkitPro/libnx/lib\libnx.a(cache.o)
                0x000000000000e184                armDCacheFlush
 .text.__libnx_exception_entry
                0x000000000000e1d0      0x1c0 C:/devkitPro/libnx/lib\libnx.a(exception.o)
                0x000000000000e1d0                __libnx_exception_entry
 .text.__libnx_exception_returnentry
                0x000000000000e390       0x18 C:/devkitPro/libnx/lib\libnx.a(exception.o)
                0x000000000000e390                __libnx_exception_returnentry
 *fill*         0x000000000000e3a8        0x8 
 .text.shmemLoadRemote
                0x000000000000e3b0       0x14 C:/devkitPro/libnx/lib\libnx.a(shmem.o)
                0x000000000000e3b0                shmemLoadRemote
 *fill*         0x000000000000e3c4        0xc 
 .text.shmemMap
                0x000000000000e3d0       0x70 C:/devkitPro/libnx/lib\libnx.a(shmem.o)
                0x000000000000e3d0                shmemMap
 .text.shmemUnmap
                0x000000000000e440       0x34 C:/devkitPro/libnx/lib\libnx.a(shmem.o)
                0x000000000000e440                shmemUnmap
 *fill*         0x000000000000e474        0xc 
 .text.shmemClose
                0x000000000000e480       0x4c C:/devkitPro/libnx/lib\libnx.a(shmem.o)
                0x000000000000e480                shmemClose
 *fill*         0x000000000000e4cc        0x4 
 .text.condvarWaitTimeout
                0x000000000000e4d0       0x70 C:/devkitPro/libnx/lib\libnx.a(condvar.o)
                0x000000000000e4d0                condvarWaitTimeout
 .text.__libnx_init_thread
                0x000000000000e540       0xb0 C:/devkitPro/libnx/lib\libnx.a(thread.o)
                0x000000000000e540                __libnx_init_thread
 .text.sessionmgrCreate
                0x000000000000e5f0      0x184 C:/devkitPro/libnx/lib\libnx.a(sessionmgr.o)
                0x000000000000e5f0                sessionmgrCreate
 *fill*         0x000000000000e774        0xc 
 .text.sessionmgrClose
                0x000000000000e780       0x84 C:/devkitPro/libnx/lib\libnx.a(sessionmgr.o)
                0x000000000000e780                sessionmgrClose
 *fill*         0x000000000000e804        0xc 
 .text.sessionmgrAttachClient
                0x000000000000e810       0xa8 C:/devkitPro/libnx/lib\libnx.a(sessionmgr.o)
                0x000000000000e810                sessionmgrAttachClient
 *fill*         0x000000000000e8b8        0x8 
 .text.sessionmgrDetachClient
                0x000000000000e8c0       0x60 C:/devkitPro/libnx/lib\libnx.a(sessionmgr.o)
                0x000000000000e8c0                sessionmgrDetachClient
 .text._viCleanup
                0x000000000000e920      0x230 C:/devkitPro/libnx/lib\libnx.a(vi.o)
 .text._viCmdGetSessionNoParams.constprop.0
                0x000000000000eb50      0x100 C:/devkitPro/libnx/lib\libnx.a(vi.o)
 .text.viInitialize
                0x000000000000ec50      0x368 C:/devkitPro/libnx/lib\libnx.a(vi.o)
                0x000000000000ec50                viInitialize
 *fill*         0x000000000000efb8        0x8 
 .text.viExit   0x000000000000efc0       0x48 C:/devkitPro/libnx/lib\libnx.a(vi.o)
                0x000000000000efc0                viExit
 *fill*         0x000000000000f008        0x8 
 .text.viGetSession_IHOSBinderDriverRelay
                0x000000000000f010        0xc C:/devkitPro/libnx/lib\libnx.a(vi.o)
                0x000000000000f010                viGetSession_IHOSBinderDriverRelay
 *fill*         0x000000000000f01c        0x4 
 .text.viOpenDisplay
                0x000000000000f020      0x10c C:/devkitPro/libnx/lib\libnx.a(vi.o)
                0x000000000000f020                viOpenDisplay
 *fill*         0x000000000000f12c        0x4 
 .text.viCloseDisplay
                0x000000000000f130       0xec C:/devkitPro/libnx/lib\libnx.a(vi.o)
                0x000000000000f130                viCloseDisplay
 *fill*         0x000000000000f21c        0x4 
 .text.viCloseLayer
                0x000000000000f220       0xf4 C:/devkitPro/libnx/lib\libnx.a(vi.o)
                0x000000000000f220                viCloseLayer
 *fill*         0x000000000000f314        0xc 
 .text.viCreateLayer
                0x000000000000f320      0x394 C:/devkitPro/libnx/lib\libnx.a(vi.o)
                0x000000000000f320                viCreateLayer
 *fill*         0x000000000000f6b4        0xc 
 .text.viSetLayerScalingMode
                0x000000000000f6c0       0xd8 C:/devkitPro/libnx/lib\libnx.a(vi.o)
                0x000000000000f6c0                viSetLayerScalingMode
 *fill*         0x000000000000f798        0x8 
 .text._setsysGetFirmwareVersionImpl
                0x000000000000f7a0       0xd0 C:/devkitPro/libnx/lib\libnx.a(set.o)
 .text._setsysCleanup
                0x000000000000f870       0x78 C:/devkitPro/libnx/lib\libnx.a(set.o)
 *fill*         0x000000000000f8e8        0x8 
 .text.setsysInitialize
                0x000000000000f8f0       0xa0 C:/devkitPro/libnx/lib\libnx.a(set.o)
                0x000000000000f8f0                setsysInitialize
 .text.setsysExit
                0x000000000000f990       0x48 C:/devkitPro/libnx/lib\libnx.a(set.o)
                0x000000000000f990                setsysExit
 *fill*         0x000000000000f9d8        0x8 
 .text.setsysGetFirmwareVersion
                0x000000000000f9e0       0x48 C:/devkitPro/libnx/lib\libnx.a(set.o)
                0x000000000000f9e0                setsysGetFirmwareVersion
 *fill*         0x000000000000fa28        0x8 
 .text._nvCleanup
                0x000000000000fa30       0xd0 C:/devkitPro/libnx/lib\libnx.a(nv.o)
 .text._nvCmdInitialize.constprop.0
                0x000000000000fb00       0xd4 C:/devkitPro/libnx/lib\libnx.a(nv.o)
 *fill*         0x000000000000fbd4        0xc 
 .text.__nx_nv_create_tmem
                0x000000000000fbe0       0x18 C:/devkitPro/libnx/lib\libnx.a(nv.o)
                0x000000000000fbe0                __nx_nv_create_tmem
 *fill*         0x000000000000fbf8        0x8 
 .text.nvInitialize
                0x000000000000fc00      0x3a8 C:/devkitPro/libnx/lib\libnx.a(nv.o)
                0x000000000000fc00                nvInitialize
 *fill*         0x000000000000ffa8        0x8 
 .text.nvExit   0x000000000000ffb0       0x48 C:/devkitPro/libnx/lib\libnx.a(nv.o)
                0x000000000000ffb0                nvExit
 *fill*         0x000000000000fff8        0x8 
 .text.nvConvertError
                0x0000000000010000       0xf4 C:/devkitPro/libnx/lib\libnx.a(nv.o)
                0x0000000000010000                nvConvertError
 *fill*         0x00000000000100f4        0xc 
 .text.nvOpen   0x0000000000010100      0x114 C:/devkitPro/libnx/lib\libnx.a(nv.o)
                0x0000000000010100                nvOpen
 *fill*         0x0000000000010214        0xc 
 .text.nvIoctl  0x0000000000010220      0x310 C:/devkitPro/libnx/lib\libnx.a(nv.o)
                0x0000000000010220                nvIoctl
 .text.nvClose  0x0000000000010530       0xd4 C:/devkitPro/libnx/lib\libnx.a(nv.o)
                0x0000000000010530                nvClose
 *fill*         0x0000000000010604        0xc 
 .text.nvQueryEvent
                0x0000000000010610      0x10c C:/devkitPro/libnx/lib\libnx.a(nv.o)
                0x0000000000010610                nvQueryEvent
 *fill*         0x000000000001071c        0x4 
 .text._nvFenceCleanup
                0x0000000000010720       0x74 C:/devkitPro/libnx/lib\libnx.a(fence.o)
 *fill*         0x0000000000010794        0xc 
 .text.nvFenceInit
                0x00000000000107a0       0x98 C:/devkitPro/libnx/lib\libnx.a(fence.o)
                0x00000000000107a0                nvFenceInit
 *fill*         0x0000000000010838        0x8 
 .text.nvFenceExit
                0x0000000000010840       0x48 C:/devkitPro/libnx/lib\libnx.a(fence.o)
                0x0000000000010840                nvFenceExit
 *fill*         0x0000000000010888        0x8 
 .text.nvFenceWait
                0x0000000000010890      0x290 C:/devkitPro/libnx/lib\libnx.a(fence.o)
                0x0000000000010890                nvFenceWait
 .text.nvMultiFenceWait
                0x0000000000010b20       0x7c C:/devkitPro/libnx/lib\libnx.a(fence.o)
                0x0000000000010b20                nvMultiFenceWait
 *fill*         0x0000000000010b9c        0x4 
 .text.nvMapInit
                0x0000000000010ba0       0xac C:/devkitPro/libnx/lib\libnx.a(map.o)
                0x0000000000010ba0                nvMapInit
 *fill*         0x0000000000010c4c        0x4 
 .text.nvMapExit
                0x0000000000010c50       0x74 C:/devkitPro/libnx/lib\libnx.a(map.o)
                0x0000000000010c50                nvMapExit
 *fill*         0x0000000000010cc4        0xc 
 .text.nvMapClose
                0x0000000000010cd0       0x8c C:/devkitPro/libnx/lib\libnx.a(map.o)
                0x0000000000010cd0                nvMapClose
 *fill*         0x0000000000010d5c        0x4 
 .text.nvMapCreate
                0x0000000000010d60      0x160 C:/devkitPro/libnx/lib\libnx.a(map.o)
                0x0000000000010d60                nvMapCreate
 .text.nvioctlNvhostCtrl_EventSignal
                0x0000000000010ec0       0x24 C:/devkitPro/libnx/lib\libnx.a(nvhost-ctrl.o)
                0x0000000000010ec0                nvioctlNvhostCtrl_EventSignal
 *fill*         0x0000000000010ee4        0xc 
 .text.nvioctlNvhostCtrl_EventWait
                0x0000000000010ef0       0x3c C:/devkitPro/libnx/lib\libnx.a(nvhost-ctrl.o)
                0x0000000000010ef0                nvioctlNvhostCtrl_EventWait
 *fill*         0x0000000000010f2c        0x4 
 .text.nvioctlNvhostCtrl_EventWaitAsync
                0x0000000000010f30       0x28 C:/devkitPro/libnx/lib\libnx.a(nvhost-ctrl.o)
                0x0000000000010f30                nvioctlNvhostCtrl_EventWaitAsync
 *fill*         0x0000000000010f58        0x8 
 .text.nvioctlNvhostCtrl_EventRegister
                0x0000000000010f60       0x24 C:/devkitPro/libnx/lib\libnx.a(nvhost-ctrl.o)
                0x0000000000010f60                nvioctlNvhostCtrl_EventRegister
 *fill*         0x0000000000010f84        0xc 
 .text.nvioctlNvhostCtrl_EventUnregister
                0x0000000000010f90       0x24 C:/devkitPro/libnx/lib\libnx.a(nvhost-ctrl.o)
                0x0000000000010f90                nvioctlNvhostCtrl_EventUnregister
 *fill*         0x0000000000010fb4        0xc 
 .text.nvioctlNvmap_Create
                0x0000000000010fc0       0x3c C:/devkitPro/libnx/lib\libnx.a(nvmap.o)
                0x0000000000010fc0                nvioctlNvmap_Create
 *fill*         0x0000000000010ffc        0x4 
 .text.nvioctlNvmap_Alloc
                0x0000000000011000       0x30 C:/devkitPro/libnx/lib\libnx.a(nvmap.o)
                0x0000000000011000                nvioctlNvmap_Alloc
 .text.nvioctlNvmap_Free
                0x0000000000011030       0x30 C:/devkitPro/libnx/lib\libnx.a(nvmap.o)
                0x0000000000011030                nvioctlNvmap_Free
 .text.nvioctlNvmap_GetId
                0x0000000000011060       0x3c C:/devkitPro/libnx/lib\libnx.a(nvmap.o)
                0x0000000000011060                nvioctlNvmap_GetId
 *fill*         0x000000000001109c        0x4 
 .text.bqRequestBuffer
                0x00000000000110a0       0xc8 C:/devkitPro/libnx/lib\libnx.a(buffer_producer.o)
                0x00000000000110a0                bqRequestBuffer
 *fill*         0x0000000000011168        0x8 
 .text.bqDequeueBuffer
                0x0000000000011170      0x128 C:/devkitPro/libnx/lib\libnx.a(buffer_producer.o)
                0x0000000000011170                bqDequeueBuffer
 *fill*         0x0000000000011298        0x8 
 .text.bqQueueBuffer
                0x00000000000112a0       0xc8 C:/devkitPro/libnx/lib\libnx.a(buffer_producer.o)
                0x00000000000112a0                bqQueueBuffer
 *fill*         0x0000000000011368        0x8 
 .text.bqCancelBuffer
                0x0000000000011370       0x84 C:/devkitPro/libnx/lib\libnx.a(buffer_producer.o)
                0x0000000000011370                bqCancelBuffer
 *fill*         0x00000000000113f4        0xc 
 .text.bqConnect
                0x0000000000011400       0xd0 C:/devkitPro/libnx/lib\libnx.a(buffer_producer.o)
                0x0000000000011400                bqConnect
 .text.bqDisconnect
                0x00000000000114d0       0x88 C:/devkitPro/libnx/lib\libnx.a(buffer_producer.o)
                0x00000000000114d0                bqDisconnect
 *fill*         0x0000000000011558        0x8 
 .text.bqSetPreallocatedBuffer
                0x0000000000011560      0x194 C:/devkitPro/libnx/lib\libnx.a(buffer_producer.o)
                0x0000000000011560                bqSetPreallocatedBuffer
 *fill*         0x00000000000116f4        0xc 
 .text.binderCreate
                0x0000000000011700       0x1c C:/devkitPro/libnx/lib\libnx.a(binder.o)
                0x0000000000011700                binderCreate
 *fill*         0x000000000001171c        0x4 
 .text.binderTransactParcel
                0x0000000000011720      0x35c C:/devkitPro/libnx/lib\libnx.a(binder.o)
                0x0000000000011720                binderTransactParcel
 *fill*         0x0000000000011a7c        0x4 
 .text.binderConvertErrorCode
                0x0000000000011a80       0xe8 C:/devkitPro/libnx/lib\libnx.a(binder.o)
                0x0000000000011a80                binderConvertErrorCode
 *fill*         0x0000000000011b68        0x8 
 .text.binderAdjustRefcount
                0x0000000000011b70      0x124 C:/devkitPro/libnx/lib\libnx.a(binder.o)
                0x0000000000011b70                binderAdjustRefcount
 *fill*         0x0000000000011c94        0xc 
 .text.binderInitSession
                0x0000000000011ca0       0x9c C:/devkitPro/libnx/lib\libnx.a(binder.o)
                0x0000000000011ca0                binderInitSession
 *fill*         0x0000000000011d3c        0x4 
 .text.binderClose
                0x0000000000011d40       0x5c C:/devkitPro/libnx/lib\libnx.a(binder.o)
                0x0000000000011d40                binderClose
 *fill*         0x0000000000011d9c        0x4 
 .text.binderGetNativeHandle
                0x0000000000011da0      0x154 C:/devkitPro/libnx/lib\libnx.a(binder.o)
                0x0000000000011da0                binderGetNativeHandle
 *fill*         0x0000000000011ef4        0xc 
 .text.parcelCreate
                0x0000000000011f00       0x30 C:/devkitPro/libnx/lib\libnx.a(parcel.o)
                0x0000000000011f00                parcelCreate
 .text.parcelTransact
                0x0000000000011f30      0x174 C:/devkitPro/libnx/lib\libnx.a(parcel.o)
                0x0000000000011f30                parcelTransact
 *fill*         0x00000000000120a4        0xc 
 .text.parcelWriteData
                0x00000000000120b0       0x80 C:/devkitPro/libnx/lib\libnx.a(parcel.o)
                0x00000000000120b0                parcelWriteData
 .text.parcelReadData
                0x0000000000012130       0x88 C:/devkitPro/libnx/lib\libnx.a(parcel.o)
                0x0000000000012130                parcelReadData
 *fill*         0x00000000000121b8        0x8 
 .text.parcelWriteInt32
                0x00000000000121c0       0x20 C:/devkitPro/libnx/lib\libnx.a(parcel.o)
                0x00000000000121c0                parcelWriteInt32
 .text.parcelWriteUInt32
                0x00000000000121e0       0x20 C:/devkitPro/libnx/lib\libnx.a(parcel.o)
                0x00000000000121e0                parcelWriteUInt32
 .text.parcelWriteString16
                0x0000000000012200       0x7c C:/devkitPro/libnx/lib\libnx.a(parcel.o)
                0x0000000000012200                parcelWriteString16
 *fill*         0x000000000001227c        0x4 
 .text.parcelWriteInterfaceToken
                0x0000000000012280       0x30 C:/devkitPro/libnx/lib\libnx.a(parcel.o)
                0x0000000000012280                parcelWriteInterfaceToken
 .text.parcelReadInt32
                0x00000000000122b0       0x24 C:/devkitPro/libnx/lib\libnx.a(parcel.o)
                0x00000000000122b0                parcelReadInt32
 *fill*         0x00000000000122d4        0xc 
 .text.parcelReadFlattenedObject
                0x00000000000122e0       0x68 C:/devkitPro/libnx/lib\libnx.a(parcel.o)
                0x00000000000122e0                parcelReadFlattenedObject
 *fill*         0x0000000000012348        0x8 
 .text.parcelWriteFlattenedObject
                0x0000000000012350       0x44 C:/devkitPro/libnx/lib\libnx.a(parcel.o)
                0x0000000000012350                parcelWriteFlattenedObject
 *fill*         0x0000000000012394        0xc 
 .text.nxlinkSetup
                0x00000000000123a0       0xe8 C:/devkitPro/libnx/lib\libnx.a(nxlink.o)
                0x00000000000123a0                nxlinkSetup
 *fill*         0x0000000000012488       0x18 
 .text._fgets_r
                0x00000000000124a0      0x184 C:/devkitPro/devkitA64/bin/../lib/gcc/aarch64-none-elf/15.1.0/../../../../aarch64-none-elf/lib/pic\libg.a(libc_a-fgets.o)
                0x00000000000124a0                _fgets_r
 *fill*         0x0000000000012624       0x1c 
 .text.fgets    0x0000000000012640       0x34 C:/devkitPro/devkitA64/bin/../lib/gcc/aarch64-none-elf/15.1.0/../../../../aarch64-none-elf/lib/pic\libg.a(libc_a-fgets.o)
                0x0000000000012640                fgets
 *fill*         0x0000000000012674        0xc 
 .text._fclose_r
                0x0000000000012680      0x130 C:/devkitPro/devkitA64/bin/../lib/gcc/aarch64-none-elf/15.1.0/../../../../aarch64-none-elf/lib/pic\libg.a(libc_a-fclose.o)
                0x0000000000012680                _fclose_r
 *fill*         0x00000000000127b0       0x10 
 .text.fclose   0x00000000000127c0       0x1c C:/devkitPro/devkitA64/bin/../lib/gcc/aarch64-none-elf/15.1.0/../../../../aarch64-none-elf/lib/pic\libg.a(libc_a-fclose.o)
                0x00000000000127c0                fclose
 *fill*         0x00000000000127dc       0x24 
 .text          0x0000000000012800      0x104 C:/devkitPro/devkitA64/bin/../lib/gcc/aarch64-none-elf/15.1.0/../../../../aarch64-none-elf/lib/pic\libg.a(libc_a-memset.o)
                0x0000000000012800                memset
 *fill*         0x0000000000012904       0x1c 
 .text.setenv   0x0000000000012920       0x34 C:/devkitPro/devkitA64/bin/../lib/gcc/aarch64-none-elf/15.1.0/../../../../aarch64-none-elf/lib/pic\libg.a(libc_a-setenv.o)
                0x0000000000012920                setenv
 *fill*         0x0000000000012954       0x2c 
 .text          0x0000000000012980      0x134 C:/devkitPro/devkitA64/bin/../lib/gcc/aarch64-none-elf/15.1.0/../../../../aarch64-none-elf/lib/pic\libg.a(libc_a-strcmp.o)
                0x0000000000012980                strcmp
 *fill*         0x0000000000012ab4        0xc 
 .text.strcspn  0x0000000000012ac0       0x5c C:/devkitPro/devkitA64/bin/../lib/gcc/aarch64-none-elf/15.1.0/../../../../aarch64-none-elf/lib/pic\libg.a(libc_a-strcspn.o)
                0x0000000000012ac0                strcspn
 *fill*         0x0000000000012b1c       0x24 
 .text          0x0000000000012b40      0x1b4 C:/devkitPro/devkitA64/bin/../lib/gcc/aarch64-none-elf/15.1.0/../../../../aarch64-none-elf/lib/pic\libg.a(libc_a-strncmp.o)
                0x0000000000012b40                strncmp
 *fill*         0x0000000000012cf4        0xc 
 .text          0x0000000000012d00       0xdc C:/devkitPro/devkitA64/bin/../lib/gcc/aarch64-none-elf/15.1.0/../../../../aarch64-none-elf/lib/pic\libg.a(libc_a-memchr.o)
                0x0000000000012d00                memchr
 *fill*         0x0000000000012ddc        0x4 
 .text.stdio_exit_handler
                0x0000000000012de0       0x1c C:/devkitPro/devkitA64/bin/../lib/gcc/aarch64-none-elf/15.1.0/../../../../aarch64-none-elf/lib/pic\libg.a(libc_a-findfp.o)
 *fill*         0x0000000000012dfc        0x4 
 .text.cleanup_stdio
                0x0000000000012e00       0x6c C:/devkitPro/devkitA64/bin/../lib/gcc/aarch64-none-elf/15.1.0/../../../../aarch64-none-elf/lib/pic\libg.a(libc_a-findfp.o)
 *fill*         0x0000000000012e6c       0x14 
 .text.global_stdio_init.part.0
                0x0000000000012e80      0x134 C:/devkitPro/devkitA64/bin/../lib/gcc/aarch64-none-elf/15.1.0/../../../../aarch64-none-elf/lib/pic\libg.a(libc_a-findfp.o)
 *fill*         0x0000000000012fb4        0xc 
 .text.__sfp_lock_acquire
                0x0000000000012fc0        0xc C:/devkitPro/devkitA64/bin/../lib/gcc/aarch64-none-elf/15.1.0/../../../../aarch64-none-elf/lib/pic\libg.a(libc_a-findfp.o)
                0x0000000000012fc0                __sfp_lock_acquire
 *fill*         0x0000000000012fcc       0x14 
 .text.__sfp_lock_release
                0x0000000000012fe0        0xc C:/devkitPro/devkitA64/bin/../lib/gcc/aarch64-none-elf/15.1.0/../../../../aarch64-none-elf/lib/pic\libg.a(libc_a-findfp.o)
                0x0000000000012fe0                __sfp_lock_release
 *fill*         0x0000000000012fec       0x14 
 .text.__sfp    0x0000000000013000      0x138 C:/devkitPro/devkitA64/bin/../lib/gcc/aarch64-none-elf/15.1.0/../../../../aarch64-none-elf/lib/pic\libg.a(libc_a-findfp.o)
                0x0000000000013000                __sfp
 *fill*         0x0000000000013138        0x8 
 .text.__sinit  0x0000000000013140       0x54 C:/devkitPro/devkitA64/bin/../lib/gcc/aarch64-none-elf/15.1.0/../../../../aarch64-none-elf/lib/pic\libg.a(libc_a-findfp.o)
                0x0000000000013140                __sinit
 *fill*         0x0000000000013194        0xc 
 .text._strtoul_l.isra.0
                0x00000000000131a0      0x1a4 C:/devkitPro/devkitA64/bin/../lib/gcc/aarch64-none-elf/15.1.0/../../../../aarch64-none-elf/lib/pic\libg.a(libc_a-strtoul.o)
 *fill*         0x0000000000013344       0x1c 
 .text._strtoul_r
                0x0000000000013360       0x34 C:/devkitPro/devkitA64/bin/../lib/gcc/aarch64-none-elf/15.1.0/../../../../aarch64-none-elf/lib/pic\libg.a(libc_a-strtoul.o)
                0x0000000000013360                _strtoul_r
 *fill*         0x0000000000013394        0xc 
 .text.strtoul  0x00000000000133a0       0x40 C:/devkitPro/devkitA64/bin/../lib/gcc/aarch64-none-elf/15.1.0/../../../../aarch64-none-elf/lib/pic\libg.a(libc_a-strtoul.o)
                0x00000000000133a0                strtoul
 .text.__libc_init_array
                0x00000000000133e0       0xa4 C:/devkitPro/devkitA64/bin/../lib/gcc/aarch64-none-elf/15.1.0/../../../../aarch64-none-elf/lib/pic\libg.a(libc_a-init.o)
                0x00000000000133e0                __libc_init_array
 *fill*         0x0000000000013484       0x1c 
 .text.strncat  0x00000000000134a0       0x88 C:/devkitPro/devkitA64/bin/../lib/gcc/aarch64-none-elf/15.1.0/../../../../aarch64-none-elf/lib/pic\libg.a(libc_a-strncat.o)
                0x00000000000134a0                strncat
 *fill*         0x0000000000013528       0x18 
 .text._fwalk_sglue
                0x0000000000013540       0x98 C:/devkitPro/devkitA64/bin/../lib/gcc/aarch64-none-elf/15.1.0/../../../../aarch64-none-elf/lib/pic\libg.a(libc_a-fwalk.o)
                0x0000000000013540                _fwalk_sglue
 *fill*         0x00000000000135d8        0x8 
 .text.bsearch  0x00000000000135e0       0xb4 C:/devkitPro/devkitA64/bin/../lib/gcc/aarch64-none-elf/15.1.0/../../../../aarch64-none-elf/lib/pic\libg.a(libc_a-bsearch.o)
                0x00000000000135e0                bsearch
 *fill*         0x0000000000013694        0xc 
 .text.__errno  0x00000000000136a0       0x14 C:/devkitPro/devkitA64/bin/../lib/gcc/aarch64-none-elf/15.1.0/../../../../aarch64-none-elf/lib/pic\libg.a(libc_a-errno.o)
                0x00000000000136a0                __errno
 *fill*         0x00000000000136b4        0xc 
 .text.aligned_alloc
                0x00000000000136c0       0x2c C:/devkitPro/devkitA64/bin/../lib/gcc/aarch64-none-elf/15.1.0/../../../../aarch64-none-elf/lib/pic\libg.a(libc_a-aligned_alloc.o)
                0x00000000000136c0                aligned_alloc
 *fill*         0x00000000000136ec       0x14 
 .text._puts_r  0x0000000000013700       0xd4 C:/devkitPro/devkitA64/bin/../lib/gcc/aarch64-none-elf/15.1.0/../../../../aarch64-none-elf/lib/pic\libg.a(libc_a-puts.o)
                0x0000000000013700                _puts_r
 *fill*         0x00000000000137d4        0xc 
 .text.puts     0x00000000000137e0       0x1c C:/devkitPro/devkitA64/bin/../lib/gcc/aarch64-none-elf/15.1.0/../../../../aarch64-none-elf/lib/pic\libg.a(libc_a-puts.o)
                0x00000000000137e0                puts
 *fill*         0x00000000000137fc        0x4 
 .text          0x0000000000013800      0x22c C:/devkitPro/devkitA64/bin/../lib/gcc/aarch64-none-elf/15.1.0/../../../../aarch64-none-elf/lib/pic\libg.a(libc_a-memcpy.o)
                0x0000000000013800                memcpy
                0x0000000000013800                memmove
 *fill*         0x0000000000013a2c       0x14 
 .text.putchar  0x0000000000013a40       0x20 C:/devkitPro/devkitA64/bin/../lib/gcc/aarch64-none-elf/15.1.0/../../../../aarch64-none-elf/lib/pic\libg.a(libc_a-putchar.o)
                0x0000000000013a40                putchar
 .text._malloc_r
                0x0000000000013a60      0x840 C:/devkitPro/devkitA64/bin/../lib/gcc/aarch64-none-elf/15.1.0/../../../../aarch64-none-elf/lib/pic\libg.a(libc_a-mallocr.o)
                0x0000000000013a60                _malloc_r
 .text._malloc_trim_r
                0x00000000000142a0      0x11c C:/devkitPro/devkitA64/bin/../lib/gcc/aarch64-none-elf/15.1.0/../../../../aarch64-none-elf/lib/pic\libg.a(libc_a-freer.o)
                0x00000000000142a0                _malloc_trim_r
 *fill*         0x00000000000143bc        0x4 
 .text._free_r  0x00000000000143c0      0x2d8 C:/devkitPro/devkitA64/bin/../lib/gcc/aarch64-none-elf/15.1.0/../../../../aarch64-none-elf/lib/pic\libg.a(libc_a-freer.o)
                0x00000000000143c0                _free_r
 *fill*         0x0000000000014698        0x8 
 .text.printf   0x00000000000146a0       0x80 C:/devkitPro/devkitA64/bin/../lib/gcc/aarch64-none-elf/15.1.0/../../../../aarch64-none-elf/lib/pic\libg.a(libc_a-printf.o)
                0x00000000000146a0                printf
 .text.atoi     0x0000000000014720       0x1c C:/devkitPro/devkitA64/bin/../lib/gcc/aarch64-none-elf/15.1.0/../../../../aarch64-none-elf/lib/pic\libg.a(libc_a-atoi.o)
                0x0000000000014720                atoi
 *fill*         0x000000000001473c        0x4 
 .text._strtol_l.part.0
                0x0000000000014740      0x2c0 C:/devkitPro/devkitA64/bin/../lib/gcc/aarch64-none-elf/15.1.0/../../../../aarch64-none-elf/lib/pic\libg.a(libc_a-strtol.o)
 .text._strtol_r
                0x0000000000014a00       0x70 C:/devkitPro/devkitA64/bin/../lib/gcc/aarch64-none-elf/15.1.0/../../../../aarch64-none-elf/lib/pic\libg.a(libc_a-strtol.o)
                0x0000000000014a00                _strtol_r
 *fill*         0x0000000000014a70       0x10 
 .text.strtol   0x0000000000014a80       0x78 C:/devkitPro/devkitA64/bin/../lib/gcc/aarch64-none-elf/15.1.0/../../../../aarch64-none-elf/lib/pic\libg.a(libc_a-strtol.o)
                0x0000000000014a80                strtol
 *fill*         0x0000000000014af8        0x8 
 .text.malloc   0x0000000000014b00       0x38 C:/devkitPro/devkitA64/bin/../lib/gcc/aarch64-none-elf/15.1.0/../../../../aarch64-none-elf/lib/pic\libg.a(libc_a-malloc.o)
                0x0000000000014b00                malloc
 *fill*         0x0000000000014b38        0x8 
 .text.free     0x0000000000014b40       0x1c C:/devkitPro/devkitA64/bin/../lib/gcc/aarch64-none-elf/15.1.0/../../../../aarch64-none-elf/lib/pic\libg.a(libc_a-malloc.o)
                0x0000000000014b40                free
 *fill*         0x0000000000014b5c        0x4 
 .text.__sflush_r
                0x0000000000014b60      0x1ec C:/devkitPro/devkitA64/bin/../lib/gcc/aarch64-none-elf/15.1.0/../../../../aarch64-none-elf/lib/pic\libg.a(libc_a-fflush.o)
                0x0000000000014b60                __sflush_r
 *fill*         0x0000000000014d4c       0x14 
 .text._fflush_r
                0x0000000000014d60       0xbc C:/devkitPro/devkitA64/bin/../lib/gcc/aarch64-none-elf/15.1.0/../../../../aarch64-none-elf/lib/pic\libg.a(libc_a-fflush.o)
                0x0000000000014d60                _fflush_r
 *fill*         0x0000000000014e1c        0x4 
 .text.lflush   0x0000000000014e20       0x38 C:/devkitPro/devkitA64/bin/../lib/gcc/aarch64-none-elf/15.1.0/../../../../aarch64-none-elf/lib/pic\libg.a(libc_a-refill.o)
 *fill*         0x0000000000014e58        0x8 
 .text.__srefill_r
                0x0000000000014e60      0x190 C:/devkitPro/devkitA64/bin/../lib/gcc/aarch64-none-elf/15.1.0/../../../../aarch64-none-elf/lib/pic\libg.a(libc_a-refill.o)
                0x0000000000014e60                __srefill_r
 *fill*         0x0000000000014ff0       0x10 
 .text.__swhatbuf_r
                0x0000000000015000       0xb0 C:/devkitPro/devkitA64/bin/../lib/gcc/aarch64-none-elf/15.1.0/../../../../aarch64-none-elf/lib/pic\libg.a(libc_a-makebuf.o)
                0x0000000000015000                __swhatbuf_r
 *fill*         0x00000000000150b0       0x10 
 .text.__smakebuf_r
                0x00000000000150c0       0xe8 C:/devkitPro/devkitA64/bin/../lib/gcc/aarch64-none-elf/15.1.0/../../../../aarch64-none-elf/lib/pic\libg.a(libc_a-makebuf.o)
                0x00000000000150c0                __smakebuf_r
 *fill*         0x00000000000151a8       0x18 
 .text.gmtime   0x00000000000151c0       0x28 C:/devkitPro/devkitA64/bin/../lib/gcc/aarch64-none-elf/15.1.0/../../../../aarch64-none-elf/lib/pic\libg.a(libc_a-gmtime.o)
                0x00000000000151c0                gmtime
 *fill*         0x00000000000151e8       0x18 
 .text          0x0000000000015200      0x130 C:/devkitPro/devkitA64/bin/../lib/gcc/aarch64-none-elf/15.1.0/../../../../aarch64-none-elf/lib/pic\libg.a(libc_a-strlen.o)
                0x0000000000015200                strlen
 *fill*         0x0000000000015330       0x10 
 .text          0x0000000000015340       0xb8 C:/devkitPro/devkitA64/bin/../lib/gcc/aarch64-none-elf/15.1.0/../../../../aarch64-none-elf/lib/pic\libg.a(libc_a-strnlen.o)
                0x0000000000015340                strnlen
 *fill*         0x00000000000153f8        0x8 
 .text.__malloc_lock
                0x0000000000015400        0xc C:/devkitPro/devkitA64/bin/../lib/gcc/aarch64-none-elf/15.1.0/../../../../aarch64-none-elf/lib/pic\libg.a(libc_a-mlock.o)
                0x0000000000015400                __malloc_lock
 *fill*         0x000000000001540c       0x14 
 .text.__malloc_unlock
                0x0000000000015420        0xc C:/devkitPro/devkitA64/bin/../lib/gcc/aarch64-none-elf/15.1.0/../../../../aarch64-none-elf/lib/pic\libg.a(libc_a-mlock.o)
                0x0000000000015420                __malloc_unlock
 *fill*         0x000000000001542c       0x14 
 .text._setenv_r
                0x0000000000015440      0x258 C:/devkitPro/devkitA64/bin/../lib/gcc/aarch64-none-elf/15.1.0/../../../../aarch64-none-elf/lib/pic\libg.a(libc_a-setenv_r.o)
                0x0000000000015440                _setenv_r
 *fill*         0x0000000000015698        0x8 
 .text.__call_exitprocs
                0x00000000000156a0        0x4 C:/devkitPro/devkitA64/bin/../lib/gcc/aarch64-none-elf/15.1.0/../../../../aarch64-none-elf/lib/pic\libg.a(libc_a-exit.o)
                0x00000000000156a0                __call_exitprocs
 *fill*         0x00000000000156a4       0x1c 
 .text.setvbuf  0x00000000000156c0      0x278 C:/devkitPro/devkitA64/bin/../lib/gcc/aarch64-none-elf/15.1.0/../../../../aarch64-none-elf/lib/pic\libg.a(libc_a-setvbuf.o)
                0x00000000000156c0                setvbuf
 *fill*         0x0000000000015938        0x8 
 .text._fopen_r
                0x0000000000015940      0x120 C:/devkitPro/devkitA64/bin/../lib/gcc/aarch64-none-elf/15.1.0/../../../../aarch64-none-elf/lib/pic\libg.a(libc_a-fopen.o)
                0x0000000000015940                _fopen_r
 .text.fopen    0x0000000000015a60       0x2c C:/devkitPro/devkitA64/bin/../lib/gcc/aarch64-none-elf/15.1.0/../../../../aarch64-none-elf/lib/pic\libg.a(libc_a-fopen.o)
                0x0000000000015a60                fopen
 *fill*         0x0000000000015a8c       0x14 
 .text.strncpy  0x0000000000015aa0       0xac C:/devkitPro/devkitA64/bin/../lib/gcc/aarch64-none-elf/15.1.0/../../../../aarch64-none-elf/lib/pic\libg.a(libc_a-strncpy.o)
                0x0000000000015aa0                strncpy
 *fill*         0x0000000000015b4c       0x14 
 .text.sscanf   0x0000000000015b60       0xb0 C:/devkitPro/devkitA64/bin/../lib/gcc/aarch64-none-elf/15.1.0/../../../../aarch64-none-elf/lib/pic\libg.a(libc_a-sscanf.o)
                0x0000000000015b60                sscanf
 *fill*         0x0000000000015c10       0x10 
 .text.__sfvwrite_r
                0x0000000000015c20      0x4a4 C:/devkitPro/devkitA64/bin/../lib/gcc/aarch64-none-elf/15.1.0/../../../../aarch64-none-elf/lib/pic\libg.a(libc_a-fvwrite.o)
                0x0000000000015c20                __sfvwrite_r
 *fill*         0x00000000000160c4       0x1c 
 .text.__sread  0x00000000000160e0       0x4c C:/devkitPro/devkitA64/bin/../lib/gcc/aarch64-none-elf/15.1.0/../../../../aarch64-none-elf/lib/pic\libg.a(libc_a-stdio.o)
                0x00000000000160e0                __sread
 *fill*         0x000000000001612c       0x14 
 .text.__seofread
                0x0000000000016140        0x8 C:/devkitPro/devkitA64/bin/../lib/gcc/aarch64-none-elf/15.1.0/../../../../aarch64-none-elf/lib/pic\libg.a(libc_a-stdio.o)
                0x0000000000016140                __seofread
 *fill*         0x0000000000016148       0x18 
 .text.__swrite
                0x0000000000016160       0x70 C:/devkitPro/devkitA64/bin/../lib/gcc/aarch64-none-elf/15.1.0/../../../../aarch64-none-elf/lib/pic\libg.a(libc_a-stdio.o)
                0x0000000000016160                __swrite
 *fill*         0x00000000000161d0       0x10 
 .text.__sseek  0x00000000000161e0       0x50 C:/devkitPro/devkitA64/bin/../lib/gcc/aarch64-none-elf/15.1.0/../../../../aarch64-none-elf/lib/pic\libg.a(libc_a-stdio.o)
                0x00000000000161e0                __sseek
 *fill*         0x0000000000016230       0x10 
 .text.__sclose
                0x0000000000016240        0x8 C:/devkitPro/devkitA64/bin/../lib/gcc/aarch64-none-elf/15.1.0/../../../../aarch64-none-elf/lib/pic\libg.a(libc_a-stdio.o)
                0x0000000000016240                __sclose
 *fill*         0x0000000000016248       0x18 
 .text.__env_lock
                0x0000000000016260        0xc C:/devkitPro/devkitA64/bin/../lib/gcc/aarch64-none-elf/15.1.0/../../../../aarch64-none-elf/lib/pic\libg.a(libc_a-envlock.o)
                0x0000000000016260                __env_lock
 *fill*         0x000000000001626c       0x14 
 .text.__env_unlock
                0x0000000000016280        0xc C:/devkitPro/devkitA64/bin/../lib/gcc/aarch64-none-elf/15.1.0/../../../../aarch64-none-elf/lib/pic\libg.a(libc_a-envlock.o)
                0x0000000000016280                __env_unlock
 *fill*         0x000000000001628c       0x14 
 .text.gmtime_r
                0x00000000000162a0      0x2a0 C:/devkitPro/devkitA64/bin/../lib/gcc/aarch64-none-elf/15.1.0/../../../../aarch64-none-elf/lib/pic\libg.a(libc_a-gmtime_r.o)
                0x00000000000162a0                gmtime_r
 .text._memalign_r
                0x0000000000016540      0x18c C:/devkitPro/devkitA64/bin/../lib/gcc/aarch64-none-elf/15.1.0/../../../../aarch64-none-elf/lib/pic\libg.a(libc_a-malignr.o)
                0x0000000000016540                _memalign_r
 *fill*         0x00000000000166cc       0x14 
 .text._putc_r  0x00000000000166e0       0xe4 C:/devkitPro/devkitA64/bin/../lib/gcc/aarch64-none-elf/15.1.0/../../../../aarch64-none-elf/lib/pic\libg.a(libc_a-putc.o)
                0x00000000000166e0                _putc_r
 *fill*         0x00000000000167c4       0x3c 
 .text          0x0000000000016800       0xcc C:/devkitPro/devkitA64/bin/../lib/gcc/aarch64-none-elf/15.1.0/../../../../aarch64-none-elf/lib/pic\libg.a(libc_a-strchr.o)
                0x0000000000016800                strchr
 .text.get_arg  0x00000000000168cc      0x790 C:/devkitPro/devkitA64/bin/../lib/gcc/aarch64-none-elf/15.1.0/../../../../aarch64-none-elf/lib/pic\libg.a(libc_a-vfprintf.o)
 .text._vfprintf_r
                0x000000000001705c     0x3bd4 C:/devkitPro/devkitA64/bin/../lib/gcc/aarch64-none-elf/15.1.0/../../../../aarch64-none-elf/lib/pic\libg.a(libc_a-vfprintf.o)
                0x000000000001705c                _vfprintf_r
 .text.__sbprintf
                0x000000000001ac30       0xd0 C:/devkitPro/devkitA64/bin/../lib/gcc/aarch64-none-elf/15.1.0/../../../../aarch64-none-elf/lib/pic\libg.a(libc_a-vfprintf.o)
 .text._fseek_r
                0x000000000001ad00        0x4 C:/devkitPro/devkitA64/bin/../lib/gcc/aarch64-none-elf/15.1.0/../../../../aarch64-none-elf/lib/pic\libg.a(libc_a-fseek.o)
                0x000000000001ad00                _fseek_r
 *fill*         0x000000000001ad04       0x1c 
 .text.quorem   0x000000000001ad20      0x1a4 C:/devkitPro/devkitA64/bin/../lib/gcc/aarch64-none-elf/15.1.0/../../../../aarch64-none-elf/lib/pic\libg.a(libc_a-dtoa.o)
 *fill*         0x000000000001aec4       0x1c 
 .text._dtoa_r  0x000000000001aee0     0x1320 C:/devkitPro/devkitA64/bin/../lib/gcc/aarch64-none-elf/15.1.0/../../../../aarch64-none-elf/lib/pic\libg.a(libc_a-dtoa.o)
                0x000000000001aee0                _dtoa_r
 .text._wcrtomb_r
                0x000000000001c200       0xd0 C:/devkitPro/devkitA64/bin/../lib/gcc/aarch64-none-elf/15.1.0/../../../../aarch64-none-elf/lib/pic\libg.a(libc_a-wcrtomb.o)
                0x000000000001c200                _wcrtomb_r
 *fill*         0x000000000001c2d0       0x10 
 .text.__sflags
                0x000000000001c2e0       0xb8 C:/devkitPro/devkitA64/bin/../lib/gcc/aarch64-none-elf/15.1.0/../../../../aarch64-none-elf/lib/pic\libg.a(libc_a-flags.o)
                0x000000000001c2e0                __sflags
 *fill*         0x000000000001c398        0x8 
 .text.__libc_fini_array
                0x000000000001c3a0       0x44 C:/devkitPro/devkitA64/bin/../lib/gcc/aarch64-none-elf/15.1.0/../../../../aarch64-none-elf/lib/pic\libg.a(libc_a-fini.o)
                0x000000000001c3a0                __libc_fini_array
 *fill*         0x000000000001c3e4       0x1c 
 .text._findenv_r
                0x000000000001c400       0xf4 C:/devkitPro/devkitA64/bin/../lib/gcc/aarch64-none-elf/15.1.0/../../../../aarch64-none-elf/lib/pic\libg.a(libc_a-getenv_r.o)
                0x000000000001c400                _findenv_r
 *fill*         0x000000000001c4f4        0xc 
 .text._realloc_r
                0x000000000001c500      0x568 C:/devkitPro/devkitA64/bin/../lib/gcc/aarch64-none-elf/15.1.0/../../../../aarch64-none-elf/lib/pic\libg.a(libc_a-reallocr.o)
                0x000000000001c500                _realloc_r
 .text.get_arg  0x000000000001ca68       0x74 C:/devkitPro/devkitA64/bin/../lib/gcc/aarch64-none-elf/15.1.0/../../../../aarch64-none-elf/lib/pic\libg.a(libc_a-svfscanf.o)
 .text.__ssvfscanf_r
                0x000000000001cadc     0x3260 C:/devkitPro/devkitA64/bin/../lib/gcc/aarch64-none-elf/15.1.0/../../../../aarch64-none-elf/lib/pic\libg.a(libc_a-svfscanf.o)
                0x000000000001cadc                __ssvfscanf_r
 *fill*         0x000000000001fd3c        0x4 
 .text._strtoull_l.isra.0
                0x000000000001fd40      0x1a4 C:/devkitPro/devkitA64/bin/../lib/gcc/aarch64-none-elf/15.1.0/../../../../aarch64-none-elf/lib/pic\libg.a(libc_a-strtoull.o)
 *fill*         0x000000000001fee4       0x1c 
 .text._strtoull_r
                0x000000000001ff00       0x34 C:/devkitPro/devkitA64/bin/../lib/gcc/aarch64-none-elf/15.1.0/../../../../aarch64-none-elf/lib/pic\libg.a(libc_a-strtoull.o)
                0x000000000001ff00                _strtoull_r
 *fill*         0x000000000001ff34        0xc 
 .text._wcsrtombs_r
                0x000000000001ff40       0x10 C:/devkitPro/devkitA64/bin/../lib/gcc/aarch64-none-elf/15.1.0/../../../../aarch64-none-elf/lib/pic\libg.a(libc_a-wcsrtombs.o)
                0x000000000001ff40                _wcsrtombs_r
 *fill*         0x000000000001ff50       0x10 
 .text._mbrtowc_r
                0x000000000001ff60       0xd8 C:/devkitPro/devkitA64/bin/../lib/gcc/aarch64-none-elf/15.1.0/../../../../aarch64-none-elf/lib/pic\libg.a(libc_a-mbrtowc.o)
                0x000000000001ff60                _mbrtowc_r
 *fill*         0x0000000000020038        0x8 
 .text.__swsetup_r
                0x0000000000020040      0x12c C:/devkitPro/devkitA64/bin/../lib/gcc/aarch64-none-elf/15.1.0/../../../../aarch64-none-elf/lib/pic\libg.a(libc_a-wsetup.o)
                0x0000000000020040                __swsetup_r
 *fill*         0x000000000002016c       0x14 
 .text.nanf     0x0000000000020180        0xc C:/devkitPro/devkitA64/bin/../lib/gcc/aarch64-none-elf/15.1.0/../../../../aarch64-none-elf/lib/pic\libg.a(libm_a-sf_nan.o)
                0x0000000000020180                nanf
 *fill*         0x000000000002018c       0x14 
 .text.frexp    0x00000000000201a0       0x7c C:/devkitPro/devkitA64/bin/../lib/gcc/aarch64-none-elf/15.1.0/../../../../aarch64-none-elf/lib/pic\libg.a(libm_a-s_frexp.o)
                0x00000000000201a0                frexp
 *fill*         0x000000000002021c        0x4 
 .text.__assert_func
                0x0000000000020220       0x64 C:/devkitPro/devkitA64/bin/../lib/gcc/aarch64-none-elf/15.1.0/../../../../aarch64-none-elf/lib/pic\libg.a(libc_a-assert.o)
                0x0000000000020220                __assert_func
 *fill*         0x0000000000020284       0x1c 
 .text._Balloc  0x00000000000202a0       0xa4 C:/devkitPro/devkitA64/bin/../lib/gcc/aarch64-none-elf/15.1.0/../../../../aarch64-none-elf/lib/pic\libg.a(libc_a-mprec.o)
                0x00000000000202a0                _Balloc
 *fill*         0x0000000000020344       0x1c 
 .text._Bfree   0x0000000000020360       0x20 C:/devkitPro/devkitA64/bin/../lib/gcc/aarch64-none-elf/15.1.0/../../../../aarch64-none-elf/lib/pic\libg.a(libc_a-mprec.o)
                0x0000000000020360                _Bfree
 .text.__multadd